ARM Linker, 5.03 [Build 76] [MDK-ARM Standard]

==============================================================================

Section Cross References

    main.o(i.AliveEvent) refers to ili93xx.o(i.LCD_ShowNum) for LCD_ShowNum
    main.o(i.AliveEvent) refers to main.o(.data) for devQu
    main.o(i.AliveEvent) refers to main.o(.bss) for reip
    main.o(i.Broadcast) refers to main.o(i.ConnectSend) for ConnectSend
    main.o(i.BroadcastCode) refers to main.o(i.ConnectSendCode) for ConnectSendCode
    main.o(i.ConnectSend) refers to printf8.o(i.__0sprintf$8) for __2sprintf
    main.o(i.ConnectSend) refers to uart.o(i.UART_SendString) for UART_SendString
    main.o(i.ConnectSendCode) refers to printf8.o(i.__0sprintf$8) for __2sprintf
    main.o(i.ConnectSendCode) refers to strcat.o(.text) for strcat
    main.o(i.ConnectSendCode) refers to uart.o(i.UART_SendString) for UART_SendString
    main.o(i.DeErrEvent) refers to memseta.o(.text) for __aeabi_memclr4
    main.o(i.DeErrEvent) refers to strstr.o(.text) for strstr
    main.o(i.DeErrEvent) refers to atoi.o(.text) for atoi
    main.o(i.DeErrEvent) refers to ili93xx.o(i.LCD_Fill) for LCD_Fill
    main.o(i.DeErrEvent) refers to ili93xx.o(i.LCD_ShowString) for LCD_ShowString
    main.o(i.DeErrEvent) refers to main.o(.data) for getid
    main.o(i.DeErrEvent) refers to main.o(.bss) for id
    main.o(i.DeErrEvent) refers to uartprotocol.o(.data) for packlen
    main.o(i.DeErrEvent) refers to timer.o(.constdata) for Timer
    main.o(i.GetDataEvent) refers to main.o(.data) for cm2
    main.o(i.GetIPIDCmd) refers to main.o(.data) for getid
    main.o(i.GetIPIDCmd) refers to uart.o(.constdata) for UART
    main.o(i.SetDataEvent) refers to main.o(.data) for lastSetId
    main.o(i.keyTick) refers to key.o(i.KEY_Scan) for KEY_Scan
    main.o(i.keyTick) refers to ili93xx.o(i.LCD_Fill) for LCD_Fill
    main.o(i.keyTick) refers to main.o(i.ConnectSendCode) for ConnectSendCode
    main.o(i.keyTick) refers to main.o(i.GetIPIDCmd) for GetIPIDCmd
    main.o(i.keyTick) refers to main.o(.data) for devQu
    main.o(i.main) refers to sys.o(i.Stm32_Clock_Init) for Stm32_Clock_Init
    main.o(i.main) refers to delay.o(i.delay_init) for delay_init
    main.o(i.main) refers to key.o(i.KEY_Init) for KEY_Init
    main.o(i.main) refers to led.o(i.LED_Init) for LED_Init
    main.o(i.main) refers to wave.o(i.WaveInit) for WaveInit
    main.o(i.main) refers to ili93xx.o(i.LCD_Init) for LCD_Init
    main.o(i.main) refers to delay.o(i.delay_ms) for delay_ms
    main.o(i.main) refers to ili93xx.o(i.LCD_ShowString) for LCD_ShowString
    main.o(i.main) refers to timer.o(.constdata) for Timer
    main.o(i.main) refers to uart.o(.constdata) for UART
    main.o(i.main) refers to uartprotocol.o(i.OnRecvData) for OnRecvData
    main.o(i.main) refers to uartprotocol.o(.constdata) for UartProtocol
    main.o(i.main) refers to main.o(.bss) for buffdata
    main.o(i.main) refers to main.o(i.AliveEvent) for AliveEvent
    main.o(i.main) refers to main.o(i.GetDataEvent) for GetDataEvent
    main.o(i.main) refers to main.o(i.SetDataEvent) for SetDataEvent
    main.o(i.main) refers to main.o(i.DeErrEvent) for DeErrEvent
    main.o(i.main) refers to main.o(i.keyTick) for keyTick
    main.o(i.main) refers to main.o(i.showRefresh) for showRefresh
    main.o(i.main) refers to main.o(i.ones) for ones
    main.o(i.main) refers to main.o(.data) for onesid
    main.o(i.mpu6050_send_data) refers to main.o(i.usart1_niming_report) for usart1_niming_report
    main.o(i.ones) refers to main.o(i.GetIPIDCmd) for GetIPIDCmd
    main.o(i.usart1_niming_report) refers to main.o(i.usart1_send_char) for usart1_send_char
    main.o(i.usart1_report_imu) refers to main.o(i.usart1_niming_report) for usart1_niming_report
    startup_stm32f10x_md.o(RESET) refers to startup_stm32f10x_md.o(STACK) for __initial_sp
    startup_stm32f10x_md.o(RESET) refers to startup_stm32f10x_md.o(.text) for Reset_Handler
    startup_stm32f10x_md.o(RESET) refers to timer.o(i.SysTick_Handler) for SysTick_Handler
    startup_stm32f10x_md.o(RESET) refers to wave.o(i.TIM3_IRQHandler) for TIM3_IRQHandler
    startup_stm32f10x_md.o(RESET) refers to uart.o(i.USART1_IRQHandler) for USART1_IRQHandler
    startup_stm32f10x_md.o(.text) refers to entry.o(.ARM.Collect$$$$00000000) for __main
    wave.o(i.GetWaveTime) refers to delay.o(i.delay_us) for delay_us
    wave.o(i.GetWaveTime) refers to delay.o(i.delay_ms) for delay_ms
    wave.o(i.GetWaveTime) refers to wave.o(.data) for TIM3CH3_CAPTURE_STA
    wave.o(i.TIM3CapInit) refers to sys.o(i.MY_NVIC_Init) for MY_NVIC_Init
    wave.o(i.TIM3_IRQHandler) refers to wave.o(.data) for TIM3CH3_CAPTURE_STA
    wave.o(i.Time2Length) refers to ffltui.o(.text) for __aeabi_ui2f
    wave.o(i.Time2Length) refers to f2d.o(.text) for __aeabi_f2d
    wave.o(i.Time2Length) refers to dmul.o(.text) for __aeabi_dmul
    wave.o(i.Time2Length) refers to ddiv.o(.text) for __aeabi_ddiv
[...]
    printf7.o(i.__0printf$7) refers to fputc.o(i.fputc) for fputc
    printf7.o(i.__0printf$7) refers to stdout.o(.data) for __stdout
    printf7.o(i.__0snprintf$7) refers to printf7.o(i._printf_core) for _printf_core
    printf7.o(i.__0snprintf$7) refers to printf7.o(i._snputc) for _snputc
    printf7.o(i.__0sprintf$7) refers to printf7.o(i._printf_core) for _printf_core
    printf7.o(i.__0sprintf$7) refers to printf7.o(i._sputc) for _sputc
    printf7.o(i.__0vfprintf$7) refers to printf7.o(i._printf_core) for _printf_core
    printf7.o(i.__0vfprintf$7) refers to fputc.o(i.fputc) for fputc
    printf7.o(i.__0vprintf$7) refers to printf7.o(i._printf_core) for _printf_core
    printf7.o(i.__0vprintf$7) refers to fputc.o(i.fputc) for fputc
    printf7.o(i.__0vprintf$7) refers to stdout.o(.data) for __stdout
    printf7.o(i.__0vsnprintf$7) refers to printf7.o(i._printf_core) for _printf_core
    printf7.o(i.__0vsnprintf$7) refers to printf7.o(i._snputc) for _snputc
    printf7.o(i.__0vsprintf$7) refers to printf7.o(i._printf_core) for _printf_core
    printf7.o(i.__0vsprintf$7) refers to printf7.o(i._sputc) for _sputc
    printf7.o(i._printf_core) refers to printf7.o(i._printf_pre_padding) for _printf_pre_padding
    printf7.o(i._printf_core) refers to uldiv.o(.text) for __aeabi_uldivmod
    printf7.o(i._printf_core) refers to printf7.o(i._printf_post_padding) for _printf_post_padding
    printf8.o(i.__0fprintf$8) refers to printf8.o(i._printf_core) for _printf_core
    printf8.o(i.__0fprintf$8) refers to fputc.o(i.fputc) for fputc
    printf8.o(i.__0printf$8) refers to printf8.o(i._printf_core) for _printf_core
    printf8.o(i.__0printf$8) refers to fputc.o(i.fputc) for fputc
    printf8.o(i.__0printf$8) refers to stdout.o(.data) for __stdout
    printf8.o(i.__0snprintf$8) refers to printf8.o(i._printf_core) for _printf_core
    printf8.o(i.__0snprintf$8) refers to printf8.o(i._snputc) for _snputc
    printf8.o(i.__0sprintf$8) refers to printf8.o(i._printf_core) for _printf_core
    printf8.o(i.__0sprintf$8) refers to printf8.o(i._sputc) for _sputc
    printf8.o(i.__0vfprintf$8) refers to printf8.o(i._printf_core) for _printf_core
    printf8.o(i.__0vfprintf$8) refers to fputc.o(i.fputc) for fputc
    printf8.o(i.__0vprintf$8) refers to printf8.o(i._printf_core) for _printf_core
    printf8.o(i.__0vprintf$8) refers to fputc.o(i.fputc) for fputc
    printf8.o(i.__0vprintf$8) refers to stdout.o(.data) for __stdout
    printf8.o(i.__0vsnprintf$8) refers to printf8.o(i._printf_core) for _printf_core
    printf8.o(i.__0vsnprintf$8) refers to printf8.o(i._snputc) for _snputc
    printf8.o(i.__0vsprintf$8) refers to printf8.o(i._printf_core) for _printf_core
    printf8.o(i.__0vsprintf$8) refers to printf8.o(i._sputc) for _sputc
    printf8.o(i._printf_core) refers to printf8.o(i._printf_pre_padding) for _printf_pre_padding
    printf8.o(i._printf_core) refers to uldiv.o(.text) for __aeabi_uldivmod
    printf8.o(i._printf_core) refers to printf8.o(i._printf_post_padding) for _printf_post_padding
    printfa.o(i.__0fprintf) refers (Special) to iusefp.o(.text) for __I$use$fp
    printfa.o(i.__0fprintf) refers to printfa.o(i._printf_core) for _printf_core
    printfa.o(i.__0fprintf) refers to fputc.o(i.fputc) for fputc
    printfa.o(i.__0printf) refers (Special) to iusefp.o(.text) for __I$use$fp
    printfa.o(i.__0printf) refers to printfa.o(i._printf_core) for _printf_core
    printfa.o(i.__0printf) refers to fputc.o(i.fputc) for fputc
    printfa.o(i.__0printf) refers to stdout.o(.data) for __stdout
    printfa.o(i.__0snprintf) refers (Special) to iusefp.o(.text) for __I$use$fp
    printfa.o(i.__0snprintf) refers to printfa.o(i._printf_core) for _printf_core
    printfa.o(i.__0snprintf) refers to printfa.o(i._snputc) for _snputc
    printfa.o(i.__0sprintf) refers (Special) to iusefp.o(.text) for __I$use$fp
    printfa.o(i.__0sprintf) refers to printfa.o(i._printf_core) for _printf_core
    printfa.o(i.__0sprintf) refers to printfa.o(i._sputc) for _sputc
    printfa.o(i.__0vfprintf) refers (Special) to iusefp.o(.text) for __I$use$fp
    printfa.o(i.__0vfprintf) refers to printfa.o(i._printf_core) for _printf_core
    printfa.o(i.__0vfprintf) refers to fputc.o(i.fputc) for fputc
    printfa.o(i.__0vprintf) refers (Special) to iusefp.o(.text) for __I$use$fp
    printfa.o(i.__0vprintf) refers to printfa.o(i._printf_core) for _printf_core
    printfa.o(i.__0vprintf) refers to fputc.o(i.fputc) for fputc
    printfa.o(i.__0vprintf) refers to stdout.o(.data) for __stdout
    printfa.o(i.__0vsnprintf) refers (Special) to iusefp.o(.text) for __I$use$fp
    printfa.o(i.__0vsnprintf) refers to printfa.o(i._printf_core) for _printf_core
    printfa.o(i.__0vsnprintf) refers to printfa.o(i._snputc) for _snputc
    printfa.o(i.__0vsprintf) refers (Special) to iusefp.o(.text) for __I$use$fp
    printfa.o(i.__0vsprintf) refers to printfa.o(i._printf_core) for _printf_core
    printfa.o(i.__0vsprintf) refers to printfa.o(i._sputc) for _sputc
    printfa.o(i._fp_digits) refers (Special) to iusefp.o(.text) for __I$use$fp
    printfa.o(i._fp_digits) refers to dmul.o(.text) for __aeabi_dmul
    printfa.o(i._fp_digits) refers to ddiv.o(.text) for __aeabi_ddiv
    printfa.o(i._fp_digits) refers to cdrcmple.o(.text) for __aeabi_cdrcmple
    printfa.o(i._fp_digits) refers to dadd.o(.text) for __aeabi_dadd
    printfa.o(i._fp_digits) refers to dfixul.o(.text) for __aeabi_d2ulz
    printfa.o(i._fp_digits) refers to uldiv.o(.text) for __aeabi_uldivmod
    printfa.o(i._printf_core) refers (Special) to iusefp.o(.text) for __I$use$fp
    printfa.o(i._printf_core) refers to printfa.o(i._printf_pre_padding) for _printf_pre_padding
    printfa.o(i._printf_core) refers to uldiv.o(.text) for __aeabi_uldivmod
    printfa.o(i._printf_core) refers to printfa.o(i._printf_post_padding) for _printf_post_padding
    printfa.o(i._printf_core) refers to printfa.o(i._fp_digits) for _fp_digits
    printfa.o(i._printf_core) refers to uidiv.o(.text) for __aeabi_uidivmod
    printfa.o(i._printf_post_padding) refers (Special) to iusefp.o(.text) for __I$use$fp
    printfa.o(i._printf_pre_padding) refers (Special) to iusefp.o(.text) for __I$use$fp
    printfa.o(i._snputc) refers (Special) to iusefp.o(.text) for __I$use$fp
    printfa.o(i._sputc) refers (Special) to iusefp.o(.text) for __I$use$fp
    atoi.o(.text) refers to errno.o(i.__aeabi_errno_addr) for __aeabi_errno_addr
    atoi.o(.text) refers to strtol.o(.text) for strtol
    fadd.o(.text) refers (Special) to iusefp.o(.text) for __I$use$fp
    fadd.o(.text) refers to fepilogue.o(.text) for _float_epilogue
    fmul.o(.text) refers (Special) to iusefp.o(.text) for __I$use$fp
    fdiv.o(.text) refers (Special) to iusefp.o(.text) for __I$use$fp
    fdiv.o(.text) refers to fepilogue.o(.text) for _float_round
    dadd.o(.text) refers (Special) to iusefp.o(.text) for __I$use$fp
    dadd.o(.text) refers to llshl.o(.text) for __aeabi_llsl
    dadd.o(.text) refers to llsshr.o(.text) for __aeabi_lasr
    dadd.o(.text) refers to depilogue.o(.text) for _double_epilogue
    dmul.o(.text) refers (Special) to iusefp.o(.text) for __I$use$fp
    dmul.o(.text) refers to depilogue.o(.text) for _double_epilogue
    ddiv.o(.text) refers (Special) to iusefp.o(.text) for __I$use$fp
    ddiv.o(.text) refers to depilogue.o(.text) for _double_round
    fflti.o(.text) refers (Special) to iusefp.o(.text) for __I$use$fp
    fflti.o(.text) refers to fepilogue.o(.text) for _float_epilogue
    ffltui.o(.text) refers (Special) to iusefp.o(.text) for __I$use$fp
    ffltui.o(.text) refers to fepilogue.o(.text) for _float_epilogue
    dflti.o(.text) refers (Special) to iusefp.o(.text) for __I$use$fp
    dflti.o(.text) refers to depilogue.o(.text) for _double_epilogue
    ffixi.o(.text) refers (Special) to iusefp.o(.text) for __I$use$fp
    ffixui.o(.text) refers (Special) to iusefp.o(.text) for __I$use$fp
    dfixui.o(.text) refers (Special) to iusefp.o(.text) for __I$use$fp
    dfixui.o(.text) refers to llushr.o(.text) for __aeabi_llsr
    f2d.o(.text) refers (Special) to iusefp.o(.text) for __I$use$fp
    d2f.o(.text) refers (Special) to iusefp.o(.text) for __I$use$fp
    d2f.o(.text) refers to fepilogue.o(.text) for _float_round
    cfcmple.o(.text) refers (Special) to iusefp.o(.text) for __I$use$fp
    cfrcmple.o(.text) refers (Special) to iusefp.o(.text) for __I$use$fp
    atan.o(i.__softfp_atan) refers (Special) to iusefp.o(.text) for __I$use$fp
    atan.o(i.__softfp_atan) refers to atan.o(i.atan) for atan
    atan.o(i.atan) refers (Special) to iusefp.o(.text) for __I$use$fp
    atan.o(i.atan) refers to dscalb.o(.text) for __ARM_scalbn
    atan.o(i.atan) refers to fpclassify.o(i.__ARM_fpclassify) for __ARM_fpclassify
    atan.o(i.atan) refers to dunder.o(i.__mathlib_dbl_underflow) for __mathlib_dbl_underflow
    atan.o(i.atan) refers to dadd.o(.text) for __aeabi_dadd
    atan.o(i.atan) refers to ddiv.o(.text) for __aeabi_ddiv
    atan.o(i.atan) refers to dmul.o(.text) for __aeabi_dmul
    atan.o(i.atan) refers to poly.o(i.__kernel_poly) for __kernel_poly
    atan.o(i.atan) refers to atan.o(.constdata) for .constdata
    atan.o(.constdata) refers (Special) to iusefp.o(.text) for __I$use$fp
    atan_x.o(i.____softfp_atan$lsc) refers (Special) to iusefp.o(.text) for __I$use$fp
    atan_x.o(i.____softfp_atan$lsc) refers to atan_x.o(i.__atan$lsc) for __atan$lsc
    atan_x.o(i.__atan$lsc) refers (Special) to iusefp.o(.text) for __I$use$fp
    atan_x.o(i.__atan$lsc) refers to dscalb.o(.text) for __ARM_scalbn
    atan_x.o(i.__atan$lsc) refers to dadd.o(.text) for __aeabi_dadd
    atan_x.o(i.__atan$lsc) refers to ddiv.o(.text) for __aeabi_ddiv
    atan_x.o(i.__atan$lsc) refers to dmul.o(.text) for __aeabi_dmul
    atan_x.o(i.__atan$lsc) refers to poly.o(i.__kernel_poly) for __kernel_poly
    atan_x.o(i.__atan$lsc) refers to atan_x.o(.constdata) for .constdata
    atan_x.o(.constdata) refers (Special) to iusefp.o(.text) for __I$use$fp
    dunder.o(i.__mathlib_dbl_underflow) refers to dscalb.o(.text) for __ARM_scalbn
    fpclassify.o(i.__ARM_fpclassify) refers (Special) to iusefp.o(.text) for __I$use$fp
    poly.o(i.__kernel_poly) refers (Special) to iusefp.o(.text) for __I$use$fp
    poly.o(i.__kernel_poly) refers to dmul.o(.text) for __aeabi_dmul
    poly.o(i.__kernel_poly) refers to dadd.o(.text) for __aeabi_dadd
    qnan.o(.constdata) refers (Special) to iusefp.o(.text) for __I$use$fp
    sqrt.o(i.__softfp_sqrt) refers (Special) to iusefp.o(.text) for __I$use$fp
    sqrt.o(i.__softfp_sqrt) refers to dsqrt.o(.text) for _dsqrt
    sqrt.o(i.__softfp_sqrt) refers to errno.o(i.__set_errno) for __set_errno
    sqrt.o(i.sqrt) refers (Special) to iusefp.o(.text) for __I$use$fp
    sqrt.o(i.sqrt) refers to dsqrt.o(.text) for _dsqrt
    sqrt.o(i.sqrt) refers to errno.o(i.__set_errno) for __set_errno
    sqrt_x.o(i.____softfp_sqrt$lsc) refers (Special) to iusefp.o(.text) for __I$use$fp
    sqrt_x.o(i.____softfp_sqrt$lsc) refers to cdcmple.o(.text) for __aeabi_cdcmple
    sqrt_x.o(i.____softfp_sqrt$lsc) refers to errno.o(i.__set_errno) for __set_errno
    sqrt_x.o(i.____softfp_sqrt$lsc) refers to dsqrt.o(.text) for _dsqrt
    sqrt_x.o(i.__sqrt$lsc) refers (Special) to iusefp.o(.text) for __I$use$fp
    sqrt_x.o(i.__sqrt$lsc) refers to cdcmple.o(.text) for __aeabi_cdcmple
    sqrt_x.o(i.__sqrt$lsc) refers to errno.o(i.__set_errno) for __set_errno
    sqrt_x.o(i.__sqrt$lsc) refers to dsqrt.o(.text) for _dsqrt
    entry2.o(.ARM.Collect$$$$00000001) refers to entry2.o(.ARM.Collect$$$$00002712) for __lit__00000000
    entry2.o(.ARM.Collect$$$$00002712) refers to startup_stm32f10x_md.o(STACK) for __initial_sp
    entry2.o(__vectab_stack_and_reset_area) refers to startup_stm32f10x_md.o(STACK) for __initial_sp
    entry2.o(__vectab_stack_and_reset_area) refers to entry.o(.ARM.Collect$$$$00000000) for __main
    entry5.o(.ARM.Collect$$$$00000004) refers to init.o(.text) for __scatterload
    entry9a.o(.ARM.Collect$$$$0000000B) refers to main.o(i.main) for main
    entry9b.o(.ARM.Collect$$$$0000000C) refers to main.o(i.main) for main
    fputc.o(i.fputc) refers (Special) to iusesemip.o(.text) for __I$use$semihosting$fputc
    fputc.o(i.fputc) refers (Special) to semi.o(.text) for __semihosting_library_function
    uldiv.o(.text) refers to llushr.o(.text) for __aeabi_llsr
    uldiv.o(.text) refers to llshl.o(.text) for __aeabi_llsl
    errno.o(i.__aeabi_errno_addr) refers to errno.o(.data) for .data
    errno.o(i.__read_errno) refers to errno.o(.data) for .data
    errno.o(i.__set_errno) refers to errno.o(.data) for .data
    strtol.o(.text) refers to ctype_o.o(.text) for __rt_ctype_table
    strtol.o(.text) refers to _strtoul.o(.text) for _strtoul
    strtol.o(.text) refers to errno.o(i.__aeabi_errno_addr) for __aeabi_errno_addr
    depilogue.o(.text) refers to llshl.o(.text) for __aeabi_llsl
    depilogue.o(.text) refers to llushr.o(.text) for __aeabi_llsr
    dfixul.o(.text) refers to llushr.o(.text) for __aeabi_llsr
    dfixul.o(.text) refers to llshl.o(.text) for __aeabi_llsl
    init.o(.text) refers to entry5.o(.ARM.Collect$$$$00000004) for __main_after_scatterload
    ctype_o.o(.text) refers to ctype_o.o(.constdata) for .constdata
    ctype_o.o(.constdata) refers to ctype_o.o(.constdata) for __ctype_table
    isalnum_o.o(.text) refers to ctype_o.o(.text) for __rt_ctype_table
    isalpha_o.o(.text) refers to ctype_o.o(.text) for __rt_ctype_table
    isblank_o.o(.text) refers to ctype_o.o(.constdata) for __ctype_table
    iscntrl_o.o(.text) refers to ctype_o.o(.text) for __rt_ctype_table
    isdigit_o.o(.text) refers to ctype_o.o(.text) for __rt_ctype_table
    isgraph_o.o(.text) refers to ctype_o.o(.text) for __rt_ctype_table
    islower_o.o(.text) refers to ctype_o.o(.text) for __rt_ctype_table
    isprint_o.o(.text) refers to ctype_o.o(.text) for __rt_ctype_table
    ispunct_o.o(.text) refers to ctype_o.o(.text) for __rt_ctype_table
    isspace_o.o(.text) refers to ctype_o.o(.text) for __rt_ctype_table
    isupper_o.o(.text) refers to ctype_o.o(.text) for __rt_ctype_table
    isxdigit_o.o(.text) refers to ctype_o.o(.text) for __rt_ctype_table
    _strtoul.o(.text) refers to _chval.o(.text) for _chval
    _strtoul.o(.text) refers to errno.o(i.__aeabi_errno_addr) for __aeabi_errno_addr
    dsqrt.o(.text) refers to llushr.o(.text) for __aeabi_llsr
    dsqrt.o(.text) refers to depilogue.o(.text) for _double_round


==============================================================================

Removing Unused input sections from the image.

    Removing main.o(i.Broadcast), (36 bytes).
    Removing main.o(i.BroadcastCode), (44 bytes).
    Removing main.o(i.ConnectSend), (64 bytes).
    Removing main.o(i.ScanCmd), (2 bytes).
    Removing main.o(i.mpu6050_send_data), (110 bytes).
    Removing main.o(i.usart1_niming_report), (120 bytes).
    Removing main.o(i.usart1_report_imu), (192 bytes).
    Removing main.o(i.usart1_send_char), (24 bytes).
    Removing startup_stm32f10x_md.o(HEAP), (256 bytes).
    Removing wave.o(i.GetWaveTime), (172 bytes).
    Removing wave.o(i.Time2Length), (64 bytes).
    Removing delay.o(i.delay_sms), (30 bytes).
    Removing sys.o(.emb_text), (12 bytes).
    Removing sys.o(i.Ex_NVIC_Config), (160 bytes).
    Removing sys.o(i.JTAG_Set), (48 bytes).
    Removing sys.o(i.Sys_Soft_Reset), (16 bytes).
    Removing sys.o(i.Sys_Standby), (76 bytes).
    Removing ili93xx.o(i.LCD_BGR2RGB), (26 bytes).
    Removing ili93xx.o(i.LCD_Color_Fill), (96 bytes).
    Removing ili93xx.o(i.LCD_DisplayOff), (84 bytes).
    Removing ili93xx.o(i.LCD_DisplayOn), (84 bytes).
    Removing ili93xx.o(i.LCD_DrawLine), (176 bytes).
    Removing ili93xx.o(i.LCD_DrawRectangle), (60 bytes).
    Removing ili93xx.o(i.LCD_Draw_Circle), (152 bytes).
    Removing ili93xx.o(i.LCD_Fast_DrawPoint), (284 bytes).
    Removing ili93xx.o(i.LCD_ReadPoint), (364 bytes).
    Removing ili93xx.o(i.LCD_Set_Window), (388 bytes).
    Removing ili93xx.o(i.LCD_ShowxNum), (190 bytes).
    Removing ili93xx.o(i.LCD_WriteRAM), (12 bytes).
    Removing ili93xx.o(i.opt_delay), (14 bytes).
    Removing mpu6050.o(i.MPU_Get_Accelerometer), (80 bytes).
    Removing mpu6050.o(i.MPU_Get_Gyroscope), (80 bytes).
    Removing mpu6050.o(i.MPU_Get_Temperature), (104 bytes).
    Removing mpu6050.o(i.MPU_Init), (122 bytes).
    Removing mpu6050.o(i.MPU_Read_Byte), (58 bytes).
    Removing mpu6050.o(i.MPU_Read_Len), (116 bytes).
    Removing mpu6050.o(i.MPU_Set_Accel_Fsr), (16 bytes).
    Removing mpu6050.o(i.MPU_Set_Gyro_Fsr), (16 bytes).
    Removing mpu6050.o(i.MPU_Set_LPF), (58 bytes).
    Removing mpu6050.o(i.MPU_Set_Rate), (58 bytes).
    Removing mpu6050.o(i.MPU_Write_Byte), (68 bytes).
    Removing mpu6050.o(i.MPU_Write_Len), (96 bytes).
    Removing iic.o(i.IIC_Ack), (84 bytes).
    Removing iic.o(i.IIC_Init), (60 bytes).
    Removing iic.o(i.IIC_NAck), (84 bytes).
    Removing iic.o(i.IIC_Read_Byte), (116 bytes).
    Removing iic.o(i.IIC_Send_Byte), (112 bytes).
    Removing iic.o(i.IIC_Start), (80 bytes).
    Removing iic.o(i.IIC_Stop), (80 bytes).
    Removing iic.o(i.IIC_Wait_Ack), (104 bytes).
    Removing inv_mpu.o(i.accel_self_test), (164 bytes).
    Removing inv_mpu.o(i.get_accel_prod_shift), (180 bytes).
    Removing inv_mpu.o(i.get_st_biases), (1136 bytes).
    Removing inv_mpu.o(i.gyro_self_test), (268 bytes).
    Removing inv_mpu.o(i.inv_orientation_matrix_to_scalar), (40 bytes).
    Removing inv_mpu.o(i.inv_row_2_scale), (78 bytes).
    Removing inv_mpu.o(i.mget_ms), (2 bytes).
    Removing inv_mpu.o(i.mpu_configure_fifo), (112 bytes).
    Removing inv_mpu.o(i.mpu_dmp_get_data), (548 bytes).
    Removing inv_mpu.o(i.mpu_dmp_init), (156 bytes).
    Removing inv_mpu.o(i.mpu_get_accel_fsr), (76 bytes).
    Removing inv_mpu.o(i.mpu_get_accel_reg), (116 bytes).
    Removing inv_mpu.o(i.mpu_get_accel_sens), (84 bytes).
    Removing inv_mpu.o(i.mpu_get_compass_fsr), (8 bytes).
    Removing inv_mpu.o(i.mpu_get_compass_reg), (8 bytes).
    Removing inv_mpu.o(i.mpu_get_compass_sample_rate), (10 bytes).
    Removing inv_mpu.o(i.mpu_get_dmp_state), (20 bytes).
    Removing inv_mpu.o(i.mpu_get_fifo_config), (16 bytes).
    Removing inv_mpu.o(i.mpu_get_gyro_fsr), (68 bytes).
    Removing inv_mpu.o(i.mpu_get_gyro_reg), (116 bytes).
    Removing inv_mpu.o(i.mpu_get_gyro_sens), (80 bytes).
    Removing inv_mpu.o(i.mpu_get_int_status), (68 bytes).
    Removing inv_mpu.o(i.mpu_get_lpf), (80 bytes).
    Removing inv_mpu.o(i.mpu_get_power_state), (28 bytes).
    Removing inv_mpu.o(i.mpu_get_sample_rate), (32 bytes).
    Removing inv_mpu.o(i.mpu_get_temperature), (160 bytes).
    Removing inv_mpu.o(i.mpu_init), (496 bytes).
    Removing inv_mpu.o(i.mpu_load_firmware), (184 bytes).
    Removing inv_mpu.o(i.mpu_lp_accel_mode), (224 bytes).
    Removing inv_mpu.o(i.mpu_lp_motion_interrupt), (516 bytes).
    Removing inv_mpu.o(i.mpu_read_fifo), (504 bytes).
    Removing inv_mpu.o(i.mpu_read_fifo_stream), (192 bytes).
    Removing inv_mpu.o(i.mpu_read_mem), (128 bytes).
    Removing inv_mpu.o(i.mpu_read_reg), (72 bytes).
    Removing inv_mpu.o(i.mpu_reg_dump), (104 bytes).
    Removing inv_mpu.o(i.mpu_reset_fifo), (456 bytes).
    Removing inv_mpu.o(i.mpu_run_self_test), (284 bytes).
    Removing inv_mpu.o(i.mpu_set_accel_bias), (384 bytes).
    Removing inv_mpu.o(i.mpu_set_accel_fsr), (132 bytes).
    Removing inv_mpu.o(i.mpu_set_bypass), (332 bytes).
    Removing inv_mpu.o(i.mpu_set_compass_sample_rate), (8 bytes).
    Removing inv_mpu.o(i.mpu_set_dmp_state), (144 bytes).
    Removing inv_mpu.o(i.mpu_set_gyro_fsr), (136 bytes).
    Removing inv_mpu.o(i.mpu_set_int_latched), (108 bytes).
    Removing inv_mpu.o(i.mpu_set_int_level), (16 bytes).
    Removing inv_mpu.o(i.mpu_set_lpf), (132 bytes).
    Removing inv_mpu.o(i.mpu_set_sample_rate), (156 bytes).
    Removing inv_mpu.o(i.mpu_set_sensors), (208 bytes).
    Removing inv_mpu.o(i.mpu_write_mem), (128 bytes).
    Removing inv_mpu.o(i.run_self_test), (148 bytes).
    Removing inv_mpu.o(i.set_int_enable), (144 bytes).
    Removing inv_mpu.o(i.setup_compass), (6 bytes).
    Removing inv_mpu.o(.constdata), (157 bytes).
    Removing inv_mpu.o(.data), (53 bytes).
    Removing inv_mpu_dmp_motion_driver.o(i.decode_gesture), (100 bytes).
    Removing inv_mpu_dmp_motion_driver.o(i.dmp_enable_6x_lp_quat), (60 bytes).
    Removing inv_mpu_dmp_motion_driver.o(i.dmp_enable_feature), (540 bytes).
    Removing inv_mpu_dmp_motion_driver.o(i.dmp_enable_gyro_cal), (88 bytes).
    Removing inv_mpu_dmp_motion_driver.o(i.dmp_enable_lp_quat), (60 bytes).
    Removing inv_mpu_dmp_motion_driver.o(i.dmp_get_enabled_features), (16 bytes).
    Removing inv_mpu_dmp_motion_driver.o(i.dmp_get_fifo_rate), (16 bytes).
    Removing inv_mpu_dmp_motion_driver.o(i.dmp_get_pedometer_step_count), (66 bytes).
    Removing inv_mpu_dmp_motion_driver.o(i.dmp_get_pedometer_walk_time), (72 bytes).
    Removing inv_mpu_dmp_motion_driver.o(i.dmp_load_motion_driver_firmware), (24 bytes).
    Removing inv_mpu_dmp_motion_driver.o(i.dmp_read_fifo), (460 bytes).
    Removing inv_mpu_dmp_motion_driver.o(i.dmp_register_android_orient_cb), (16 bytes).
    Removing inv_mpu_dmp_motion_driver.o(i.dmp_register_tap_cb), (16 bytes).
    Removing inv_mpu_dmp_motion_driver.o(i.dmp_set_accel_bias), (304 bytes).
    Removing inv_mpu_dmp_motion_driver.o(i.dmp_set_fifo_rate), (112 bytes).
    Removing inv_mpu_dmp_motion_driver.o(i.dmp_set_gyro_bias), (304 bytes).
    Removing inv_mpu_dmp_motion_driver.o(i.dmp_set_interrupt_mode), (92 bytes).
    Removing inv_mpu_dmp_motion_driver.o(i.dmp_set_orientation), (312 bytes).
    Removing inv_mpu_dmp_motion_driver.o(i.dmp_set_pedometer_step_count), (42 bytes).
    Removing inv_mpu_dmp_motion_driver.o(i.dmp_set_pedometer_walk_time), (48 bytes).
    Removing inv_mpu_dmp_motion_driver.o(i.dmp_set_shake_reject_thresh), (56 bytes).
    Removing inv_mpu_dmp_motion_driver.o(i.dmp_set_shake_reject_time), (38 bytes).
    Removing inv_mpu_dmp_motion_driver.o(i.dmp_set_shake_reject_timeout), (38 bytes).
    Removing inv_mpu_dmp_motion_driver.o(i.dmp_set_tap_axes), (70 bytes).
    Removing inv_mpu_dmp_motion_driver.o(i.dmp_set_tap_count), (38 bytes).
    Removing inv_mpu_dmp_motion_driver.o(i.dmp_set_tap_thresh), (416 bytes).
    Removing inv_mpu_dmp_motion_driver.o(i.dmp_set_tap_time), (38 bytes).
    Removing inv_mpu_dmp_motion_driver.o(i.dmp_set_tap_time_multi), (38 bytes).
    Removing inv_mpu_dmp_motion_driver.o(.bss), (16 bytes).
    Removing inv_mpu_dmp_motion_driver.o(.constdata), (3062 bytes).
    Removing uartprotocol.o(i.TimeOutTick), (56 bytes).
    Removing uart.o(i.UART_SetEnable), (2 bytes).
    Removing fadd.o(.text), (176 bytes).
    Removing fmul.o(.text), (108 bytes).
    Removing fdiv.o(.text), (128 bytes).
    Removing dadd.o(.text), (334 bytes).
    Removing dmul.o(.text), (228 bytes).
    Removing ddiv.o(.text), (222 bytes).
    Removing fflti.o(.text), (18 bytes).
    Removing ffltui.o(.text), (10 bytes).
    Removing dflti.o(.text), (34 bytes).
    Removing ffixi.o(.text), (50 bytes).
    Removing ffixui.o(.text), (40 bytes).
    Removing dfixui.o(.text), (50 bytes).
    Removing f2d.o(.text), (38 bytes).
    Removing d2f.o(.text), (56 bytes).
    Removing cfcmple.o(.text), (20 bytes).
    Removing cfrcmple.o(.text), (20 bytes).
    Removing fepilogue.o(.text), (108 bytes).
    Removing depilogue.o(.text), (190 bytes).
    Removing dscalb.o(.text), (46 bytes).
    Removing dfixul.o(.text), (48 bytes).
    Removing cdrcmple.o(.text), (40 bytes).
    Removing dsqrt.o(.text), (162 bytes).
    Removing cdcmple.o(.text), (40 bytes).

159 unused section(s) (total 22936 bytes) removed from the image.

==============================================================================

Image Symbol Table

    Local Symbols

    Symbol Name                              Value     Ov Type        Size  Object(Section)

    ../clib/microlib/ctype/ctype.c           0x00000000   Number         0  ispunct_o.o ABSOLUTE
    ../clib/microlib/ctype/ctype.c           0x00000000   Number         0  isxdigit_o.o ABSOLUTE
    ../clib/microlib/ctype/ctype.c           0x00000000   Number         0  ctype_o.o ABSOLUTE
    ../clib/microlib/ctype/ctype.c           0x00000000   Number         0  isspace_o.o ABSOLUTE
    ../clib/microlib/ctype/ctype.c           0x00000000   Number         0  isupper_o.o ABSOLUTE
    ../clib/microlib/ctype/ctype.c           0x00000000   Number         0  isprint_o.o ABSOLUTE
    ../clib/microlib/ctype/ctype.c           0x00000000   Number         0  islower_o.o ABSOLUTE
    ../clib/microlib/ctype/ctype.c           0x00000000   Number         0  isgraph_o.o ABSOLUTE
    ../clib/microlib/ctype/ctype.c           0x00000000   Number         0  isdigit_o.o ABSOLUTE
    ../clib/microlib/ctype/ctype.c           0x00000000   Number         0  isblank_o.o ABSOLUTE
    ../clib/microlib/ctype/ctype.c           0x00000000   Number         0  isalpha_o.o ABSOLUTE
    ../clib/microlib/ctype/ctype.c           0x00000000   Number         0  isalnum_o.o ABSOLUTE
    ../clib/microlib/ctype/ctype.c           0x00000000   Number         0  iscntrl_o.o ABSOLUTE
    ../clib/microlib/division.c              0x00000000   Number         0  uldiv.o ABSOLUTE
    ../clib/microlib/division.c              0x00000000   Number         0  uidiv.o ABSOLUTE
    ../clib/microlib/division.c              0x00000000   Number         0  ldiv.o ABSOLUTE
    ../clib/microlib/errno.c                 0x00000000   Number         0  errno.o ABSOLUTE
    ../clib/microlib/init/entry.s            0x00000000   Number         0  entry10b.o ABSOLUTE
    ../clib/microlib/init/entry.s            0x00000000   Number         0  entry9b.o ABSOLUTE
    ../clib/microlib/init/entry.s            0x00000000   Number         0  entry10a.o ABSOLUTE
    ../clib/microlib/init/entry.s            0x00000000   Number         0  entry11b.o ABSOLUTE
    ../clib/microlib/init/entry.s            0x00000000   Number         0  entry8a.o ABSOLUTE
    ../clib/microlib/init/entry.s            0x00000000   Number         0  entry.o ABSOLUTE
    ../clib/microlib/init/entry.s            0x00000000   Number         0  entry11a.o ABSOLUTE
    ../clib/microlib/init/entry.s            0x00000000   Number         0  entry2.o ABSOLUTE
    ../clib/microlib/init/entry.s            0x00000000   Number         0  entry7a.o ABSOLUTE
    ../clib/microlib/init/entry.s            0x00000000   Number         0  entry7b.o ABSOLUTE
    ../clib/microlib/init/entry.s            0x00000000   Number         0  entry9a.o ABSOLUTE
    ../clib/microlib/init/entry.s            0x00000000   Number         0  entry8b.o ABSOLUTE
    ../clib/microlib/init/entry.s            0x00000000   Number         0  entry5.o ABSOLUTE
    ../clib/microlib/longlong.c              0x00000000   Number         0  llushr.o ABSOLUTE
    ../clib/microlib/longlong.c              0x00000000   Number         0  llshl.o ABSOLUTE
    ../clib/microlib/longlong.c              0x00000000   Number         0  llsshr.o ABSOLUTE
    ../clib/microlib/printf/printf.c         0x00000000   Number         0  printf8.o ABSOLUTE
    ../clib/microlib/printf/printf.c         0x00000000   Number         0  printf2.o ABSOLUTE
    ../clib/microlib/printf/printf.c         0x00000000   Number         0  printf7.o ABSOLUTE
    ../clib/microlib/printf/printf.c         0x00000000   Number         0  printfb.o ABSOLUTE
    ../clib/microlib/printf/printf.c         0x00000000   Number         0  printf6.o ABSOLUTE
    ../clib/microlib/printf/printf.c         0x00000000   Number         0  printf3.o ABSOLUTE
    ../clib/microlib/printf/printf.c         0x00000000   Number         0  printf0.o ABSOLUTE
    ../clib/microlib/printf/printf.c         0x00000000   Number         0  printf1.o ABSOLUTE
    ../clib/microlib/printf/printf.c         0x00000000   Number         0  printfa.o ABSOLUTE
    ../clib/microlib/printf/printf.c         0x00000000   Number         0  printf4.o ABSOLUTE
    ../clib/microlib/printf/printf.c         0x00000000   Number         0  printf5.o ABSOLUTE
    ../clib/microlib/printf/stubs.s          0x00000000   Number         0  stubs.o ABSOLUTE
    ../clib/microlib/stdio/fputc.c           0x00000000   Number         0  fputc.o ABSOLUTE
    ../clib/microlib/stdio/semi.s            0x00000000   Number         0  semi.o ABSOLUTE
    ../clib/microlib/stdio/streams.c         0x00000000   Number         0  stdout.o ABSOLUTE
    ../clib/microlib/string/memcmp.c         0x00000000   Number         0  memcmp.o ABSOLUTE
    ../clib/microlib/string/memset.c         0x00000000   Number         0  memseta.o ABSOLUTE
    ../clib/microlib/string/strcat.c         0x00000000   Number         0  strcat.o ABSOLUTE
    ../clib/microlib/string/strstr.c         0x00000000   Number         0  strstr.o ABSOLUTE
    ../clib/microlib/stubs.s                 0x00000000   Number         0  iusesemip.o ABSOLUTE
    ../clib/microlib/stubs.s                 0x00000000   Number         0  iusefp.o ABSOLUTE
    ../clib/scanf.c                          0x00000000   Number         0  strtol.o ABSOLUTE
    ../clib/scanf.c                          0x00000000   Number         0  _strtoul.o ABSOLUTE
    ../clib/scanf.c                          0x00000000   Number         0  _chval.o ABSOLUTE
    ../clib/scanf.c                          0x00000000   Number         0  atoi.o ABSOLUTE
    ../fplib/microlib/d2f.c                  0x00000000   Number         0  d2f.o ABSOLUTE
    ../fplib/microlib/f2d.c                  0x00000000   Number         0  f2d.o ABSOLUTE
    ../fplib/microlib/fpadd.c                0x00000000   Number         0  dadd.o ABSOLUTE
    ../fplib/microlib/fpadd.c                0x00000000   Number         0  fadd.o ABSOLUTE
    ../fplib/microlib/fpdiv.c                0x00000000   Number         0  ddiv.o ABSOLUTE
    ../fplib/microlib/fpdiv.c                0x00000000   Number         0  fdiv.o ABSOLUTE
    ../fplib/microlib/fpepilogue.c           0x00000000   Number         0  fepilogue.o ABSOLUTE
    ../fplib/microlib/fpepilogue.c           0x00000000   Number         0  depilogue.o ABSOLUTE
    ../fplib/microlib/fpfix.c                0x00000000   Number         0  ffixi.o ABSOLUTE
    ../fplib/microlib/fpfix.c                0x00000000   Number         0  dfixui.o ABSOLUTE
    ../fplib/microlib/fpfix.c                0x00000000   Number         0  ffixui.o ABSOLUTE
    ../fplib/microlib/fpfix.c                0x00000000   Number         0  dfixul.o ABSOLUTE
    ../fplib/microlib/fpflt.c                0x00000000   Number         0  ffltui.o ABSOLUTE
    ../fplib/microlib/fpflt.c                0x00000000   Number         0  fflti.o ABSOLUTE
    ../fplib/microlib/fpflt.c                0x00000000   Number         0  dflti.o ABSOLUTE
    ../fplib/microlib/fpmul.c                0x00000000   Number         0  dmul.o ABSOLUTE
    ../fplib/microlib/fpmul.c                0x00000000   Number         0  fmul.o ABSOLUTE
    ../fplib/microlib/fpscalb.c              0x00000000   Number         0  dscalb.o ABSOLUTE
    ../fplib/microlib/fpsqrt.c               0x00000000   Number         0  dsqrt.o ABSOLUTE
    ../mathlib/asin.c                        0x00000000   Number         0  asin_x.o ABSOLUTE
    ../mathlib/asin.c                        0x00000000   Number         0  asin.o ABSOLUTE
    ../mathlib/atan.c                        0x00000000   Number         0  atan.o ABSOLUTE
    ../mathlib/atan.c                        0x00000000   Number         0  atan_x.o ABSOLUTE
    ../mathlib/atan2.c                       0x00000000   Number         0  atan2.o ABSOLUTE
    ../mathlib/atan2.c                       0x00000000   Number         0  atan2_x.o ABSOLUTE
    ../mathlib/dunder.c                      0x00000000   Number         0  dunder.o ABSOLUTE
    ../mathlib/fpclassify.c                  0x00000000   Number         0  fpclassify.o ABSOLUTE
    ../mathlib/poly.c                        0x00000000   Number         0  poly.o ABSOLUTE
    ../mathlib/qnan.c                        0x00000000   Number         0  qnan.o ABSOLUTE
    ../mathlib/sqrt.c                        0x00000000   Number         0  sqrt_x.o ABSOLUTE
    ../mathlib/sqrt.c                        0x00000000   Number         0  sqrt.o ABSOLUTE
    ..\Boot\startup_stm32f10x_md.s           0x00000000   Number         0  startup_stm32f10x_md.o ABSOLUTE
    ..\Refer\eMPL\inv_mpu.c                  0x00000000   Number         0  inv_mpu.o ABSOLUTE
    ..\Refer\eMPL\inv_mpu_dmp_motion_driver.c 0x00000000   Number         0  inv_mpu_dmp_motion_driver.o ABSOLUTE
    ..\Refer\src\ILI93xx.c                   0x00000000   Number         0  ili93xx.o ABSOLUTE
    ..\Refer\src\Timer.c                     0x00000000   Number         0  timer.o ABSOLUTE
    ..\Refer\src\delay.c                     0x00000000   Number         0  delay.o ABSOLUTE
    ..\Refer\src\iic.c                       0x00000000   Number         0  iic.o ABSOLUTE
    ..\Refer\src\key.c                       0x00000000   Number         0  key.o ABSOLUTE
    ..\Refer\src\led.c                       0x00000000   Number         0  led.o ABSOLUTE
    ..\Refer\src\mpu6050.c                   0x00000000   Number         0  mpu6050.o ABSOLUTE
    ..\Refer\src\sys.c                       0x00000000   Number         0  sys.o ABSOLUTE
    ..\Refer\src\uart.c                      0x00000000   Number         0  uart.o ABSOLUTE
    ..\Refer\src\uartprotocol.c              0x00000000   Number         0  uartprotocol.o ABSOLUTE
    ..\Refer\src\wave.c                      0x00000000   Number         0  wave.o ABSOLUTE
    ..\\Refer\\src\\Timer.c                  0x00000000   Number         0  timer.o ABSOLUTE
    ..\\Refer\\src\\sys.c                    0x00000000   Number         0  sys.o ABSOLUTE
    cdcmple.s                                0x00000000   Number         0  cdcmple.o ABSOLUTE
    cdrcmple.s                               0x00000000   Number         0  cdrcmple.o ABSOLUTE
    cfcmple.s                                0x00000000   Number         0  cfcmple.o ABSOLUTE
    cfrcmple.s                               0x00000000   Number         0  cfrcmple.o ABSOLUTE
    dc.s                                     0x00000000   Number         0  dc.o ABSOLUTE
    handlers.s                               0x00000000   Number         0  handlers.o ABSOLUTE
    init.s                                   0x00000000   Number         0  init.o ABSOLUTE
    main.c                                   0x00000000   Number         0  main.o ABSOLUTE
    RESET                                    0x08000000   Section      236  startup_stm32f10x_md.o(RESET)
    .ARM.Collect$$$$00000000                 0x080000ec   Section        0  entry.o(.ARM.Collect$$$$00000000)
    .ARM.Collect$$$$00000001                 0x080000ec   Section        4  entry2.o(.ARM.Collect$$$$00000001)
    .ARM.Collect$$$$00000004                 0x080000f0   Section        4  entry5.o(.ARM.Collect$$$$00000004)
    .ARM.Collect$$$$00000008                 0x080000f4   Section        0  entry7b.o(.ARM.Collect$$$$00000008)
    .ARM.Collect$$$$0000000A                 0x080000f4   Section        0  entry8b.o(.ARM.Collect$$$$0000000A)
    .ARM.Collect$$$$0000000B                 0x080000f4   Section        8  entry9a.o(.ARM.Collect$$$$0000000B)
    .ARM.Collect$$$$0000000D                 0x080000fc   Section        0  entry10a.o(.ARM.Collect$$$$0000000D)
    .ARM.Collect$$$$0000000F                 0x080000fc   Section        0  entry11a.o(.ARM.Collect$$$$0000000F)
    .ARM.Collect$$$$00002712                 0x080000fc   Section        4  entry2.o(.ARM.Collect$$$$00002712)
    __lit__00000000                          0x080000fc   Data           4  entry2.o(.ARM.Collect$$$$00002712)
    .emb_text                                0x08000100   Section       36  timer.o(.emb_text)
    .text                                    0x08000124   Section       28  startup_stm32f10x_md.o(.text)
    .text                                    0x08000140   Section        0  memseta.o(.text)
    .text                                    0x08000164   Section        0  strcat.o(.text)
    .text                                    0x0800017c   Section        0  strstr.o(.text)
    .text                                    0x080001a0   Section        0  atoi.o(.text)
    .text                                    0x080001ba   Section        0  uldiv.o(.text)
    .text                                    0x0800021c   Section        0  llshl.o(.text)
    .text                                    0x0800023a   Section        0  llushr.o(.text)
    .text                                    0x0800025a   Section        0  strtol.o(.text)
    .text                                    0x080002cc   Section       36  init.o(.text)
    .text                                    0x080002f0   Section        0  ctype_o.o(.text)
    .text                                    0x080002f8   Section        0  _strtoul.o(.text)
    .text                                    0x08000396   Section        0  _chval.o(.text)
    i.AddDelay                               0x080003b4   Section        0  timer.o(i.AddDelay)
    i.AliveEvent                             0x080003e0   Section        0  main.o(i.AliveEvent)
    i.CallFun                                0x08000580   Section        0  timer.o(i.CallFun)
    i.ConnectSendCode                        0x08000588   Section        0  main.o(i.ConnectSendCode)
    i.DeErrEvent                             0x08000648   Section        0  main.o(i.DeErrEvent)
    i.Delay                                  0x080007d0   Section        0  timer.o(i.Delay)
    i.GetDataEvent                           0x08000814   Section        0  main.o(i.GetDataEvent)
    i.GetIPIDCmd                             0x08000858   Section        0  main.o(i.GetIPIDCmd)
    i.Init                                   0x080008b4   Section        0  uartprotocol.o(i.Init)
    Init                                     0x080008b5   Thumb Code    52  uartprotocol.o(i.Init)
    i.InitTimer                              0x080008f4   Section        0  timer.o(i.InitTimer)
    i.KEY_Init                               0x08000920   Section        0  key.o(i.KEY_Init)
    i.KEY_Scan                               0x0800098c   Section        0  key.o(i.KEY_Scan)
    i.KillThisTimer                          0x08000a2c   Section        0  timer.o(i.KillThisTimer)
    i.KillTimer                              0x08000a58   Section        0  timer.o(i.KillTimer)
    i.LCD_Clear                              0x08000a7c   Section        0  ili93xx.o(i.LCD_Clear)
    i.LCD_Display_Dir                        0x08000ae8   Section        0  ili93xx.o(i.LCD_Display_Dir)
    i.LCD_DrawPoint                          0x08000c58   Section        0  ili93xx.o(i.LCD_DrawPoint)
    i.LCD_Fill                               0x08000c7c   Section        0  ili93xx.o(i.LCD_Fill)
    i.LCD_Init                               0x08000d34   Section        0  ili93xx.o(i.LCD_Init)
    i.LCD_Pow                                0x08004484   Section        0  ili93xx.o(i.LCD_Pow)
    i.LCD_RD_DATA                            0x0800449c   Section        0  ili93xx.o(i.LCD_RD_DATA)
    i.LCD_ReadReg                            0x080044b0   Section        0  ili93xx.o(i.LCD_ReadReg)
    i.LCD_Scan_Dir                           0x080044c8   Section        0  ili93xx.o(i.LCD_Scan_Dir)
    i.LCD_SetCursor                          0x08004774   Section        0  ili93xx.o(i.LCD_SetCursor)
    i.LCD_ShowChar                           0x08004880   Section        0  ili93xx.o(i.LCD_ShowChar)
    i.LCD_ShowNum                            0x080049e8   Section        0  ili93xx.o(i.LCD_ShowNum)
    i.LCD_ShowString                         0x08004a7c   Section        0  ili93xx.o(i.LCD_ShowString)
    i.LCD_WR_DATA                            0x08004ae4   Section        0  ili93xx.o(i.LCD_WR_DATA)
    i.LCD_WR_REG                             0x08004afc   Section        0  ili93xx.o(i.LCD_WR_REG)
    i.LCD_WriteRAM_Prepare                   0x08004b14   Section        0  ili93xx.o(i.LCD_WriteRAM_Prepare)
    i.LCD_WriteReg                           0x08004b28   Section        0  ili93xx.o(i.LCD_WriteReg)
    i.LED_Init                               0x08004b40   Section        0  led.o(i.LED_Init)
    i.MYRCC_DeInit                           0x08004bb0   Section        0  sys.o(i.MYRCC_DeInit)
    i.MY_NVIC_Init                           0x08004c18   Section        0  sys.o(i.MY_NVIC_Init)
    i.MY_NVIC_PriorityGroupConfig            0x08004c98   Section        0  sys.o(i.MY_NVIC_PriorityGroupConfig)
    i.MY_NVIC_SetVectorTable                 0x08004cc0   Section        0  sys.o(i.MY_NVIC_SetVectorTable)
    i.OnRecvData                             0x08004cd4   Section        0  uartprotocol.o(i.OnRecvData)
    i.ReadBuff                               0x08004e34   Section        0  uartprotocol.o(i.ReadBuff)
    ReadBuff                                 0x08004e35   Thumb Code    68  uartprotocol.o(i.ReadBuff)
    i.ReadByte                               0x08004e84   Section        0  uartprotocol.o(i.ReadByte)
    ReadByte                                 0x08004e85   Thumb Code    38  uartprotocol.o(i.ReadByte)
    i.ReadDWord                              0x08004eb8   Section        0  uartprotocol.o(i.ReadDWord)
    ReadDWord                                0x08004eb9   Thumb Code   106  uartprotocol.o(i.ReadDWord)
    i.ReadWord                               0x08004f30   Section        0  uartprotocol.o(i.ReadWord)
    ReadWord                                 0x08004f31   Thumb Code    68  uartprotocol.o(i.ReadWord)
    i.RegisterCmdEvent                       0x08004f80   Section        0  uartprotocol.o(i.RegisterCmdEvent)
    i.SendCmdPack                            0x08004f8c   Section        0  uartprotocol.o(i.SendCmdPack)
    i.SendPack                               0x08004fd0   Section        0  uartprotocol.o(i.SendPack)
    i.SetDataEvent                           0x08005034   Section        0  main.o(i.SetDataEvent)
    i.SetDelay                               0x080050a0   Section        0  timer.o(i.SetDelay)
    i.SetTimer                               0x080050b8   Section        0  timer.o(i.SetTimer)
    i.Setoffset                              0x08005118   Section        0  uartprotocol.o(i.Setoffset)
    Setoffset                                0x08005119   Thumb Code    20  uartprotocol.o(i.Setoffset)
    i.Stm32_Clock_Init                       0x08005130   Section        0  sys.o(i.Stm32_Clock_Init)
    i.SysTick_Handler                        0x080051bc   Section        0  timer.o(i.SysTick_Handler)
    i.TIM3CapInit                            0x08005204   Section        0  wave.o(i.TIM3CapInit)
    i.TIM3_IRQHandler                        0x08005314   Section        0  wave.o(i.TIM3_IRQHandler)
    i.TimerRun                               0x08005484   Section        0  timer.o(i.TimerRun)
    i.UART_Init                              0x08005558   Section        0  uart.o(i.UART_Init)
    i.UART_OnRecv                            0x08005620   Section        0  uart.o(i.UART_OnRecv)
    i.UART_ReSetBps                          0x0800562c   Section        0  uart.o(i.UART_ReSetBps)
    i.UART_SendByte                          0x0800568c   Section        0  uart.o(i.UART_SendByte)
    i.UART_SendString                        0x080056a4   Section        0  uart.o(i.UART_SendString)
    i.USART1_IRQHandler                      0x080056bc   Section        0  uart.o(i.USART1_IRQHandler)
    i.UartCmd                                0x080056dc   Section        0  uartprotocol.o(i.UartCmd)
    i.UnRegisterCmdEvent                     0x08005788   Section        0  uartprotocol.o(i.UnRegisterCmdEvent)
    i.WaveInit                               0x080057b4   Section        0  wave.o(i.WaveInit)
    i.WriteBuff                              0x08005814   Section        0  uartprotocol.o(i.WriteBuff)
    WriteBuff                                0x08005815   Thumb Code    62  uartprotocol.o(i.WriteBuff)
    i.WriteByte                              0x08005860   Section        0  uartprotocol.o(i.WriteByte)
    WriteByte                                0x08005861   Thumb Code    38  uartprotocol.o(i.WriteByte)
    i.WriteDWord                             0x08005890   Section        0  uartprotocol.o(i.WriteDWord)
    WriteDWord                               0x08005891   Thumb Code   102  uartprotocol.o(i.WriteDWord)
    i.WriteWord                              0x08005900   Section        0  uartprotocol.o(i.WriteWord)
    WriteWord                                0x08005901   Thumb Code    62  uartprotocol.o(i.WriteWord)
    i.Writestr                               0x08005948   Section        0  uartprotocol.o(i.Writestr)
    Writestr                                 0x08005949   Thumb Code    48  uartprotocol.o(i.Writestr)
    i.ZeroDelay                              0x08005984   Section        0  timer.o(i.ZeroDelay)
    i.__0sprintf$8                           0x080059a0   Section        0  printf8.o(i.__0sprintf$8)
    i.__aeabi_errno_addr                     0x080059c8   Section        0  errno.o(i.__aeabi_errno_addr)
    i.__scatterload_copy                     0x080059d0   Section       14  handlers.o(i.__scatterload_copy)
    i.__scatterload_null                     0x080059de   Section        2  handlers.o(i.__scatterload_null)
    i.__scatterload_zeroinit                 0x080059e0   Section       14  handlers.o(i.__scatterload_zeroinit)
    i._printf_core                           0x080059f0   Section        0  printf8.o(i._printf_core)
    _printf_core                             0x080059f1   Thumb Code   988  printf8.o(i._printf_core)
    i._printf_post_padding                   0x08005df8   Section        0  printf8.o(i._printf_post_padding)
    _printf_post_padding                     0x08005df9   Thumb Code    38  printf8.o(i._printf_post_padding)
    i._printf_pre_padding                    0x08005e1e   Section        0  printf8.o(i._printf_pre_padding)
    _printf_pre_padding                      0x08005e1f   Thumb Code    48  printf8.o(i._printf_pre_padding)
    i._sputc                                 0x08005e4e   Section        0  printf8.o(i._sputc)
    _sputc                                   0x08005e4f   Thumb Code    10  printf8.o(i._sputc)
    i.aack                                   0x08005e58   Section        0  uartprotocol.o(i.aack)
    i.ackpack                                0x08005e64   Section        0  uartprotocol.o(i.ackpack)
    i.delay_init                             0x08005e8c   Section        0  delay.o(i.delay_init)
    i.delay_ms                               0x08005eac   Section        0  delay.o(i.delay_ms)
    i.delay_us                               0x08005ec4   Section        0  delay.o(i.delay_us)
    i.getbuff                                0x08005f0c   Section        0  uartprotocol.o(i.getbuff)
    getbuff                                  0x08005f0d   Thumb Code    12  uartprotocol.o(i.getbuff)
    i.getcmd                                 0x08005f20   Section        0  uartprotocol.o(i.getcmd)
    getcmd                                   0x08005f21   Thumb Code     6  uartprotocol.o(i.getcmd)
    i.getlen                                 0x08005f2c   Section        0  uartprotocol.o(i.getlen)
    getlen                                   0x08005f2d   Thumb Code     6  uartprotocol.o(i.getlen)
    i.getsendbuff                            0x08005f38   Section        0  uartprotocol.o(i.getsendbuff)
    getsendbuff                              0x08005f39   Thumb Code    12  uartprotocol.o(i.getsendbuff)
    i.isLink                                 0x08005f4c   Section        0  uartprotocol.o(i.isLink)
    i.isUse                                  0x08005f60   Section        0  timer.o(i.isUse)
    i.keyTick                                0x08005f7c   Section        0  main.o(i.keyTick)
    i.main                                   0x08006028   Section        0  main.o(i.main)
    i.ones                                   0x080061c0   Section        0  main.o(i.ones)
    i.sendackpacket                          0x080061c8   Section        0  uartprotocol.o(i.sendackpacket)
    i.showRefresh                            0x080061ec   Section        0  main.o(i.showRefresh)
    .constdata                               0x080061ee   Section     2660  ili93xx.o(.constdata)
    .constdata                               0x08006c54   Section       96  uartprotocol.o(.constdata)
    UD                                       0x08006c54   Data          60  uartprotocol.o(.constdata)
    .constdata                               0x08006cb4   Section       20  uart.o(.constdata)
    .constdata                               0x08006cc8   Section       40  timer.o(.constdata)
    .constdata                               0x08006cf0   Section      129  ctype_o.o(.constdata)
    .constdata                               0x08006d74   Section        4  ctype_o.o(.constdata)
    table                                    0x08006d74   Data           4  ctype_o.o(.constdata)
    .data                                    0x20000000   Section       34  main.o(.data)
    .data                                    0x20000022   Section        6  wave.o(.data)
    .data                                    0x20000028   Section        4  delay.o(.data)
    fac_us                                   0x20000028   Data           1  delay.o(.data)
    fac_ms                                   0x2000002a   Data           2  delay.o(.data)
    .data                                    0x2000002c   Section        4  ili93xx.o(.data)
    .data                                    0x20000030   Section       30  uartprotocol.o(.data)
    count                                    0x2000003c   Data           2  uartprotocol.o(.data)
    .data                                    0x20000050   Section        8  uart.o(.data)
    f                                        0x20000054   Data           4  uart.o(.data)
    .data                                    0x20000058   Section        1  key.o(.data)
    key_up                                   0x20000058   Data           1  key.o(.data)
    .data                                    0x2000005c   Section       12  timer.o(.data)
    BIT                                      0x20000060   Data           1  timer.o(.data)
    .data                                    0x20000068   Section        4  errno.o(.data)
    _errno                                   0x20000068   Data           4  errno.o(.data)
    .bss                                     0x2000006c   Section      180  main.o(.bss)
    .bss                                     0x20000120   Section       14  ili93xx.o(.bss)
    .bss                                     0x20000130   Section       64  uartprotocol.o(.bss)
    .bss                                     0x20000170   Section       96  timer.o(.bss)
    STACK                                    0x200001d0   Section     2048  startup_stm32f10x_md.o(STACK)

    Global Symbols

    Symbol Name                              Value     Ov Type        Size  Object(Section)

    BuildAttributes$$THM_ISAv4$P$D$K$B$S$PE$A:L22UL41UL21$X:L11$S22US41US21$IEEE1$IW$USESV6$~STKCKD$USESV7$~SHL$OTIME$ROPI$IEEEX$EBA8$MICROLIB$REQ8$EABIv2 0x00000000   Number         0  anon$$obj.o ABSOLUTE
    __ARM_use_no_argv                        0x00000000   Number         0  main.o ABSOLUTE
    _printf_a                                0x00000000   Number         0  stubs.o ABSOLUTE
    _printf_c                                0x00000000   Number         0  stubs.o ABSOLUTE
    _printf_charcount                        0x00000000   Number         0  stubs.o ABSOLUTE
    _printf_d                                0x00000000   Number         0  stubs.o ABSOLUTE
    _printf_e                                0x00000000   Number         0  stubs.o ABSOLUTE
    _printf_f                                0x00000000   Number         0  stubs.o ABSOLUTE
    _printf_flags                            0x00000000   Number         0  stubs.o ABSOLUTE
    _printf_fp_dec                           0x00000000   Number         0  stubs.o ABSOLUTE
    _printf_fp_hex                           0x00000000   Number         0  stubs.o ABSOLUTE
    _printf_g                                0x00000000   Number         0  stubs.o ABSOLUTE
    _printf_i                                0x00000000   Number         0  stubs.o ABSOLUTE
    _printf_int_dec                          0x00000000   Number         0  stubs.o ABSOLUTE
    _printf_l                                0x00000000   Number         0  stubs.o ABSOLUTE
    _printf_lc                               0x00000000   Number         0  stubs.o ABSOLUTE
    _printf_ll                               0x00000000   Number         0  stubs.o ABSOLUTE
    _printf_lld                              0x00000000   Number         0  stubs.o ABSOLUTE
    _printf_lli                              0x00000000   Number         0  stubs.o ABSOLUTE
    _printf_llo                              0x00000000   Number         0  stubs.o ABSOLUTE
    _printf_llu                              0x00000000   Number         0  stubs.o ABSOLUTE
    _printf_llx                              0x00000000   Number         0  stubs.o ABSOLUTE
    _printf_longlong_dec                     0x00000000   Number         0  stubs.o ABSOLUTE
    _printf_longlong_hex                     0x00000000   Number         0  stubs.o ABSOLUTE
    _printf_longlong_oct                     0x00000000   Number         0  stubs.o ABSOLUTE
    _printf_ls                               0x00000000   Number         0  stubs.o ABSOLUTE
    _printf_mbtowc                           0x00000000   Number         0  stubs.o ABSOLUTE
    _printf_n                                0x00000000   Number         0  stubs.o ABSOLUTE
    _printf_o                                0x00000000   Number         0  stubs.o ABSOLUTE
    _printf_p                                0x00000000   Number         0  stubs.o ABSOLUTE
    _printf_percent                          0x00000000   Number         0  stubs.o ABSOLUTE
    _printf_pre_padding                      0x00000000   Number         0  stubs.o ABSOLUTE
    _printf_return_value                     0x00000000   Number         0  stubs.o ABSOLUTE
    _printf_s                                0x00000000   Number         0  stubs.o ABSOLUTE
    _printf_sizespec                         0x00000000   Number         0  stubs.o ABSOLUTE
    _printf_str                              0x00000000   Number         0  stubs.o ABSOLUTE
    _printf_truncate_signed                  0x00000000   Number         0  stubs.o ABSOLUTE
    _printf_truncate_unsigned                0x00000000   Number         0  stubs.o ABSOLUTE
    _printf_u                                0x00000000   Number         0  stubs.o ABSOLUTE
    _printf_wc                               0x00000000   Number         0  stubs.o ABSOLUTE
    _printf_wctomb                           0x00000000   Number         0  stubs.o ABSOLUTE
    _printf_widthprec                        0x00000000   Number         0  stubs.o ABSOLUTE
    _printf_x                                0x00000000   Number         0  stubs.o ABSOLUTE
    __cpp_initialize__aeabi_                  - Undefined Weak Reference
    __cxa_finalize                            - Undefined Weak Reference
    __decompress                              - Undefined Weak Reference
    _clock_init                               - Undefined Weak Reference
    _microlib_exit                            - Undefined Weak Reference
    __Vectors_Size                           0x000000ec   Number         0  startup_stm32f10x_md.o ABSOLUTE
    __Vectors                                0x08000000   Data           4  startup_stm32f10x_md.o(RESET)
    __Vectors_End                            0x080000ec   Data           0  startup_stm32f10x_md.o(RESET)
    __main                                   0x080000ed   Thumb Code     0  entry.o(.ARM.Collect$$$$00000000)
    _main_stk                                0x080000ed   Thumb Code     0  entry2.o(.ARM.Collect$$$$00000001)
    _main_scatterload                        0x080000f1   Thumb Code     0  entry5.o(.ARM.Collect$$$$00000004)
    __main_after_scatterload                 0x080000f5   Thumb Code     0  entry5.o(.ARM.Collect$$$$00000004)
    _main_clock                              0x080000f5   Thumb Code     0  entry7b.o(.ARM.Collect$$$$00000008)
    _main_cpp_init                           0x080000f5   Thumb Code     0  entry8b.o(.ARM.Collect$$$$0000000A)
    _main_init                               0x080000f5   Thumb Code     0  entry9a.o(.ARM.Collect$$$$0000000B)
    __rt_final_cpp                           0x080000fd   Thumb Code     0  entry10a.o(.ARM.Collect$$$$0000000D)
    __rt_final_exit                          0x080000fd   Thumb Code     0  entry11a.o(.ARM.Collect$$$$0000000F)
    GetSP                                    0x08000101   Thumb Code     4  timer.o(.emb_text)
    GetBreakAddr                             0x08000105   Thumb Code    28  timer.o(.emb_text)
    Reset_Handler                            0x08000125   Thumb Code     4  startup_stm32f10x_md.o(.text)
    NMI_Handler                              0x08000129   Thumb Code     2  startup_stm32f10x_md.o(.text)
    HardFault_Handler                        0x0800012b   Thumb Code     2  startup_stm32f10x_md.o(.text)
    MemManage_Handler                        0x0800012d   Thumb Code     2  startup_stm32f10x_md.o(.text)
    BusFault_Handler                         0x0800012f   Thumb Code     2  startup_stm32f10x_md.o(.text)
    UsageFault_Handler                       0x08000131   Thumb Code     2  startup_stm32f10x_md.o(.text)
    SVC_Handler                              0x08000133   Thumb Code     2  startup_stm32f10x_md.o(.text)
    DebugMon_Handler                         0x08000135   Thumb Code     2  startup_stm32f10x_md.o(.text)
    PendSV_Handler                           0x08000137   Thumb Code     2  startup_stm32f10x_md.o(.text)
    ADC1_2_IRQHandler                        0x0800013b   Thumb Code     0  startup_stm32f10x_md.o(.text)
    CAN1_RX1_IRQHandler                      0x0800013b   Thumb Code     0  startup_stm32f10x_md.o(.text)
    CAN1_SCE_IRQHandler                      0x0800013b   Thumb Code     0  startup_stm32f10x_md.o(.text)
    DMA1_Channel1_IRQHandler                 0x0800013b   Thumb Code     0  startup_stm32f10x_md.o(.text)
    DMA1_Channel2_IRQHandler                 0x0800013b   Thumb Code     0  startup_stm32f10x_md.o(.text)
    DMA1_Channel3_IRQHandler                 0x0800013b   Thumb Code     0  startup_stm32f10x_md.o(.text)
    DMA1_Channel4_IRQHandler                 0x0800013b   Thumb Code     0  startup_stm32f10x_md.o(.text)
    DMA1_Channel5_IRQHandler                 0x0800013b   Thumb Code     0  startup_stm32f10x_md.o(.text)
    DMA1_Channel6_IRQHandler                 0x0800013b   Thumb Code     0  startup_stm32f10x_md.o(.text)
    DMA1_Channel7_IRQHandler                 0x0800013b   Thumb Code     0  startup_stm32f10x_md.o(.text)
    EXTI0_IRQHandler                         0x0800013b   Thumb Code     0  startup_stm32f10x_md.o(.text)
    EXTI15_10_IRQHandler                     0x0800013b   Thumb Code     0  startup_stm32f10x_md.o(.text)
    EXTI1_IRQHandler                         0x0800013b   Thumb Code     0  startup_stm32f10x_md.o(.text)
    EXTI2_IRQHandler                         0x0800013b   Thumb Code     0  startup_stm32f10x_md.o(.text)
    EXTI3_IRQHandler                         0x0800013b   Thumb Code     0  startup_stm32f10x_md.o(.text)
    EXTI4_IRQHandler                         0x0800013b   Thumb Code     0  startup_stm32f10x_md.o(.text)
    EXTI9_5_IRQHandler                       0x0800013b   Thumb Code     0  startup_stm32f10x_md.o(.text)
    FLASH_IRQHandler                         0x0800013b   Thumb Code     0  startup_stm32f10x_md.o(.text)
    I2C1_ER_IRQHandler                       0x0800013b   Thumb Code     0  startup_stm32f10x_md.o(.text)
    I2C1_EV_IRQHandler                       0x0800013b   Thumb Code     0  startup_stm32f10x_md.o(.text)
    I2C2_ER_IRQHandler                       0x0800013b   Thumb Code     0  startup_stm32f10x_md.o(.text)
    I2C2_EV_IRQHandler                       0x0800013b   Thumb Code     0  startup_stm32f10x_md.o(.text)
    PVD_IRQHandler                           0x0800013b   Thumb Code     0  startup_stm32f10x_md.o(.text)
    RCC_IRQHandler                           0x0800013b   Thumb Code     0  startup_stm32f10x_md.o(.text)
    RTCAlarm_IRQHandler                      0x0800013b   Thumb Code     0  startup_stm32f10x_md.o(.text)
    RTC_IRQHandler                           0x0800013b   Thumb Code     0  startup_stm32f10x_md.o(.text)
    SPI1_IRQHandler                          0x0800013b   Thumb Code     0  startup_stm32f10x_md.o(.text)
    SPI2_IRQHandler                          0x0800013b   Thumb Code     0  startup_stm32f10x_md.o(.text)
    TAMPER_IRQHandler                        0x0800013b   Thumb Code     0  startup_stm32f10x_md.o(.text)
    TIM1_BRK_IRQHandler                      0x0800013b   Thumb Code     0  startup_stm32f10x_md.o(.text)
    TIM1_CC_IRQHandler                       0x0800013b   Thumb Code     0  startup_stm32f10x_md.o(.text)
    TIM1_TRG_COM_IRQHandler                  0x0800013b   Thumb Code     0  startup_stm32f10x_md.o(.text)
    TIM1_UP_IRQHandler                       0x0800013b   Thumb Code     0  startup_stm32f10x_md.o(.text)
    TIM2_IRQHandler                          0x0800013b   Thumb Code     0  startup_stm32f10x_md.o(.text)
    TIM4_IRQHandler                          0x0800013b   Thumb Code     0  startup_stm32f10x_md.o(.text)
    USART2_IRQHandler                        0x0800013b   Thumb Code     0  startup_stm32f10x_md.o(.text)
    USART3_IRQHandler                        0x0800013b   Thumb Code     0  startup_stm32f10x_md.o(.text)
    USBWakeUp_IRQHandler                     0x0800013b   Thumb Code     0  startup_stm32f10x_md.o(.text)
    USB_HP_CAN1_TX_IRQHandler                0x0800013b   Thumb Code     0  startup_stm32f10x_md.o(.text)
    USB_LP_CAN1_RX0_IRQHandler               0x0800013b   Thumb Code     0  startup_stm32f10x_md.o(.text)
    WWDG_IRQHandler                          0x0800013b   Thumb Code     0  startup_stm32f10x_md.o(.text)
    __aeabi_memset                           0x08000141   Thumb Code    14  memseta.o(.text)
    __aeabi_memset4                          0x08000141   Thumb Code     0  memseta.o(.text)
    __aeabi_memset8                          0x08000141   Thumb Code     0  memseta.o(.text)
    __aeabi_memclr                           0x0800014f   Thumb Code     4  memseta.o(.text)
    __aeabi_memclr4                          0x0800014f   Thumb Code     0  memseta.o(.text)
    __aeabi_memclr8                          0x0800014f   Thumb Code     0  memseta.o(.text)
    _memset$wrapper                          0x08000153   Thumb Code    18  memseta.o(.text)
    strcat                                   0x08000165   Thumb Code    24  strcat.o(.text)
    strstr                                   0x0800017d   Thumb Code    36  strstr.o(.text)
    atoi                                     0x080001a1   Thumb Code    26  atoi.o(.text)
    __aeabi_uldivmod                         0x080001bb   Thumb Code    98  uldiv.o(.text)
    __aeabi_llsl                             0x0800021d   Thumb Code    30  llshl.o(.text)
    _ll_shift_l                              0x0800021d   Thumb Code     0  llshl.o(.text)
    __aeabi_llsr                             0x0800023b   Thumb Code    32  llushr.o(.text)
    _ll_ushift_r                             0x0800023b   Thumb Code     0  llushr.o(.text)
    strtol                                   0x0800025b   Thumb Code   112  strtol.o(.text)
    __scatterload                            0x080002cd   Thumb Code    28  init.o(.text)
    __scatterload_rt2                        0x080002cd   Thumb Code     0  init.o(.text)
    __rt_ctype_table                         0x080002f1   Thumb Code     4  ctype_o.o(.text)
    _strtoul                                 0x080002f9   Thumb Code   158  _strtoul.o(.text)
    _chval                                   0x08000397   Thumb Code    28  _chval.o(.text)
    AddDelay                                 0x080003b5   Thumb Code    36  timer.o(i.AddDelay)
    AliveEvent                               0x080003e1   Thumb Code   408  main.o(i.AliveEvent)
    CallFun                                  0x08000581   Thumb Code     8  timer.o(i.CallFun)
    ConnectSendCode                          0x08000589   Thumb Code   128  main.o(i.ConnectSendCode)
    DeErrEvent                               0x08000649   Thumb Code   360  main.o(i.DeErrEvent)
    Delay                                    0x080007d1   Thumb Code    58  timer.o(i.Delay)
    GetDataEvent                             0x08000815   Thumb Code    64  main.o(i.GetDataEvent)
    GetIPIDCmd                               0x08000859   Thumb Code    18  main.o(i.GetIPIDCmd)
    InitTimer                                0x080008f5   Thumb Code    44  timer.o(i.InitTimer)
    KEY_Init                                 0x08000921   Thumb Code    86  key.o(i.KEY_Init)
    KEY_Scan                                 0x0800098d   Thumb Code   138  key.o(i.KEY_Scan)
    KillThisTimer                            0x08000a2d   Thumb Code    34  timer.o(i.KillThisTimer)
    KillTimer                                0x08000a59   Thumb Code    32  timer.o(i.KillTimer)
    LCD_Clear                                0x08000a7d   Thumb Code   100  ili93xx.o(i.LCD_Clear)
    LCD_Display_Dir                          0x08000ae9   Thumb Code   364  ili93xx.o(i.LCD_Display_Dir)
    LCD_DrawPoint                            0x08000c59   Thumb Code    28  ili93xx.o(i.LCD_DrawPoint)
    LCD_Fill                                 0x08000c7d   Thumb Code   178  ili93xx.o(i.LCD_Fill)
    LCD_Init                                 0x08000d35   Thumb Code 14150  ili93xx.o(i.LCD_Init)
    LCD_Pow                                  0x08004485   Thumb Code    22  ili93xx.o(i.LCD_Pow)
    LCD_RD_DATA                              0x0800449d   Thumb Code    14  ili93xx.o(i.LCD_RD_DATA)
    LCD_ReadReg                              0x080044b1   Thumb Code    22  ili93xx.o(i.LCD_ReadReg)
    LCD_Scan_Dir                             0x080044c9   Thumb Code   678  ili93xx.o(i.LCD_Scan_Dir)
    LCD_SetCursor                            0x08004775   Thumb Code   262  ili93xx.o(i.LCD_SetCursor)
    LCD_ShowChar                             0x08004881   Thumb Code   340  ili93xx.o(i.LCD_ShowChar)
    LCD_ShowNum                              0x080049e9   Thumb Code   148  ili93xx.o(i.LCD_ShowNum)
    LCD_ShowString                           0x08004a7d   Thumb Code   102  ili93xx.o(i.LCD_ShowString)
    LCD_WR_DATA                              0x08004ae5   Thumb Code    18  ili93xx.o(i.LCD_WR_DATA)
    LCD_WR_REG                               0x08004afd   Thumb Code    18  ili93xx.o(i.LCD_WR_REG)
    LCD_WriteRAM_Prepare                     0x08004b15   Thumb Code    10  ili93xx.o(i.LCD_WriteRAM_Prepare)
    LCD_WriteReg                             0x08004b29   Thumb Code    20  ili93xx.o(i.LCD_WriteReg)
    LED_Init                                 0x08004b41   Thumb Code   100  led.o(i.LED_Init)
    MYRCC_DeInit                             0x08004bb1   Thumb Code    90  sys.o(i.MYRCC_DeInit)
    MY_NVIC_Init                             0x08004c19   Thumb Code   116  sys.o(i.MY_NVIC_Init)
    MY_NVIC_PriorityGroupConfig              0x08004c99   Thumb Code    32  sys.o(i.MY_NVIC_PriorityGroupConfig)
    MY_NVIC_SetVectorTable                   0x08004cc1   Thumb Code    12  sys.o(i.MY_NVIC_SetVectorTable)
    OnRecvData                               0x08004cd5   Thumb Code   320  uartprotocol.o(i.OnRecvData)
    RegisterCmdEvent                         0x08004f81   Thumb Code     8  uartprotocol.o(i.RegisterCmdEvent)
    SendCmdPack                              0x08004f8d   Thumb Code    62  uartprotocol.o(i.SendCmdPack)
    SendPack                                 0x08004fd1   Thumb Code    94  uartprotocol.o(i.SendPack)
    SetDataEvent                             0x08005035   Thumb Code   100  main.o(i.SetDataEvent)
    SetDelay                                 0x080050a1   Thumb Code    16  timer.o(i.SetDelay)
    SetTimer                                 0x080050b9   Thumb Code    86  timer.o(i.SetTimer)
    Stm32_Clock_Init                         0x08005131   Thumb Code   130  sys.o(i.Stm32_Clock_Init)
    SysTick_Handler                          0x080051bd   Thumb Code    62  timer.o(i.SysTick_Handler)
    TIM3CapInit                              0x08005205   Thumb Code   260  wave.o(i.TIM3CapInit)
    TIM3_IRQHandler                          0x08005315   Thumb Code   348  wave.o(i.TIM3_IRQHandler)
    TimerRun                                 0x08005485   Thumb Code   190  timer.o(i.TimerRun)
    UART_Init                                0x08005559   Thumb Code   166  uart.o(i.UART_Init)
    UART_OnRecv                              0x08005621   Thumb Code     6  uart.o(i.UART_OnRecv)
    UART_ReSetBps                            0x0800562d   Thumb Code    86  uart.o(i.UART_ReSetBps)
    UART_SendByte                            0x0800568d   Thumb Code    20  uart.o(i.UART_SendByte)
    UART_SendString                          0x080056a5   Thumb Code    22  uart.o(i.UART_SendString)
    USART1_IRQHandler                        0x080056bd   Thumb Code    24  uart.o(i.USART1_IRQHandler)
    UartCmd                                  0x080056dd   Thumb Code   136  uartprotocol.o(i.UartCmd)
    UnRegisterCmdEvent                       0x08005789   Thumb Code    38  uartprotocol.o(i.UnRegisterCmdEvent)
    WaveInit                                 0x080057b5   Thumb Code    78  wave.o(i.WaveInit)
    ZeroDelay                                0x08005985   Thumb Code    20  timer.o(i.ZeroDelay)
    __0sprintf$8                             0x080059a1   Thumb Code    34  printf8.o(i.__0sprintf$8)
    __1sprintf$8                             0x080059a1   Thumb Code     0  printf8.o(i.__0sprintf$8)
    __2sprintf                               0x080059a1   Thumb Code     0  printf8.o(i.__0sprintf$8)
    __aeabi_errno_addr                       0x080059c9   Thumb Code     4  errno.o(i.__aeabi_errno_addr)
    __rt_errno_addr                          0x080059c9   Thumb Code     0  errno.o(i.__aeabi_errno_addr)
    __scatterload_copy                       0x080059d1   Thumb Code    14  handlers.o(i.__scatterload_copy)
    __scatterload_null                       0x080059df   Thumb Code     2  handlers.o(i.__scatterload_null)
    __scatterload_zeroinit                   0x080059e1   Thumb Code    14  handlers.o(i.__scatterload_zeroinit)
    aack                                     0x08005e59   Thumb Code     6  uartprotocol.o(i.aack)
    ackpack                                  0x08005e65   Thumb Code    30  uartprotocol.o(i.ackpack)
    delay_init                               0x08005e8d   Thumb Code    24  delay.o(i.delay_init)
    delay_ms                                 0x08005ead   Thumb Code    24  delay.o(i.delay_ms)
    delay_us                                 0x08005ec5   Thumb Code    68  delay.o(i.delay_us)
    isLink                                   0x08005f4d   Thumb Code    14  uartprotocol.o(i.isLink)
    isUse                                    0x08005f61   Thumb Code    22  timer.o(i.isUse)
    keyTick                                  0x08005f7d   Thumb Code   128  main.o(i.keyTick)
    main                                     0x08006029   Thumb Code   310  main.o(i.main)
    ones                                     0x080061c1   Thumb Code     8  main.o(i.ones)
    sendackpacket                            0x080061c9   Thumb Code    28  uartprotocol.o(i.sendackpacket)
    showRefresh                              0x080061ed   Thumb Code     2  main.o(i.showRefresh)
    asc2_1206                                0x080061ee   Data        1140  ili93xx.o(.constdata)
    asc2_1608                                0x08006662   Data        1520  ili93xx.o(.constdata)
    UartProtocol                             0x08006c90   Data          36  uartprotocol.o(.constdata)
    UART                                     0x08006cb4   Data          20  uart.o(.constdata)
    Timer                                    0x08006cc8   Data          40  timer.o(.constdata)
    __ctype_table                            0x08006cf0   Data         129  ctype_o.o(.constdata)
    Region$$Table$$Base                      0x08006d78   Number         0  anon$$obj.o(Region$$Table)
    Region$$Table$$Limit                     0x08006d98   Number         0  anon$$obj.o(Region$$Table)
    devQu                                    0x20000000   Data           1  main.o(.data)
    getid                                    0x20000001   Data           1  main.o(.data)
    ip                                       0x20000002   Data           4  main.o(.data)
    time1                                    0x20000008   Data           4  main.o(.data)
    cm1                                      0x2000000c   Data           4  main.o(.data)
    time2                                    0x20000010   Data           4  main.o(.data)
    cm2                                      0x20000014   Data           4  main.o(.data)
    onesid                                   0x20000018   Data           1  main.o(.data)
    pid                                      0x2000001a   Data           6  main.o(.data)
    lastSetId                                0x20000020   Data           2  main.o(.data)
    TIM3CH3_CAPTURE_STA                      0x20000022   Data           1  wave.o(.data)
    TIM3CH4_CAPTURE_STA                      0x20000023   Data           1  wave.o(.data)
    TIM3CH3_CAPTURE_VAL                      0x20000024   Data           2  wave.o(.data)
    TIM3CH4_CAPTURE_VAL                      0x20000026   Data           2  wave.o(.data)
    POINT_COLOR                              0x2000002c   Data           2  ili93xx.o(.data)
    BACK_COLOR                               0x2000002e   Data           2  ili93xx.o(.data)
    packlen                                  0x20000030   Data           2  uartprotocol.o(.data)
    recvmode                                 0x20000032   Data           1  uartprotocol.o(.data)
    RecvFlag                                 0x20000033   Data           1  uartprotocol.o(.data)
    RecvCheck                                0x20000034   Data           1  uartprotocol.o(.data)
    TimeOut                                  0x20000035   Data           1  uartprotocol.o(.data)
    LinkTimeOut                              0x20000036   Data           2  uartprotocol.o(.data)
    recvcmd                                  0x20000038   Data           1  uartprotocol.o(.data)
    decodeErrlen                             0x2000003a   Data           2  uartprotocol.o(.data)
    packbuff                                 0x20000040   Data           4  uartprotocol.o(.data)
    sendbuff                                 0x20000044   Data           4  uartprotocol.o(.data)
    savecmd                                  0x20000048   Data           1  uartprotocol.o(.data)
    AutoACK                                  0x20000049   Data           1  uartprotocol.o(.data)
    recvdatapos                              0x2000004a   Data           2  uartprotocol.o(.data)
    senddatapos                              0x2000004c   Data           2  uartprotocol.o(.data)
    OnRecv                                   0x20000050   Data           4  uart.o(.data)
    TimerTick                                0x2000005c   Data           4  timer.o(.data)
    this                                     0x20000061   Data           1  timer.o(.data)
    TimerUse                                 0x20000062   Data           1  timer.o(.data)
    InputSP                                  0x20000064   Data           4  timer.o(.data)
    reip                                     0x2000006c   Data          40  main.o(.bss)
    id                                       0x20000094   Data          12  main.o(.bss)
    buffdata                                 0x200000a0   Data         128  main.o(.bss)
    lcddev                                   0x20000120   Data          14  ili93xx.o(.bss)
    UartCmdEvent                             0x20000130   Data          64  uartprotocol.o(.bss)
    TimerList                                0x20000170   Data          96  timer.o(.bss)
    __initial_sp                             0x200009d0   Data           0  startup_stm32f10x_md.o(STACK)



==============================================================================

Memory Map of the image

  Image Entry point : 0x080000ed

  Load Region LR_IROM1 (Base: 0x08000000, Size: 0x00006e04, Max: 0x00010000, ABSOLUTE)

    Execution Region ER_IROM1 (Base: 0x08000000, Size: 0x00006d98, Max: 0x00010000, ABSOLUTE)

    Base Addr    Size         Type   Attr      Idx    E Section Name        Object

    0x08000000   0x000000ec   Data   RO          198    RESET               startup_stm32f10x_md.o
    0x080000ec   0x00000000   Code   RO         1541  * .ARM.Collect$$$$00000000  mc_w.l(entry.o)
    0x080000ec   0x00000004   Code   RO         1874    .ARM.Collect$$$$00000001  mc_w.l(entry2.o)
    0x080000f0   0x00000004   Code   RO         1877    .ARM.Collect$$$$00000004  mc_w.l(entry5.o)
    0x080000f4   0x00000000   Code   RO         1879    .ARM.Collect$$$$00000008  mc_w.l(entry7b.o)
    0x080000f4   0x00000000   Code   RO         1881    .ARM.Collect$$$$0000000A  mc_w.l(entry8b.o)
    0x080000f4   0x00000008   Code   RO         1882    .ARM.Collect$$$$0000000B  mc_w.l(entry9a.o)
    0x080000fc   0x00000000   Code   RO         1884    .ARM.Collect$$$$0000000D  mc_w.l(entry10a.o)
    0x080000fc   0x00000000   Code   RO         1886    .ARM.Collect$$$$0000000F  mc_w.l(entry11a.o)
    0x080000fc   0x00000004   Code   RO         1875    .ARM.Collect$$$$00002712  mc_w.l(entry2.o)
    0x08000100   0x00000024   Code   RO         1433    .emb_text           timer.o
    0x08000124   0x0000001c   Code   RO          199    .text               startup_stm32f10x_md.o
    0x08000140   0x00000024   Code   RO         1546    .text               mc_w.l(memseta.o)
    0x08000164   0x00000018   Code   RO         1548    .text               mc_w.l(strcat.o)
    0x0800017c   0x00000024   Code   RO         1550    .text               mc_w.l(strstr.o)
    0x080001a0   0x0000001a   Code   RO         1815    .text               mc_w.l(atoi.o)
    0x080001ba   0x00000062   Code   RO         1893    .text               mc_w.l(uldiv.o)
    0x0800021c   0x0000001e   Code   RO         1895    .text               mc_w.l(llshl.o)
    0x0800023a   0x00000020   Code   RO         1897    .text               mc_w.l(llushr.o)
    0x0800025a   0x00000070   Code   RO         1908    .text               mc_w.l(strtol.o)
    0x080002ca   0x00000002   PAD
    0x080002cc   0x00000024   Code   RO         1921    .text               mc_w.l(init.o)
    0x080002f0   0x00000008   Code   RO         1924    .text               mc_w.l(ctype_o.o)
    0x080002f8   0x0000009e   Code   RO         1952    .text               mc_w.l(_strtoul.o)
    0x08000396   0x0000001c   Code   RO         1959    .text               mc_w.l(_chval.o)
    0x080003b2   0x00000002   PAD
    0x080003b4   0x0000002c   Code   RO         1434    i.AddDelay          timer.o
    0x080003e0   0x000001a0   Code   RO            1    i.AliveEvent        main.o
    0x08000580   0x00000008   Code   RO         1435    i.CallFun           timer.o
    0x08000588   0x000000c0   Code   RO            5    i.ConnectSendCode   main.o
    0x08000648   0x00000188   Code   RO            6    i.DeErrEvent        main.o
    0x080007d0   0x00000044   Code   RO         1436    i.Delay             timer.o
    0x08000814   0x00000044   Code   RO            7    i.GetDataEvent      main.o
    0x08000858   0x0000005c   Code   RO            8    i.GetIPIDCmd        main.o
    0x080008b4   0x00000040   Code   RO         1200    i.Init              uartprotocol.o
    0x080008f4   0x0000002c   Code   RO         1437    i.InitTimer         timer.o
    0x08000920   0x0000006c   Code   RO         1414    i.KEY_Init          key.o
    0x0800098c   0x000000a0   Code   RO         1415    i.KEY_Scan          key.o
    0x08000a2c   0x0000002c   Code   RO         1438    i.KillThisTimer     timer.o
    0x08000a58   0x00000024   Code   RO         1439    i.KillTimer         timer.o
    0x08000a7c   0x0000006c   Code   RO          355    i.LCD_Clear         ili93xx.o
    0x08000ae8   0x00000170   Code   RO          359    i.LCD_Display_Dir   ili93xx.o
    0x08000c58   0x00000024   Code   RO          361    i.LCD_DrawPoint     ili93xx.o
    0x08000c7c   0x000000b8   Code   RO          365    i.LCD_Fill          ili93xx.o
    0x08000d34   0x00003750   Code   RO          366    i.LCD_Init          ili93xx.o
    0x08004484   0x00000016   Code   RO          367    i.LCD_Pow           ili93xx.o
    0x0800449a   0x00000002   PAD
    0x0800449c   0x00000014   Code   RO          368    i.LCD_RD_DATA       ili93xx.o
    0x080044b0   0x00000016   Code   RO          370    i.LCD_ReadReg       ili93xx.o
    0x080044c6   0x00000002   PAD
    0x080044c8   0x000002ac   Code   RO          371    i.LCD_Scan_Dir      ili93xx.o
    0x08004774   0x0000010c   Code   RO          372    i.LCD_SetCursor     ili93xx.o
    0x08004880   0x00000168   Code   RO          374    i.LCD_ShowChar      ili93xx.o
    0x080049e8   0x00000094   Code   RO          375    i.LCD_ShowNum       ili93xx.o
    0x08004a7c   0x00000066   Code   RO          376    i.LCD_ShowString    ili93xx.o
    0x08004ae2   0x00000002   PAD
    0x08004ae4   0x00000018   Code   RO          378    i.LCD_WR_DATA       ili93xx.o
    0x08004afc   0x00000018   Code   RO          379    i.LCD_WR_REG        ili93xx.o
    0x08004b14   0x00000014   Code   RO          381    i.LCD_WriteRAM_Prepare  ili93xx.o
    0x08004b28   0x00000018   Code   RO          382    i.LCD_WriteReg      ili93xx.o
    0x08004b40   0x00000070   Code   RO          204    i.LED_Init          led.o
    0x08004bb0   0x00000068   Code   RO          293    i.MYRCC_DeInit      sys.o
    0x08004c18   0x00000080   Code   RO          294    i.MY_NVIC_Init      sys.o
    0x08004c98   0x00000028   Code   RO          295    i.MY_NVIC_PriorityGroupConfig  sys.o
    0x08004cc0   0x00000014   Code   RO          296    i.MY_NVIC_SetVectorTable  sys.o
    0x08004cd4   0x00000160   Code   RO         1201    i.OnRecvData        uartprotocol.o
    0x08004e34   0x00000050   Code   RO         1202    i.ReadBuff          uartprotocol.o
    0x08004e84   0x00000034   Code   RO         1203    i.ReadByte          uartprotocol.o
    0x08004eb8   0x00000078   Code   RO         1204    i.ReadDWord         uartprotocol.o
    0x08004f30   0x00000050   Code   RO         1205    i.ReadWord          uartprotocol.o
    0x08004f80   0x0000000c   Code   RO         1206    i.RegisterCmdEvent  uartprotocol.o
    0x08004f8c   0x00000044   Code   RO         1207    i.SendCmdPack       uartprotocol.o
    0x08004fd0   0x00000064   Code   RO         1208    i.SendPack          uartprotocol.o
    0x08005034   0x0000006c   Code   RO           10    i.SetDataEvent      main.o
    0x080050a0   0x00000018   Code   RO         1440    i.SetDelay          timer.o
    0x080050b8   0x00000060   Code   RO         1441    i.SetTimer          timer.o
    0x08005118   0x00000018   Code   RO         1209    i.Setoffset         uartprotocol.o
    0x08005130   0x0000008c   Code   RO          297    i.Stm32_Clock_Init  sys.o
    0x080051bc   0x00000048   Code   RO         1442    i.SysTick_Handler   timer.o
    0x08005204   0x00000110   Code   RO          217    i.TIM3CapInit       wave.o
    0x08005314   0x00000170   Code   RO          218    i.TIM3_IRQHandler   wave.o
    0x08005484   0x000000d4   Code   RO         1443    i.TimerRun          timer.o
    0x08005558   0x000000c8   Code   RO         1355    i.UART_Init         uart.o
    0x08005620   0x0000000c   Code   RO         1356    i.UART_OnRecv       uart.o
    0x0800562c   0x00000060   Code   RO         1357    i.UART_ReSetBps     uart.o
    0x0800568c   0x00000018   Code   RO         1358    i.UART_SendByte     uart.o
    0x080056a4   0x00000016   Code   RO         1359    i.UART_SendString   uart.o
    0x080056ba   0x00000002   PAD
    0x080056bc   0x00000020   Code   RO         1361    i.USART1_IRQHandler  uart.o
    0x080056dc   0x000000ac   Code   RO         1211    i.UartCmd           uartprotocol.o
    0x08005788   0x0000002c   Code   RO         1212    i.UnRegisterCmdEvent  uartprotocol.o
    0x080057b4   0x00000060   Code   RO          220    i.WaveInit          wave.o
    0x08005814   0x0000004c   Code   RO         1213    i.WriteBuff         uartprotocol.o
    0x08005860   0x00000030   Code   RO         1214    i.WriteByte         uartprotocol.o
    0x08005890   0x00000070   Code   RO         1215    i.WriteDWord        uartprotocol.o
    0x08005900   0x00000048   Code   RO         1216    i.WriteWord         uartprotocol.o
    0x08005948   0x0000003c   Code   RO         1217    i.Writestr          uartprotocol.o
    0x08005984   0x0000001c   Code   RO         1444    i.ZeroDelay         timer.o
    0x080059a0   0x00000028   Code   RO         1763    i.__0sprintf$8      mc_w.l(printf8.o)
    0x080059c8   0x00000008   Code   RO         1901    i.__aeabi_errno_addr  mc_w.l(errno.o)
    0x080059d0   0x0000000e   Code   RO         1963    i.__scatterload_copy  mc_w.l(handlers.o)
    0x080059de   0x00000002   Code   RO         1964    i.__scatterload_null  mc_w.l(handlers.o)
    0x080059e0   0x0000000e   Code   RO         1965    i.__scatterload_zeroinit  mc_w.l(handlers.o)
    0x080059ee   0x00000002   PAD
    0x080059f0   0x00000408   Code   RO         1768    i._printf_core      mc_w.l(printf8.o)
    0x08005df8   0x00000026   Code   RO         1769    i._printf_post_padding  mc_w.l(printf8.o)
    0x08005e1e   0x00000030   Code   RO         1770    i._printf_pre_padding  mc_w.l(printf8.o)
    0x08005e4e   0x0000000a   Code   RO         1772    i._sputc            mc_w.l(printf8.o)
    0x08005e58   0x0000000c   Code   RO         1218    i.aack              uartprotocol.o
    0x08005e64   0x00000028   Code   RO         1219    i.ackpack           uartprotocol.o
    0x08005e8c   0x00000020   Code   RO          258    i.delay_init        delay.o
    0x08005eac   0x00000018   Code   RO          259    i.delay_ms          delay.o
    0x08005ec4   0x00000048   Code   RO          261    i.delay_us          delay.o
    0x08005f0c   0x00000014   Code   RO         1220    i.getbuff           uartprotocol.o
    0x08005f20   0x0000000c   Code   RO         1221    i.getcmd            uartprotocol.o
    0x08005f2c   0x0000000c   Code   RO         1222    i.getlen            uartprotocol.o
    0x08005f38   0x00000014   Code   RO         1223    i.getsendbuff       uartprotocol.o
    0x08005f4c   0x00000014   Code   RO         1224    i.isLink            uartprotocol.o
    0x08005f60   0x0000001c   Code   RO         1445    i.isUse             timer.o
    0x08005f7c   0x000000ac   Code   RO           11    i.keyTick           main.o
    0x08006028   0x00000198   Code   RO           12    i.main              main.o
    0x080061c0   0x00000008   Code   RO           14    i.ones              main.o
    0x080061c8   0x00000024   Code   RO         1225    i.sendackpacket     uartprotocol.o
    0x080061ec   0x00000002   Code   RO           15    i.showRefresh       main.o
    0x080061ee   0x00000a64   Data   RO          385    .constdata          ili93xx.o
    0x08006c52   0x00000002   PAD
    0x08006c54   0x00000060   Data   RO         1227    .constdata          uartprotocol.o
    0x08006cb4   0x00000014   Data   RO         1362    .constdata          uart.o
    0x08006cc8   0x00000028   Data   RO         1447    .constdata          timer.o
    0x08006cf0   0x00000081   Data   RO         1925    .constdata          mc_w.l(ctype_o.o)
    0x08006d71   0x00000003   PAD
    0x08006d74   0x00000004   Data   RO         1926    .constdata          mc_w.l(ctype_o.o)
    0x08006d78   0x00000020   Data   RO         1961    Region$$Table       anon$$obj.o


    Execution Region RW_IRAM1 (Base: 0x20000000, Size: 0x000009d0, Max: 0x00005000, ABSOLUTE)

    Base Addr    Size         Type   Attr      Idx    E Section Name        Object

    0x20000000   0x00000022   Data   RW           20    .data               main.o
    0x20000022   0x00000006   Data   RW          221    .data               wave.o
    0x20000028   0x00000004   Data   RW          262    .data               delay.o
    0x2000002c   0x00000004   Data   RW          386    .data               ili93xx.o
    0x20000030   0x0000001e   Data   RW         1228    .data               uartprotocol.o
    0x2000004e   0x00000002   PAD
    0x20000050   0x00000008   Data   RW         1363    .data               uart.o
    0x20000058   0x00000001   Data   RW         1416    .data               key.o
    0x20000059   0x00000003   PAD
    0x2000005c   0x0000000c   Data   RW         1448    .data               timer.o
    0x20000068   0x00000004   Data   RW         1904    .data               mc_w.l(errno.o)
    0x2000006c   0x000000b4   Zero   RW           19    .bss                main.o
    0x20000120   0x0000000e   Zero   RW          384    .bss                ili93xx.o
    0x2000012e   0x00000002   PAD
    0x20000130   0x00000040   Zero   RW         1226    .bss                uartprotocol.o
    0x20000170   0x00000060   Zero   RW         1446    .bss                timer.o
    0x200001d0   0x00000800   Zero   RW          196    STACK               startup_stm32f10x_md.o


==============================================================================

Image component sizes


      Code (inc. data)   RO Data    RW Data    ZI Data      Debug   Object Name

       128         12          0          4          0       1563   delay.o
     16574        180       2660          4         14      20748   ili93xx.o
       268         44          0          1          0        986   key.o
       112         12          0          0          0        387   led.o
      1858        332          0         34        180     214176   main.o
        28          4        236          0       2048        768   startup_stm32f10x_md.o
       432         52          0          0          0       2552   sys.o
       740        100         40         12         96       7246   timer.o
       386         62         20          8          0      19061   uart.o
      1708        284         96         30         64      14281   uartprotocol.o
       736         50          0          6          0       1925   wave.o

    ----------------------------------------------------------------------
     22978       1132       3086        104       2404     283693   Object Totals
         0          0         32          0          0          0   (incl. Generated)
         8          0          2          5          2          0   (incl. Padding)

    ----------------------------------------------------------------------

      Code (inc. data)   RO Data    RW Data    ZI Data      Debug   Library Member Name

        28          0          0          0          0         68   _chval.o
       158          0          0          0          0         92   _strtoul.o
        26          0          0          0          0         80   atoi.o
         8          4        133          0          0         68   ctype_o.o
         0          0          0          0          0          0   entry.o
         0          0          0          0          0          0   entry10a.o
         0          0          0          0          0          0   entry11a.o
         8          4          0          0          0          0   entry2.o
         4          0          0          0          0          0   entry5.o
         0          0          0          0          0          0   entry7b.o
         0          0          0          0          0          0   entry8b.o
         8          4          0          0          0          0   entry9a.o
         8          4          0          4          0         68   errno.o
        30          0          0          0          0          0   handlers.o
        36          8          0          0          0         68   init.o
        30          0          0          0          0         68   llshl.o
        32          0          0          0          0         68   llushr.o
        36          0          0          0          0        108   memseta.o
      1168         50          0          0          0        420   printf8.o
        24          0          0          0          0         68   strcat.o
        36          0          0          0          0         80   strstr.o
       112          0          0          0          0         88   strtol.o
        98          0          0          0          0         92   uldiv.o

    ----------------------------------------------------------------------
      1856         74        136          4          0       1436   Library Totals
         6          0          3          0          0          0   (incl. Padding)

    ----------------------------------------------------------------------

      Code (inc. data)   RO Data    RW Data    ZI Data      Debug   Library Name

      1850         74        133          4          0       1436   mc_w.l

    ----------------------------------------------------------------------
      1856         74        136          4          0       1436   Library Totals

    ----------------------------------------------------------------------

==============================================================================


      Code (inc. data)   RO Data    RW Data    ZI Data      Debug   

     24834       1206       3222        108       2404     280293   Grand Totals
     24834       1206       3222        108       2404     280293   ELF Image Totals
     24834       1206       3222        108          0          0   ROM Totals

==============================================================================

    Total RO  Size (Code + RO Data)                28056 (  27.40kB)
    Total RW  Size (RW Data + ZI Data)              2512 (   2.45kB)
    Total ROM Size (Code + RO Data + RW Data)      28164 (  27.50kB)

==============================================================================

