ARM Linker, 5.03 [Build 76] [MDK-ARM Standard]

==============================================================================

Section Cross References

    main.o(i.GetDataEvent) refers to main.o(.data) for cm2
    main.o(i.SetDataEvent) refers to main.o(.data) for lastSetId
    main.o(i.main) refers to sys.o(i.Stm32_Clock_Init) for Stm32_Clock_Init
    main.o(i.main) refers to delay.o(i.delay_init) for delay_init
    main.o(i.main) refers to wave.o(i.WaveInit) for WaveInit
    main.o(i.main) refers to ili93xx.o(i.LCD_Init) for LCD_Init
    main.o(i.main) refers to ili93xx.o(i.LCD_ShowString) for LCD_ShowString
    main.o(i.main) refers to ili93xx.o(i.LCD_ShowNum) for LCD_ShowNum
    main.o(i.main) refers to wave.o(i.GetWaveTime) for GetWaveTime
    main.o(i.main) refers to wave.o(i.Time2Length) for Time2Length
    main.o(i.main) refers to delay.o(i.delay_ms) for delay_ms
    main.o(i.main) refers to uart.o(.constdata) for UART
    main.o(i.main) refers to uartprotocol.o(i.OnRecvData) for OnRecvData
    main.o(i.main) refers to uartprotocol.o(.constdata) for UartProtocol
    main.o(i.main) refers to main.o(.bss) for buffdata
    main.o(i.main) refers to main.o(i.AliveEvent) for AliveEvent
    main.o(i.main) refers to main.o(i.GetDataEvent) for GetDataEvent
    main.o(i.main) refers to main.o(i.SetDataEvent) for SetDataEvent
    main.o(i.main) refers to main.o(.data) for pid
    main.o(i.mpu6050_send_data) refers to main.o(i.usart1_niming_report) for usart1_niming_report
    main.o(i.usart1_niming_report) refers to main.o(i.usart1_send_char) for usart1_send_char
    main.o(i.usart1_report_imu) refers to main.o(i.usart1_niming_report) for usart1_niming_report
    startup_stm32f10x_md.o(STACK) refers (Special) to heapauxi.o(.text) for __use_two_region_memory
    startup_stm32f10x_md.o(HEAP) refers (Special) to heapauxi.o(.text) for __use_two_region_memory
    startup_stm32f10x_md.o(RESET) refers (Special) to heapauxi.o(.text) for __use_two_region_memory
    startup_stm32f10x_md.o(RESET) refers to startup_stm32f10x_md.o(STACK) for __initial_sp
    startup_stm32f10x_md.o(RESET) refers to startup_stm32f10x_md.o(.text) for Reset_Handler
    startup_stm32f10x_md.o(RESET) refers to wave.o(i.TIM3_IRQHandler) for TIM3_IRQHandler
    startup_stm32f10x_md.o(RESET) refers to uart.o(i.USART1_IRQHandler) for USART1_IRQHandler
    startup_stm32f10x_md.o(.text) refers (Special) to heapauxi.o(.text) for __use_two_region_memory
    startup_stm32f10x_md.o(.text) refers to __main.o(!!!main) for __main
    startup_stm32f10x_md.o(.text) refers to startup_stm32f10x_md.o(HEAP) for Heap_Mem
    startup_stm32f10x_md.o(.text) refers to startup_stm32f10x_md.o(STACK) for Stack_Mem
    wave.o(i.GetWaveTime) refers to delay.o(i.delay_us) for delay_us
    wave.o(i.GetWaveTime) refers to delay.o(i.delay_ms) for delay_ms
    wave.o(i.GetWaveTime) refers to wave.o(.data) for TIM3CH3_CAPTURE_STA
    wave.o(i.TIM3CapInit) refers to sys.o(i.MY_NVIC_Init) for MY_NVIC_Init
    wave.o(i.TIM3_IRQHandler) refers to wave.o(.data) for TIM3CH3_CAPTURE_STA
    wave.o(i.Time2Length) refers to fflt_clz.o(x$fpl$ffltu) for __aeabi_ui2f
    wave.o(i.Time2Length) refers to f2d.o(x$fpl$f2d) for __aeabi_f2d
    wave.o(i.Time2Length) refers to dmul.o(x$fpl$dmul) for __aeabi_dmul
    wave.o(i.Time2Length) refers to ddiv.o(x$fpl$ddiv) for __aeabi_ddiv
    wave.o(i.Time2Length) refers to dfixu.o(x$fpl$dfixu) for __aeabi_d2uiz
    wave.o(i.WaveInit) refers to wave.o(i.TIM3CapInit) for TIM3CapInit
    delay.o(i.delay_init) refers to delay.o(.data) for fac_us
    delay.o(i.delay_ms) refers to delay.o(.data) for fac_ms
    delay.o(i.delay_us) refers to delay.o(.data) for fac_us
    sys.o(i.MYRCC_DeInit) refers to sys.o(i.MY_NVIC_SetVectorTable) for MY_NVIC_SetVectorTable
    sys.o(i.MY_NVIC_Init) refers to sys.o(i.MY_NVIC_PriorityGroupConfig) for MY_NVIC_PriorityGroupConfig
    sys.o(i.Stm32_Clock_Init) refers to sys.o(i.MYRCC_DeInit) for MYRCC_DeInit
    sys.o(i.Sys_Standby) refers to sys.o(.emb_text) for WFI_SET
    ili93xx.o(i.LCD_Clear) refers to ili93xx.o(i.LCD_SetCursor) for LCD_SetCursor
    ili93xx.o(i.LCD_Clear) refers to ili93xx.o(i.LCD_WriteRAM_Prepare) for LCD_WriteRAM_Prepare
    ili93xx.o(i.LCD_Clear) refers to ili93xx.o(.bss) for lcddev
    ili93xx.o(i.LCD_Color_Fill) refers to ili93xx.o(i.LCD_SetCursor) for LCD_SetCursor
    ili93xx.o(i.LCD_Color_Fill) refers to ili93xx.o(i.LCD_WriteRAM_Prepare) for LCD_WriteRAM_Prepare
    ili93xx.o(i.LCD_DisplayOff) refers to ili93xx.o(i.LCD_WR_REG) for LCD_WR_REG
    ili93xx.o(i.LCD_DisplayOff) refers to ili93xx.o(i.LCD_WriteReg) for LCD_WriteReg
    ili93xx.o(i.LCD_DisplayOff) refers to ili93xx.o(.bss) for lcddev
    ili93xx.o(i.LCD_DisplayOn) refers to ili93xx.o(i.LCD_WR_REG) for LCD_WR_REG
    ili93xx.o(i.LCD_DisplayOn) refers to ili93xx.o(i.LCD_WriteReg) for LCD_WriteReg
    ili93xx.o(i.LCD_DisplayOn) refers to ili93xx.o(.bss) for lcddev
[...]
    h1_extend.o(.text) refers to h1_free.o(.text) for free
    h1_init_mt.o(.text) refers to mutex_dummy.o(.text) for _mutex_initialize
    h1_extend_mt.o(.text) refers to h1_free_mt.o(.text) for _free_internal
    fflush.o(.text) refers to stdio.o(.text) for _fflush
    fflush.o(.text) refers to fseek.o(.text) for _fseek
    fflush.o(.text) refers to stdio_streams.o(.bss) for __stdin
    fputs.o(.text) refers to fputc.o(i.fputc) for fputc
    ftell.o(.text) refers to rt_errno_addr_intlibspace.o(.text) for __aeabi_errno_addr
    fflush_locked.o(.text) refers to stdio.o(.text) for _fflush
    fflush_locked.o(.text) refers to fseek.o(.text) for _fseek
    fflush_locked.o(.text) refers to fflush.o(.text) for _do_fflush
    fflush_locked.o(.text) refers to streamlock.o(.data) for _stream_list_lock
    fflush_locked.o(.text) refers to stdio_streams.o(.bss) for __stdin
    __raise.o(.text) refers to defsig.o(CL$$defsig) for __default_signal_handler
    defsig_general.o(.text) refers to sys_wrch.o(.text) for _ttywrch
    defsig_fpe_inner.o(.text) refers to defsig_general.o(.text) for __default_signal_display
    defsig_rtmem_outer.o(.text) refers to defsig_rtmem_inner.o(.text) for __rt_SIGRTMEM_inner
    defsig_rtmem_outer.o(.text) refers to defsig_exit.o(.text) for __sig_exit
    defsig_rtmem_formal.o(.text) refers to rt_raise.o(.text) for __rt_raise
    rt_memcpy_v6.o(.text) refers to rt_memcpy_w.o(.text) for __aeabi_memcpy4
    heapauxa.o(.text) refers to heapauxa.o(.data) for .data
    _get_argv.o(.text) refers (Special) to hrguard.o(.text) for __heap_region$guard
    _get_argv.o(.text) refers to h1_alloc.o(.text) for malloc
    _get_argv.o(.text) refers to defsig_rtmem_outer.o(.text) for __rt_SIGRTMEM
    _get_argv.o(.text) refers to sys_command.o(.text) for _sys_command_string
    _get_argv_nomalloc.o(.text) refers (Special) to hrguard.o(.text) for __heap_region$guard
    _get_argv_nomalloc.o(.text) refers to defsig_rtmem_outer.o(.text) for __rt_SIGRTMEM
    _get_argv_nomalloc.o(.text) refers to sys_command.o(.text) for _sys_command_string
    sys_wrch.o(.text) refers (Special) to use_no_semi.o(.text) for __I$use$semihosting
    sys_wrch.o(.text) refers (Special) to indicate_semi.o(.text) for __semihosting_library_function
    sys_command.o(.text) refers (Special) to use_no_semi.o(.text) for __I$use$semihosting
    sys_command.o(.text) refers (Special) to indicate_semi.o(.text) for __semihosting_library_function
    term_alloc.o(.text) refers (Special) to libshutdown2.o(.ARM.Collect$$libshutdown$$0000000D) for __rt_lib_shutdown_heap_2
    term_alloc.o(.text) refers to rt_heap_descriptor_intlibspace.o(.text) for __rt_heap_descriptor
    term_alloc.o(.text) refers to h1_final.o(.text) for __Heap_Finalize
    defsig_rtmem_inner.o(.text) refers to defsig_general.o(.text) for __default_signal_display
    defsig.o(CL$$defsig) refers to defsig_fpe_inner.o(.text) for __rt_SIGFPE_inner
    defsig.o(CL$$defsig) refers to defsig_rtred_inner.o(.text) for __rt_SIGRTRED_inner
    defsig.o(CL$$defsig) refers to defsig_rtmem_inner.o(.text) for __rt_SIGRTMEM_inner
    libshutdown.o(.ARM.Collect$$libshutdown$$00000000) refers (Special) to libshutdown2.o(.ARM.Collect$$libshutdown$$00000006) for __rt_lib_shutdown_fp_trap_1
    libshutdown.o(.ARM.Collect$$libshutdown$$00000000) refers (Special) to libshutdown2.o(.ARM.Collect$$libshutdown$$0000000E) for __rt_lib_shutdown_heap_1
    libshutdown.o(.ARM.Collect$$libshutdown$$00000000) refers (Special) to libshutdown2.o(.ARM.Collect$$libshutdown$$0000000F) for __rt_lib_shutdown_return
    libshutdown.o(.ARM.Collect$$libshutdown$$00000000) refers (Special) to libshutdown2.o(.ARM.Collect$$libshutdown$$00000009) for __rt_lib_shutdown_signal_1
    libshutdown.o(.ARM.Collect$$libshutdown$$00000000) refers (Special) to libshutdown2.o(.ARM.Collect$$libshutdown$$00000003) for __rt_lib_shutdown_stdio_1
    libshutdown.o(.ARM.Collect$$libshutdown$$00000000) refers (Special) to libshutdown2.o(.ARM.Collect$$libshutdown$$0000000B) for __rt_lib_shutdown_user_alloc_1
    defsig_abrt_inner.o(.text) refers to defsig_general.o(.text) for __default_signal_display
    defsig_stak_inner.o(.text) refers to defsig_general.o(.text) for __default_signal_display
    defsig_pvfn_inner.o(.text) refers to defsig_general.o(.text) for __default_signal_display
    defsig_cppl_inner.o(.text) refers to defsig_general.o(.text) for __default_signal_display
    defsig_segv_inner.o(.text) refers to defsig_general.o(.text) for __default_signal_display
    defsig_other.o(.text) refers to defsig_general.o(.text) for __default_signal_display


==============================================================================

Removing Unused input sections from the image.

    Removing main.o(i.mpu6050_send_data), (110 bytes).
    Removing main.o(i.usart1_niming_report), (120 bytes).
    Removing main.o(i.usart1_report_imu), (192 bytes).
    Removing main.o(i.usart1_send_char), (24 bytes).
    Removing led.o(i.LED_Init), (2 bytes).
    Removing sys.o(.emb_text), (12 bytes).
    Removing sys.o(i.Ex_NVIC_Config), (160 bytes).
    Removing sys.o(i.JTAG_Set), (48 bytes).
    Removing sys.o(i.Sys_Soft_Reset), (16 bytes).
    Removing sys.o(i.Sys_Standby), (76 bytes).
    Removing ili93xx.o(i.LCD_BGR2RGB), (26 bytes).
    Removing ili93xx.o(i.LCD_Color_Fill), (96 bytes).
    Removing ili93xx.o(i.LCD_DisplayOff), (84 bytes).
    Removing ili93xx.o(i.LCD_DisplayOn), (84 bytes).
    Removing ili93xx.o(i.LCD_DrawLine), (176 bytes).
    Removing ili93xx.o(i.LCD_DrawRectangle), (60 bytes).
    Removing ili93xx.o(i.LCD_Draw_Circle), (152 bytes).
    Removing ili93xx.o(i.LCD_Fast_DrawPoint), (284 bytes).
    Removing ili93xx.o(i.LCD_Fill), (184 bytes).
    Removing ili93xx.o(i.LCD_ReadPoint), (364 bytes).
    Removing ili93xx.o(i.LCD_Set_Window), (388 bytes).
    Removing ili93xx.o(i.LCD_ShowxNum), (190 bytes).
    Removing ili93xx.o(i.LCD_WriteRAM), (12 bytes).
    Removing ili93xx.o(i.opt_delay), (14 bytes).
    Removing mpu6050.o(i.MPU_Get_Accelerometer), (80 bytes).
    Removing mpu6050.o(i.MPU_Get_Gyroscope), (80 bytes).
    Removing mpu6050.o(i.MPU_Get_Temperature), (104 bytes).
    Removing mpu6050.o(i.MPU_Init), (122 bytes).
    Removing mpu6050.o(i.MPU_Read_Byte), (58 bytes).
    Removing mpu6050.o(i.MPU_Read_Len), (116 bytes).
    Removing mpu6050.o(i.MPU_Set_Accel_Fsr), (16 bytes).
    Removing mpu6050.o(i.MPU_Set_Gyro_Fsr), (16 bytes).
    Removing mpu6050.o(i.MPU_Set_LPF), (58 bytes).
    Removing mpu6050.o(i.MPU_Set_Rate), (58 bytes).
    Removing mpu6050.o(i.MPU_Write_Byte), (68 bytes).
    Removing mpu6050.o(i.MPU_Write_Len), (96 bytes).
    Removing iic.o(i.IIC_Ack), (84 bytes).
    Removing iic.o(i.IIC_Init), (60 bytes).
    Removing iic.o(i.IIC_NAck), (84 bytes).
    Removing iic.o(i.IIC_Read_Byte), (116 bytes).
    Removing iic.o(i.IIC_Send_Byte), (112 bytes).
    Removing iic.o(i.IIC_Start), (80 bytes).
    Removing iic.o(i.IIC_Stop), (80 bytes).
    Removing iic.o(i.IIC_Wait_Ack), (104 bytes).
    Removing inv_mpu.o(i.accel_self_test), (164 bytes).
    Removing inv_mpu.o(i.get_accel_prod_shift), (180 bytes).
    Removing inv_mpu.o(i.get_st_biases), (1136 bytes).
    Removing inv_mpu.o(i.gyro_self_test), (268 bytes).
    Removing inv_mpu.o(i.inv_orientation_matrix_to_scalar), (40 bytes).
    Removing inv_mpu.o(i.inv_row_2_scale), (78 bytes).
    Removing inv_mpu.o(i.mget_ms), (2 bytes).
    Removing inv_mpu.o(i.mpu_configure_fifo), (112 bytes).
    Removing inv_mpu.o(i.mpu_dmp_get_data), (548 bytes).
    Removing inv_mpu.o(i.mpu_dmp_init), (156 bytes).
    Removing inv_mpu.o(i.mpu_get_accel_fsr), (76 bytes).
    Removing inv_mpu.o(i.mpu_get_accel_reg), (116 bytes).
    Removing inv_mpu.o(i.mpu_get_accel_sens), (84 bytes).
    Removing inv_mpu.o(i.mpu_get_compass_fsr), (8 bytes).
    Removing inv_mpu.o(i.mpu_get_compass_reg), (8 bytes).
    Removing inv_mpu.o(i.mpu_get_compass_sample_rate), (10 bytes).
    Removing inv_mpu.o(i.mpu_get_dmp_state), (20 bytes).
    Removing inv_mpu.o(i.mpu_get_fifo_config), (16 bytes).
    Removing inv_mpu.o(i.mpu_get_gyro_fsr), (68 bytes).
    Removing inv_mpu.o(i.mpu_get_gyro_reg), (116 bytes).
    Removing inv_mpu.o(i.mpu_get_gyro_sens), (80 bytes).
    Removing inv_mpu.o(i.mpu_get_int_status), (68 bytes).
    Removing inv_mpu.o(i.mpu_get_lpf), (80 bytes).
    Removing inv_mpu.o(i.mpu_get_power_state), (28 bytes).
    Removing inv_mpu.o(i.mpu_get_sample_rate), (32 bytes).
    Removing inv_mpu.o(i.mpu_get_temperature), (160 bytes).
    Removing inv_mpu.o(i.mpu_init), (496 bytes).
    Removing inv_mpu.o(i.mpu_load_firmware), (184 bytes).
    Removing inv_mpu.o(i.mpu_lp_accel_mode), (224 bytes).
    Removing inv_mpu.o(i.mpu_lp_motion_interrupt), (516 bytes).
    Removing inv_mpu.o(i.mpu_read_fifo), (504 bytes).
    Removing inv_mpu.o(i.mpu_read_fifo_stream), (192 bytes).
    Removing inv_mpu.o(i.mpu_read_mem), (128 bytes).
    Removing inv_mpu.o(i.mpu_read_reg), (72 bytes).
    Removing inv_mpu.o(i.mpu_reg_dump), (104 bytes).
    Removing inv_mpu.o(i.mpu_reset_fifo), (456 bytes).
    Removing inv_mpu.o(i.mpu_run_self_test), (284 bytes).
    Removing inv_mpu.o(i.mpu_set_accel_bias), (384 bytes).
    Removing inv_mpu.o(i.mpu_set_accel_fsr), (132 bytes).
    Removing inv_mpu.o(i.mpu_set_bypass), (332 bytes).
    Removing inv_mpu.o(i.mpu_set_compass_sample_rate), (8 bytes).
    Removing inv_mpu.o(i.mpu_set_dmp_state), (144 bytes).
    Removing inv_mpu.o(i.mpu_set_gyro_fsr), (136 bytes).
    Removing inv_mpu.o(i.mpu_set_int_latched), (108 bytes).
    Removing inv_mpu.o(i.mpu_set_int_level), (16 bytes).
    Removing inv_mpu.o(i.mpu_set_lpf), (132 bytes).
    Removing inv_mpu.o(i.mpu_set_sample_rate), (156 bytes).
    Removing inv_mpu.o(i.mpu_set_sensors), (208 bytes).
    Removing inv_mpu.o(i.mpu_write_mem), (128 bytes).
    Removing inv_mpu.o(i.run_self_test), (148 bytes).
    Removing inv_mpu.o(i.set_int_enable), (144 bytes).
    Removing inv_mpu.o(i.setup_compass), (6 bytes).
    Removing inv_mpu.o(.constdata), (157 bytes).
    Removing inv_mpu.o(.data), (53 bytes).
    Removing inv_mpu_dmp_motion_driver.o(i.decode_gesture), (100 bytes).
    Removing inv_mpu_dmp_motion_driver.o(i.dmp_enable_6x_lp_quat), (60 bytes).
    Removing inv_mpu_dmp_motion_driver.o(i.dmp_enable_feature), (540 bytes).
    Removing inv_mpu_dmp_motion_driver.o(i.dmp_enable_gyro_cal), (88 bytes).
    Removing inv_mpu_dmp_motion_driver.o(i.dmp_enable_lp_quat), (60 bytes).
    Removing inv_mpu_dmp_motion_driver.o(i.dmp_get_enabled_features), (16 bytes).
    Removing inv_mpu_dmp_motion_driver.o(i.dmp_get_fifo_rate), (16 bytes).
    Removing inv_mpu_dmp_motion_driver.o(i.dmp_get_pedometer_step_count), (66 bytes).
    Removing inv_mpu_dmp_motion_driver.o(i.dmp_get_pedometer_walk_time), (72 bytes).
    Removing inv_mpu_dmp_motion_driver.o(i.dmp_load_motion_driver_firmware), (24 bytes).
    Removing inv_mpu_dmp_motion_driver.o(i.dmp_read_fifo), (460 bytes).
    Removing inv_mpu_dmp_motion_driver.o(i.dmp_register_android_orient_cb), (16 bytes).
    Removing inv_mpu_dmp_motion_driver.o(i.dmp_register_tap_cb), (16 bytes).
    Removing inv_mpu_dmp_motion_driver.o(i.dmp_set_accel_bias), (304 bytes).
    Removing inv_mpu_dmp_motion_driver.o(i.dmp_set_fifo_rate), (112 bytes).
    Removing inv_mpu_dmp_motion_driver.o(i.dmp_set_gyro_bias), (304 bytes).
    Removing inv_mpu_dmp_motion_driver.o(i.dmp_set_interrupt_mode), (92 bytes).
    Removing inv_mpu_dmp_motion_driver.o(i.dmp_set_orientation), (312 bytes).
    Removing inv_mpu_dmp_motion_driver.o(i.dmp_set_pedometer_step_count), (42 bytes).
    Removing inv_mpu_dmp_motion_driver.o(i.dmp_set_pedometer_walk_time), (48 bytes).
    Removing inv_mpu_dmp_motion_driver.o(i.dmp_set_shake_reject_thresh), (56 bytes).
    Removing inv_mpu_dmp_motion_driver.o(i.dmp_set_shake_reject_time), (38 bytes).
    Removing inv_mpu_dmp_motion_driver.o(i.dmp_set_shake_reject_timeout), (38 bytes).
    Removing inv_mpu_dmp_motion_driver.o(i.dmp_set_tap_axes), (70 bytes).
    Removing inv_mpu_dmp_motion_driver.o(i.dmp_set_tap_count), (38 bytes).
    Removing inv_mpu_dmp_motion_driver.o(i.dmp_set_tap_thresh), (416 bytes).
    Removing inv_mpu_dmp_motion_driver.o(i.dmp_set_tap_time), (38 bytes).
    Removing inv_mpu_dmp_motion_driver.o(i.dmp_set_tap_time_multi), (38 bytes).
    Removing inv_mpu_dmp_motion_driver.o(.bss), (16 bytes).
    Removing inv_mpu_dmp_motion_driver.o(.constdata), (3062 bytes).
    Removing uartprotocol.o(i.TimeOutTick), (56 bytes).
    Removing uart.o(i.UART_SetEnable), (2 bytes).

130 unused section(s) (total 20288 bytes) removed from the image.

==============================================================================

Image Symbol Table

    Local Symbols

    Symbol Name                              Value     Ov Type        Size  Object(Section)

    ../clib/angel/boardlib.s                 0x00000000   Number         0  boardinit3.o ABSOLUTE
    ../clib/angel/boardlib.s                 0x00000000   Number         0  boardinit2.o ABSOLUTE
    ../clib/angel/boardlib.s                 0x00000000   Number         0  boardinit1.o ABSOLUTE
    ../clib/angel/boardlib.s                 0x00000000   Number         0  boardshut.o ABSOLUTE
    ../clib/angel/handlers.s                 0x00000000   Number         0  __scatter_copy.o ABSOLUTE
    ../clib/angel/handlers.s                 0x00000000   Number         0  __scatter_zi.o ABSOLUTE
    ../clib/angel/kernel.s                   0x00000000   Number         0  rtentry.o ABSOLUTE
    ../clib/angel/kernel.s                   0x00000000   Number         0  rtexit2.o ABSOLUTE
    ../clib/angel/kernel.s                   0x00000000   Number         0  rtexit.o ABSOLUTE
    ../clib/angel/kernel.s                   0x00000000   Number         0  rtentry2.o ABSOLUTE
    ../clib/angel/kernel.s                   0x00000000   Number         0  rtentry4.o ABSOLUTE
    ../clib/angel/rt.s                       0x00000000   Number         0  rt_heap_descriptor.o ABSOLUTE
    ../clib/angel/rt.s                       0x00000000   Number         0  rt_errno_addr_intlibspace.o ABSOLUTE
    ../clib/angel/rt.s                       0x00000000   Number         0  rt_errno_addr.o ABSOLUTE
    ../clib/angel/rt.s                       0x00000000   Number         0  aeabi_ldiv0_sigfpe.o ABSOLUTE
    ../clib/angel/rt.s                       0x00000000   Number         0  aeabi_ldiv0.o ABSOLUTE
    ../clib/angel/rt.s                       0x00000000   Number         0  rt_heap_descriptor_intlibspace.o ABSOLUTE
    ../clib/angel/rt.s                       0x00000000   Number         0  rt_raise.o ABSOLUTE
    ../clib/angel/rt.s                       0x00000000   Number         0  rt_div0.o ABSOLUTE
    ../clib/angel/scatter.s                  0x00000000   Number         0  __scatter.o ABSOLUTE
    ../clib/angel/startup.s                  0x00000000   Number         0  __main.o ABSOLUTE
    ../clib/angel/sys.s                      0x00000000   Number         0  sys_stackheap_outer.o ABSOLUTE
    ../clib/angel/sys.s                      0x00000000   Number         0  mutex_dummy.o ABSOLUTE
    ../clib/angel/sys.s                      0x00000000   Number         0  libspace.o ABSOLUTE
    ../clib/angel/sys.s                      0x00000000   Number         0  indicate_semi.o ABSOLUTE
    ../clib/angel/sys.s                      0x00000000   Number         0  use_no_semi.o ABSOLUTE
    ../clib/angel/sysapp.c                   0x00000000   Number         0  sys_command.o ABSOLUTE
    ../clib/angel/sysapp.c                   0x00000000   Number         0  sys_exit.o ABSOLUTE
    ../clib/angel/sysapp.c                   0x00000000   Number         0  sys_io.o ABSOLUTE
    ../clib/angel/sysapp.c                   0x00000000   Number         0  sys_wrch.o ABSOLUTE
    ../clib/armsys.c                         0x00000000   Number         0  argv_veneer.o ABSOLUTE
    ../clib/armsys.c                         0x00000000   Number         0  argv_veneer.o ABSOLUTE
    ../clib/armsys.c                         0x00000000   Number         0  _get_argv.o ABSOLUTE
    ../clib/armsys.c                         0x00000000   Number         0  no_argv.o ABSOLUTE
    ../clib/armsys.c                         0x00000000   Number         0  _get_argv_nomalloc.o ABSOLUTE
    ../clib/assert.c                         0x00000000   Number         0  assert_stdio.o ABSOLUTE
    ../clib/fenv.c                           0x00000000   Number         0  _rserrno.o ABSOLUTE
    ../clib/heap1.c                          0x00000000   Number         0  h1_extend_mt.o ABSOLUTE
    ../clib/heap1.c                          0x00000000   Number         0  h1_final.o ABSOLUTE
    ../clib/heap1.c                          0x00000000   Number         0  h1_final_mt.o ABSOLUTE
    ../clib/heap1.c                          0x00000000   Number         0  h1_free_mt.o ABSOLUTE
    ../clib/heap1.c                          0x00000000   Number         0  h1_init.o ABSOLUTE
    ../clib/heap1.c                          0x00000000   Number         0  h1_extend.o ABSOLUTE
    ../clib/heap1.c                          0x00000000   Number         0  h1_free.o ABSOLUTE
    ../clib/heap1.c                          0x00000000   Number         0  h1_alloc_mt.o ABSOLUTE
    ../clib/heap1.c                          0x00000000   Number         0  h1_alloc.o ABSOLUTE
    ../clib/heap1.c                          0x00000000   Number         0  h1_init_mt.o ABSOLUTE
    ../clib/heap2.c                          0x00000000   Number         0  heap2mt.o ABSOLUTE
    ../clib/heap2.c                          0x00000000   Number         0  fdtree.o ABSOLUTE
    ../clib/heap2.c                          0x00000000   Number         0  heap2.o ABSOLUTE
    ../clib/heapalloc.c                      0x00000000   Number         0  heapstubs.o ABSOLUTE
    ../clib/heapalloc.c                      0x00000000   Number         0  term_alloc.o ABSOLUTE
    ../clib/heapalloc.c                      0x00000000   Number         0  maybetermalloc1.o ABSOLUTE
    ../clib/heapalloc.c                      0x00000000   Number         0  hrguard.o ABSOLUTE
    ../clib/heapalloc.c                      0x00000000   Number         0  maybetermalloc1.o ABSOLUTE
    ../clib/heapalloc.c                      0x00000000   Number         0  maybetermalloc2.o ABSOLUTE
    ../clib/heapalloc.c                      0x00000000   Number         0  maybetermalloc2.o ABSOLUTE
    ../clib/heapalloc.c                      0x00000000   Number         0  free.o ABSOLUTE
    ../clib/heapalloc.c                      0x00000000   Number         0  malloc.o ABSOLUTE
    ../clib/heapalloc.c                      0x00000000   Number         0  init_alloc.o ABSOLUTE
    ../clib/heapalloc.c                      0x00000000   Number         0  hguard.o ABSOLUTE
    ../clib/heapaux.c                        0x00000000   Number         0  heapauxi.o ABSOLUTE
    ../clib/heapaux.c                        0x00000000   Number         0  heapauxa.o ABSOLUTE
    ../clib/libinit.s                        0x00000000   Number         0  libinit.o ABSOLUTE
    ../clib/libinit.s                        0x00000000   Number         0  libshutdown2.o ABSOLUTE
    ../clib/libinit.s                        0x00000000   Number         0  libinit2.o ABSOLUTE
    ../clib/libinit.s                        0x00000000   Number         0  libshutdown.o ABSOLUTE
    ../clib/longlong.s                       0x00000000   Number         0  lludivv7m.o ABSOLUTE
    ../clib/longlong.s                       0x00000000   Number         0  llsdiv.o ABSOLUTE
    ../clib/memcpset.s                       0x00000000   Number         0  rt_memcpy_w.o ABSOLUTE
    ../clib/memcpset.s                       0x00000000   Number         0  rt_memclr.o ABSOLUTE
    ../clib/memcpset.s                       0x00000000   Number         0  rt_memclr_w.o ABSOLUTE
    ../clib/memcpset.s                       0x00000000   Number         0  aeabi_memset.o ABSOLUTE
    ../clib/memcpset.s                       0x00000000   Number         0  rt_memcpy_v6.o ABSOLUTE
    ../clib/misc.s                           0x00000000   Number         0  printf_stubs.o ABSOLUTE
    ../clib/printf.c                         0x00000000   Number         0  _printf_dec.o ABSOLUTE
    ../clib/printf.c                         0x00000000   Number         0  _printf_hex_ll.o ABSOLUTE
    ../clib/printf.c                         0x00000000   Number         0  _printf_char_file.o ABSOLUTE
    ../clib/printf.c                         0x00000000   Number         0  __printf_flags_ss.o ABSOLUTE
    ../clib/printf.c                         0x00000000   Number         0  __printf_wp.o ABSOLUTE
    ../clib/printf.c                         0x00000000   Number         0  __printf_flags_wp.o ABSOLUTE
    ../clib/printf.c                         0x00000000   Number         0  _printf_hex_int.o ABSOLUTE
    ../clib/printf.c                         0x00000000   Number         0  _printf_hex_ptr.o ABSOLUTE
    ../clib/printf.c                         0x00000000   Number         0  _printf_hex_int_ptr.o ABSOLUTE
    ../clib/printf.c                         0x00000000   Number         0  _printf_hex_ll_ptr.o ABSOLUTE
    ../clib/printf.c                         0x00000000   Number         0  _printf_hex_int_ll_ptr.o ABSOLUTE
    ../clib/printf.c                         0x00000000   Number         0  __printf_flags.o ABSOLUTE
    ../clib/printf.c                         0x00000000   Number         0  _printf_char_file_locked.o ABSOLUTE
    ../clib/printf.c                         0x00000000   Number         0  _printf_char_common.o ABSOLUTE
    ../clib/printf.c                         0x00000000   Number         0  __2printf.o ABSOLUTE
    ../clib/printf.c                         0x00000000   Number         0  __printf_flags_ss_wp.o ABSOLUTE
    ../clib/printf.c                         0x00000000   Number         0  __printf_ss_wp.o ABSOLUTE
    ../clib/printf.c                         0x00000000   Number         0  __printf_nopercent.o ABSOLUTE
    ../clib/printf.c                         0x00000000   Number         0  noretval__2printf.o ABSOLUTE
    ../clib/printf.c                         0x00000000   Number         0  _printf_hex_int_ll.o ABSOLUTE
    ../clib/printf.c                         0x00000000   Number         0  __printf_ss.o ABSOLUTE
    ../clib/printf.c                         0x00000000   Number         0  __printf.o ABSOLUTE
    ../clib/printf.c                         0x00000000   Number         0  _printf_pad.o ABSOLUTE
    ../clib/printf.c                         0x00000000   Number         0  _printf_intcommon.o ABSOLUTE
    ../clib/printf_percent.s                 0x00000000   Number         0  _printf_percent_end.o ABSOLUTE
    ../clib/printf_percent.s                 0x00000000   Number         0  _printf_x.o ABSOLUTE
    ../clib/printf_percent.s                 0x00000000   Number         0  _printf_percent.o ABSOLUTE
    ../clib/printf_percent.s                 0x00000000   Number         0  _printf_d.o ABSOLUTE
    ../clib/signal.c                         0x00000000   Number         0  defsig_rtred_inner.o ABSOLUTE
    ../clib/signal.c                         0x00000000   Number         0  defsig_fpe_formal.o ABSOLUTE
    ../clib/signal.c                         0x00000000   Number         0  defsig_fpe_outer.o ABSOLUTE
    ../clib/signal.c                         0x00000000   Number         0  defsig_exit.o ABSOLUTE
    ../clib/signal.c                         0x00000000   Number         0  defsig_rtmem_formal.o ABSOLUTE
    ../clib/signal.c                         0x00000000   Number         0  defsig_rtmem_outer.o ABSOLUTE
    ../clib/signal.c                         0x00000000   Number         0  defsig_general.o ABSOLUTE
    ../clib/signal.c                         0x00000000   Number         0  __raise.o ABSOLUTE
    ../clib/signal.c                         0x00000000   Number         0  defsig_stak_inner.o ABSOLUTE
    ../clib/signal.c                         0x00000000   Number         0  defsig_rtmem_inner.o ABSOLUTE
    ../clib/signal.c                         0x00000000   Number         0  defsig_fpe_inner.o ABSOLUTE
    ../clib/signal.c                         0x00000000   Number         0  defsig_cppl_inner.o ABSOLUTE
    ../clib/signal.c                         0x00000000   Number         0  defsig_pvfn_inner.o ABSOLUTE
    ../clib/signal.c                         0x00000000   Number         0  defsig_segv_inner.o ABSOLUTE
    ../clib/signal.c                         0x00000000   Number         0  defsig_rtred_formal.o ABSOLUTE
    ../clib/signal.c                         0x00000000   Number         0  defsig_rtred_outer.o ABSOLUTE
    ../clib/signal.c                         0x00000000   Number         0  defsig_other.o ABSOLUTE
    ../clib/signal.c                         0x00000000   Number         0  defsig_abrt_inner.o ABSOLUTE
    ../clib/signal.s                         0x00000000   Number         0  defsig.o ABSOLUTE
    ../clib/stdio.c                          0x00000000   Number         0  fputs_locked.o ABSOLUTE
    ../clib/stdio.c                          0x00000000   Number         0  fflush_locked.o ABSOLUTE
    ../clib/stdio.c                          0x00000000   Number         0  fputc.o ABSOLUTE
    ../clib/stdio.c                          0x00000000   Number         0  fwritefast_locked.o ABSOLUTE
    ../clib/stdio.c                          0x00000000   Number         0  initio.o ABSOLUTE
    ../clib/stdio.c                          0x00000000   Number         0  fwritefast.o ABSOLUTE
    ../clib/stdio.c                          0x00000000   Number         0  fputc_locked.o ABSOLUTE
    ../clib/stdio.c                          0x00000000   Number         0  ferror_locked.o ABSOLUTE
    ../clib/stdio.c                          0x00000000   Number         0  stdio.o ABSOLUTE
    ../clib/stdio.c                          0x00000000   Number         0  fseek.o ABSOLUTE
    ../clib/stdio.c                          0x00000000   Number         0  initio_locked.o ABSOLUTE
    ../clib/stdio.c                          0x00000000   Number         0  fopen_locked.o ABSOLUTE
    ../clib/stdio.c                          0x00000000   Number         0  setvbuf_locked.o ABSOLUTE
    ../clib/stdio.c                          0x00000000   Number         0  fclose.o ABSOLUTE
    ../clib/stdio.c                          0x00000000   Number         0  fopen.o ABSOLUTE
    ../clib/stdio.c                          0x00000000   Number         0  streamlock.o ABSOLUTE
    ../clib/stdio.c                          0x00000000   Number         0  setvbuf.o ABSOLUTE
    ../clib/stdio.c                          0x00000000   Number         0  flsbuf.o ABSOLUTE
    ../clib/stdio.c                          0x00000000   Number         0  ferror.o ABSOLUTE
    ../clib/stdio.c                          0x00000000   Number         0  stdio_streams.o ABSOLUTE
    ../clib/stdio.c                          0x00000000   Number         0  fflush.o ABSOLUTE
    ../clib/stdio.c                          0x00000000   Number         0  fputs.o ABSOLUTE
    ../clib/stdio.c                          0x00000000   Number         0  ftell.o ABSOLUTE
    ../clib/stdlib.c                         0x00000000   Number         0  exit.o ABSOLUTE
    ../clib/string.c                         0x00000000   Number         0  strlen.o ABSOLUTE
    ../clib/string.c                         0x00000000   Number         0  memcmp.o ABSOLUTE
    ../clib/wchar.c                          0x00000000   Number         0  flsbuf_fwide.o ABSOLUTE
    ../fplib/d2f.s                           0x00000000   Number         0  d2f.o ABSOLUTE
    ../fplib/daddsub.s                       0x00000000   Number         0  daddsub_clz.o ABSOLUTE
    ../fplib/dcheck1.s                       0x00000000   Number         0  dcheck1.o ABSOLUTE
    ../fplib/dcmpi.s                         0x00000000   Number         0  dcmpi.o ABSOLUTE
    ../fplib/ddiv.s                          0x00000000   Number         0  ddiv.o ABSOLUTE
    ../fplib/dfixu.s                         0x00000000   Number         0  dfixu.o ABSOLUTE
    ../fplib/dflt.s                          0x00000000   Number         0  dflt_clz.o ABSOLUTE
    ../fplib/dleqf.s                         0x00000000   Number         0  dleqf.o ABSOLUTE
    ../fplib/dmul.s                          0x00000000   Number         0  dmul.o ABSOLUTE
    ../fplib/dnaninf.s                       0x00000000   Number         0  dnaninf.o ABSOLUTE
    ../fplib/dretinf.s                       0x00000000   Number         0  dretinf.o ABSOLUTE
    ../fplib/dsqrt.s                         0x00000000   Number         0  dsqrt_noumaal.o ABSOLUTE
    ../fplib/f2d.s                           0x00000000   Number         0  f2d.o ABSOLUTE
    ../fplib/faddsub.s                       0x00000000   Number         0  faddsub_clz.o ABSOLUTE
    ../fplib/fcmpi.s                         0x00000000   Number         0  fcmpi.o ABSOLUTE
    ../fplib/fdiv.s                          0x00000000   Number         0  fdiv.o ABSOLUTE
    ../fplib/feqf.s                          0x00000000   Number         0  feqf.o ABSOLUTE
    ../fplib/ffix.s                          0x00000000   Number         0  ffix.o ABSOLUTE
    ../fplib/ffixu.s                         0x00000000   Number         0  ffixu.o ABSOLUTE
    ../fplib/fflt.s                          0x00000000   Number         0  fflt_clz.o ABSOLUTE
    ../fplib/fleqf.s                         0x00000000   Number         0  fleqf.o ABSOLUTE
    ../fplib/fmul.s                          0x00000000   Number         0  fmul.o ABSOLUTE
    ../fplib/fnaninf.s                       0x00000000   Number         0  fnaninf.o ABSOLUTE
    ../fplib/fpinit.s                        0x00000000   Number         0  fpinit.o ABSOLUTE
    ../fplib/fretinf.s                       0x00000000   Number         0  fretinf.o ABSOLUTE
    ../fplib/frleqf.s                        0x00000000   Number         0  frleqf.o ABSOLUTE
    ../fplib/retnan.s                        0x00000000   Number         0  retnan.o ABSOLUTE
    ../fplib/scalbn.s                        0x00000000   Number         0  scalbn.o ABSOLUTE
    ../fplib/trapv.s                         0x00000000   Number         0  trapv.o ABSOLUTE
    ../fplib/usenofp.s                       0x00000000   Number         0  usenofp.o ABSOLUTE
    ../mathlib/asin.c                        0x00000000   Number         0  asin.o ABSOLUTE
    ../mathlib/asin.c                        0x00000000   Number         0  asin_x.o ABSOLUTE
    ../mathlib/atan.c                        0x00000000   Number         0  atan_x.o ABSOLUTE
    ../mathlib/atan.c                        0x00000000   Number         0  atan.o ABSOLUTE
    ../mathlib/atan2.c                       0x00000000   Number         0  atan2.o ABSOLUTE
    ../mathlib/atan2.c                       0x00000000   Number         0  atan2_x.o ABSOLUTE
    ../mathlib/dunder.c                      0x00000000   Number         0  dunder.o ABSOLUTE
    ../mathlib/fpclassify.c                  0x00000000   Number         0  fpclassify.o ABSOLUTE
    ../mathlib/poly.c                        0x00000000   Number         0  poly.o ABSOLUTE
    ../mathlib/qnan.c                        0x00000000   Number         0  qnan.o ABSOLUTE
    ../mathlib/sqrt.c                        0x00000000   Number         0  sqrt_x.o ABSOLUTE
    ../mathlib/sqrt.c                        0x00000000   Number         0  sqrt.o ABSOLUTE
    ..\Boot\startup_stm32f10x_md.s           0x00000000   Number         0  startup_stm32f10x_md.o ABSOLUTE
    ..\Refer\eMPL\inv_mpu.c                  0x00000000   Number         0  inv_mpu.o ABSOLUTE
    ..\Refer\eMPL\inv_mpu_dmp_motion_driver.c 0x00000000   Number         0  inv_mpu_dmp_motion_driver.o ABSOLUTE
    ..\Refer\src\ILI93xx.c                   0x00000000   Number         0  ili93xx.o ABSOLUTE
    ..\Refer\src\delay.c                     0x00000000   Number         0  delay.o ABSOLUTE
    ..\Refer\src\iic.c                       0x00000000   Number         0  iic.o ABSOLUTE
    ..\Refer\src\led.c                       0x00000000   Number         0  led.o ABSOLUTE
    ..\Refer\src\mpu6050.c                   0x00000000   Number         0  mpu6050.o ABSOLUTE
    ..\Refer\src\sys.c                       0x00000000   Number         0  sys.o ABSOLUTE
    ..\Refer\src\uart.c                      0x00000000   Number         0  uart.o ABSOLUTE
    ..\Refer\src\uartprotocol.c              0x00000000   Number         0  uartprotocol.o ABSOLUTE
    ..\Refer\src\wave.c                      0x00000000   Number         0  wave.o ABSOLUTE
    ..\\Refer\\src\\sys.c                    0x00000000   Number         0  sys.o ABSOLUTE
    dc.s                                     0x00000000   Number         0  dc.o ABSOLUTE
    main.c                                   0x00000000   Number         0  main.o ABSOLUTE
    RESET                                    0x08000000   Section      236  startup_stm32f10x_md.o(RESET)
    !!!main                                  0x080000ec   Section        8  __main.o(!!!main)
    !!!scatter                               0x080000f4   Section       52  __scatter.o(!!!scatter)
    !!handler_copy                           0x08000128   Section       26  __scatter_copy.o(!!handler_copy)
    !!handler_zi                             0x08000144   Section       28  __scatter_zi.o(!!handler_zi)
    .ARM.Collect$$libinit$$00000000          0x08000160   Section        2  libinit.o(.ARM.Collect$$libinit$$00000000)
    .ARM.Collect$$libinit$$00000002          0x08000162   Section        0  libinit2.o(.ARM.Collect$$libinit$$00000002)
    .ARM.Collect$$libinit$$00000008          0x08000162   Section        0  libinit2.o(.ARM.Collect$$libinit$$00000008)
    .ARM.Collect$$libinit$$0000000A          0x08000162   Section        0  libinit2.o(.ARM.Collect$$libinit$$0000000A)
    .ARM.Collect$$libinit$$0000000C          0x08000162   Section        0  libinit2.o(.ARM.Collect$$libinit$$0000000C)
    .ARM.Collect$$libinit$$0000000F          0x08000162   Section        0  libinit2.o(.ARM.Collect$$libinit$$0000000F)
    .ARM.Collect$$libinit$$00000011          0x08000162   Section        0  libinit2.o(.ARM.Collect$$libinit$$00000011)
    .ARM.Collect$$libinit$$00000013          0x08000162   Section        0  libinit2.o(.ARM.Collect$$libinit$$00000013)
    .ARM.Collect$$libinit$$00000015          0x08000162   Section        0  libinit2.o(.ARM.Collect$$libinit$$00000015)
    .ARM.Collect$$libinit$$00000017          0x08000162   Section        0  libinit2.o(.ARM.Collect$$libinit$$00000017)
    .ARM.Collect$$libinit$$00000019          0x08000162   Section        0  libinit2.o(.ARM.Collect$$libinit$$00000019)
    .ARM.Collect$$libinit$$0000001B          0x08000162   Section        0  libinit2.o(.ARM.Collect$$libinit$$0000001B)
    .ARM.Collect$$libinit$$0000001D          0x08000162   Section        0  libinit2.o(.ARM.Collect$$libinit$$0000001D)
    .ARM.Collect$$libinit$$0000001F          0x08000162   Section        0  libinit2.o(.ARM.Collect$$libinit$$0000001F)
    .ARM.Collect$$libinit$$00000021          0x08000162   Section        0  libinit2.o(.ARM.Collect$$libinit$$00000021)
    .ARM.Collect$$libinit$$00000023          0x08000162   Section        0  libinit2.o(.ARM.Collect$$libinit$$00000023)
    .ARM.Collect$$libinit$$0000002A          0x08000162   Section        0  libinit2.o(.ARM.Collect$$libinit$$0000002A)
    .ARM.Collect$$libinit$$0000002C          0x08000162   Section        0  libinit2.o(.ARM.Collect$$libinit$$0000002C)
    .ARM.Collect$$libinit$$0000002E          0x08000162   Section        0  libinit2.o(.ARM.Collect$$libinit$$0000002E)
    .ARM.Collect$$libinit$$00000030          0x08000162   Section        0  libinit2.o(.ARM.Collect$$libinit$$00000030)
    .ARM.Collect$$libinit$$00000031          0x08000162   Section        2  libinit2.o(.ARM.Collect$$libinit$$00000031)
    .ARM.Collect$$libshutdown$$00000000      0x08000164   Section        2  libshutdown.o(.ARM.Collect$$libshutdown$$00000000)
    .ARM.Collect$$libshutdown$$00000003      0x08000166   Section        0  libshutdown2.o(.ARM.Collect$$libshutdown$$00000003)
    .ARM.Collect$$libshutdown$$00000006      0x08000166   Section        0  libshutdown2.o(.ARM.Collect$$libshutdown$$00000006)
    .ARM.Collect$$libshutdown$$00000009      0x08000166   Section        0  libshutdown2.o(.ARM.Collect$$libshutdown$$00000009)
    .ARM.Collect$$libshutdown$$0000000B      0x08000166   Section        0  libshutdown2.o(.ARM.Collect$$libshutdown$$0000000B)
    .ARM.Collect$$libshutdown$$0000000E      0x08000166   Section        0  libshutdown2.o(.ARM.Collect$$libshutdown$$0000000E)
    .ARM.Collect$$libshutdown$$0000000F      0x08000166   Section        2  libshutdown2.o(.ARM.Collect$$libshutdown$$0000000F)
    .ARM.Collect$$rtentry$$00000000          0x08000168   Section        0  rtentry.o(.ARM.Collect$$rtentry$$00000000)
    .ARM.Collect$$rtentry$$00000002          0x08000168   Section        0  rtentry2.o(.ARM.Collect$$rtentry$$00000002)
    .ARM.Collect$$rtentry$$00000004          0x08000168   Section        6  rtentry4.o(.ARM.Collect$$rtentry$$00000004)
    .ARM.Collect$$rtentry$$00000009          0x0800016e   Section        0  rtentry2.o(.ARM.Collect$$rtentry$$00000009)
    .ARM.Collect$$rtentry$$0000000A          0x0800016e   Section        4  rtentry2.o(.ARM.Collect$$rtentry$$0000000A)
    .ARM.Collect$$rtentry$$0000000C          0x08000172   Section        0  rtentry2.o(.ARM.Collect$$rtentry$$0000000C)
    .ARM.Collect$$rtentry$$0000000D          0x08000172   Section        8  rtentry2.o(.ARM.Collect$$rtentry$$0000000D)
    .ARM.Collect$$rtexit$$00000000           0x0800017a   Section        2  rtexit.o(.ARM.Collect$$rtexit$$00000000)
    .ARM.Collect$$rtexit$$00000002           0x0800017c   Section        0  rtexit2.o(.ARM.Collect$$rtexit$$00000002)
    .ARM.Collect$$rtexit$$00000003           0x0800017c   Section        4  rtexit2.o(.ARM.Collect$$rtexit$$00000003)
    .ARM.Collect$$rtexit$$00000004           0x08000180   Section        6  rtexit2.o(.ARM.Collect$$rtexit$$00000004)
    .text                                    0x08000188   Section       56  startup_stm32f10x_md.o(.text)
    .text                                    0x080001c0   Section        0  heapauxi.o(.text)
    .text                                    0x080001c8   Section        8  libspace.o(.text)
    .text                                    0x080001d0   Section       74  sys_stackheap_outer.o(.text)
    .text                                    0x0800021a   Section        0  exit.o(.text)
    .text                                    0x08000226   Section        2  use_no_semi.o(.text)
    .text                                    0x08000228   Section        0  sys_exit.o(.text)
    .text                                    0x08000228   Section        0  indicate_semi.o(.text)
    i.AliveEvent                             0x08000234   Section        0  main.o(i.AliveEvent)
    i.GetDataEvent                           0x0800024c   Section        0  main.o(i.GetDataEvent)
    i.GetWaveTime                            0x08000290   Section        0  wave.o(i.GetWaveTime)
    i.Init                                   0x0800033c   Section        0  uartprotocol.o(i.Init)
    Init                                     0x0800033d   Thumb Code    52  uartprotocol.o(i.Init)
    i.LCD_Clear                              0x0800037c   Section        0  ili93xx.o(i.LCD_Clear)
    i.LCD_Display_Dir                        0x080003e8   Section        0  ili93xx.o(i.LCD_Display_Dir)
    i.LCD_DrawPoint                          0x08000558   Section        0  ili93xx.o(i.LCD_DrawPoint)
    i.LCD_Init                               0x0800057c   Section        0  ili93xx.o(i.LCD_Init)
    i.LCD_Pow                                0x08003ccc   Section        0  ili93xx.o(i.LCD_Pow)
    i.LCD_RD_DATA                            0x08003ce4   Section        0  ili93xx.o(i.LCD_RD_DATA)
    i.LCD_ReadReg                            0x08003cf8   Section        0  ili93xx.o(i.LCD_ReadReg)
    i.LCD_Scan_Dir                           0x08003d10   Section        0  ili93xx.o(i.LCD_Scan_Dir)
    i.LCD_SetCursor                          0x08003fbc   Section        0  ili93xx.o(i.LCD_SetCursor)
    i.LCD_ShowChar                           0x080040c8   Section        0  ili93xx.o(i.LCD_ShowChar)
    i.LCD_ShowNum                            0x08004230   Section        0  ili93xx.o(i.LCD_ShowNum)
    i.LCD_ShowString                         0x080042c4   Section        0  ili93xx.o(i.LCD_ShowString)
    i.LCD_WR_DATA                            0x0800432c   Section        0  ili93xx.o(i.LCD_WR_DATA)
    i.LCD_WR_REG                             0x08004344   Section        0  ili93xx.o(i.LCD_WR_REG)
    i.LCD_WriteRAM_Prepare                   0x0800435c   Section        0  ili93xx.o(i.LCD_WriteRAM_Prepare)
    i.LCD_WriteReg                           0x08004370   Section        0  ili93xx.o(i.LCD_WriteReg)
    i.MYRCC_DeInit                           0x08004388   Section        0  sys.o(i.MYRCC_DeInit)
    i.MY_NVIC_Init                           0x080043f0   Section        0  sys.o(i.MY_NVIC_Init)
    i.MY_NVIC_PriorityGroupConfig            0x08004470   Section        0  sys.o(i.MY_NVIC_PriorityGroupConfig)
    i.MY_NVIC_SetVectorTable                 0x08004498   Section        0  sys.o(i.MY_NVIC_SetVectorTable)
    i.OnRecvData                             0x080044ac   Section        0  uartprotocol.o(i.OnRecvData)
    i.ReadBuff                               0x080045c0   Section        0  uartprotocol.o(i.ReadBuff)
    ReadBuff                                 0x080045c1   Thumb Code    68  uartprotocol.o(i.ReadBuff)
    i.ReadByte                               0x08004610   Section        0  uartprotocol.o(i.ReadByte)
    ReadByte                                 0x08004611   Thumb Code    38  uartprotocol.o(i.ReadByte)
    i.ReadDWord                              0x08004644   Section        0  uartprotocol.o(i.ReadDWord)
    ReadDWord                                0x08004645   Thumb Code   106  uartprotocol.o(i.ReadDWord)
    i.ReadWord                               0x080046bc   Section        0  uartprotocol.o(i.ReadWord)
    ReadWord                                 0x080046bd   Thumb Code    68  uartprotocol.o(i.ReadWord)
    i.RegisterCmdEvent                       0x0800470c   Section        0  uartprotocol.o(i.RegisterCmdEvent)
    i.SendCmdPack                            0x08004718   Section        0  uartprotocol.o(i.SendCmdPack)
    i.SendPack                               0x0800475c   Section        0  uartprotocol.o(i.SendPack)
    i.SetDataEvent                           0x080047c0   Section        0  main.o(i.SetDataEvent)
    i.Setoffset                              0x0800482c   Section        0  uartprotocol.o(i.Setoffset)
    Setoffset                                0x0800482d   Thumb Code    20  uartprotocol.o(i.Setoffset)
    i.Stm32_Clock_Init                       0x08004844   Section        0  sys.o(i.Stm32_Clock_Init)
    i.TIM3CapInit                            0x080048d0   Section        0  wave.o(i.TIM3CapInit)
    i.TIM3_IRQHandler                        0x080049e0   Section        0  wave.o(i.TIM3_IRQHandler)
    i.Time2Length                            0x08004b50   Section        0  wave.o(i.Time2Length)
    i.UART_Init                              0x08004b90   Section        0  uart.o(i.UART_Init)
    i.UART_OnRecv                            0x08004c58   Section        0  uart.o(i.UART_OnRecv)
    i.UART_ReSetBps                          0x08004c64   Section        0  uart.o(i.UART_ReSetBps)
    i.UART_SendByte                          0x08004cc4   Section        0  uart.o(i.UART_SendByte)
    i.UART_SendString                        0x08004cdc   Section        0  uart.o(i.UART_SendString)
    i.USART1_IRQHandler                      0x08004cf4   Section        0  uart.o(i.USART1_IRQHandler)
    i.UartCmd                                0x08004d14   Section        0  uartprotocol.o(i.UartCmd)
    i.UnRegisterCmdEvent                     0x08004d9c   Section        0  uartprotocol.o(i.UnRegisterCmdEvent)
    i.WaveInit                               0x08004dc8   Section        0  wave.o(i.WaveInit)
    i.WriteBuff                              0x08004e28   Section        0  uartprotocol.o(i.WriteBuff)
    WriteBuff                                0x08004e29   Thumb Code    62  uartprotocol.o(i.WriteBuff)
    i.WriteByte                              0x08004e74   Section        0  uartprotocol.o(i.WriteByte)
    WriteByte                                0x08004e75   Thumb Code    38  uartprotocol.o(i.WriteByte)
    i.WriteDWord                             0x08004ea4   Section        0  uartprotocol.o(i.WriteDWord)
    WriteDWord                               0x08004ea5   Thumb Code   102  uartprotocol.o(i.WriteDWord)
    i.WriteWord                              0x08004f14   Section        0  uartprotocol.o(i.WriteWord)
    WriteWord                                0x08004f15   Thumb Code    62  uartprotocol.o(i.WriteWord)
    i.Writestr                               0x08004f5c   Section        0  uartprotocol.o(i.Writestr)
    Writestr                                 0x08004f5d   Thumb Code    48  uartprotocol.o(i.Writestr)
    i.aack                                   0x08004f98   Section        0  uartprotocol.o(i.aack)
    i.ackpack                                0x08004fa4   Section        0  uartprotocol.o(i.ackpack)
    i.delay_init                             0x08004fcc   Section        0  delay.o(i.delay_init)
    i.delay_ms                               0x0800500c   Section        0  delay.o(i.delay_ms)
    i.delay_us                               0x08005048   Section        0  delay.o(i.delay_us)
    i.getbuff                                0x08005084   Section        0  uartprotocol.o(i.getbuff)
    getbuff                                  0x08005085   Thumb Code    12  uartprotocol.o(i.getbuff)
    i.getcmd                                 0x08005098   Section        0  uartprotocol.o(i.getcmd)
    getcmd                                   0x08005099   Thumb Code     6  uartprotocol.o(i.getcmd)
    i.getlen                                 0x080050a4   Section        0  uartprotocol.o(i.getlen)
    getlen                                   0x080050a5   Thumb Code     6  uartprotocol.o(i.getlen)
    i.getsendbuff                            0x080050b0   Section        0  uartprotocol.o(i.getsendbuff)
    getsendbuff                              0x080050b1   Thumb Code    12  uartprotocol.o(i.getsendbuff)
    i.isLink                                 0x080050c4   Section        0  uartprotocol.o(i.isLink)
    i.main                                   0x080050d8   Section        0  main.o(i.main)
    i.sendackpacket                          0x08005298   Section        0  uartprotocol.o(i.sendackpacket)
    x$fpl$ddiv                               0x080052bc   Section      688  ddiv.o(x$fpl$ddiv)
    ddiv_entry                               0x080052c3   Thumb Code     0  ddiv.o(x$fpl$ddiv)
    x$fpl$dfixu                              0x0800556c   Section       90  dfixu.o(x$fpl$dfixu)
    x$fpl$dmul                               0x080055c8   Section      340  dmul.o(x$fpl$dmul)
    x$fpl$dnaninf                            0x0800571c   Section      156  dnaninf.o(x$fpl$dnaninf)
    x$fpl$dretinf                            0x080057b8   Section       12  dretinf.o(x$fpl$dretinf)
    x$fpl$f2d                                0x080057c4   Section       86  f2d.o(x$fpl$f2d)
    x$fpl$ffltu                              0x0800581c   Section       38  fflt_clz.o(x$fpl$ffltu)
    x$fpl$fnaninf                            0x08005842   Section      140  fnaninf.o(x$fpl$fnaninf)
    .constdata                               0x080058ce   Section     2660  ili93xx.o(.constdata)
    x$fpl$usenofp                            0x080058ce   Section        0  usenofp.o(x$fpl$usenofp)
    .constdata                               0x08006334   Section       96  uartprotocol.o(.constdata)
    UD                                       0x08006334   Data          60  uartprotocol.o(.constdata)
    .constdata                               0x08006394   Section       20  uart.o(.constdata)
    .data                                    0x20000000   Section       24  main.o(.data)
    .data                                    0x20000018   Section        6  wave.o(.data)
    .data                                    0x2000001e   Section        4  delay.o(.data)
    fac_us                                   0x2000001e   Data           1  delay.o(.data)
    fac_ms                                   0x20000020   Data           2  delay.o(.data)
    .data                                    0x20000022   Section        4  ili93xx.o(.data)
    .data                                    0x20000028   Section       26  uartprotocol.o(.data)
    count                                    0x20000032   Data           2  uartprotocol.o(.data)
    .data                                    0x20000044   Section        8  uart.o(.data)
    f                                        0x20000048   Data           4  uart.o(.data)
    .bss                                     0x2000004c   Section      128  main.o(.bss)
    .bss                                     0x200000cc   Section       14  ili93xx.o(.bss)
    .bss                                     0x200000dc   Section       64  uartprotocol.o(.bss)
    .bss                                     0x2000011c   Section       96  libspace.o(.bss)
    HEAP                                     0x20000180   Section      256  startup_stm32f10x_md.o(HEAP)
    Heap_Mem                                 0x20000180   Data         256  startup_stm32f10x_md.o(HEAP)
    STACK                                    0x20000280   Section     2048  startup_stm32f10x_md.o(STACK)
    Stack_Mem                                0x20000280   Data        2048  startup_stm32f10x_md.o(STACK)
    __initial_sp                             0x20000a80   Data           0  startup_stm32f10x_md.o(STACK)

    Global Symbols

    Symbol Name                              Value     Ov Type        Size  Object(Section)

    BuildAttributes$$THM_ISAv4$P$D$K$B$S$PE$A:L22UL41UL21$X:L11$S22US41US21$IEEE1$IW$USESV6$~STKCKD$USESV7$~SHL$OTIME$ROPI$IEEEX$EBA8$UX$STANDARDLIB$REQ8$PRES8$EABIv2 0x00000000   Number         0  anon$$obj.o ABSOLUTE
    __ARM_use_no_argv                        0x00000000   Number         0  main.o ABSOLUTE
    _printf_flags                            0x00000000   Number         0  printf_stubs.o ABSOLUTE
    _printf_return_value                     0x00000000   Number         0  printf_stubs.o ABSOLUTE
    _printf_sizespec                         0x00000000   Number         0  printf_stubs.o ABSOLUTE
    _printf_widthprec                        0x00000000   Number         0  printf_stubs.o ABSOLUTE
    __ARM_exceptions_init                     - Undefined Weak Reference
    __alloca_initialize                       - Undefined Weak Reference
    __cpp_initialize__aeabi_                  - Undefined Weak Reference
    __cxa_finalize                            - Undefined Weak Reference
    __rt_locale                               - Undefined Weak Reference
    __sigvec_lookup                           - Undefined Weak Reference
    __user_heap_extent                        - Undefined Weak Reference
    _atexit_init                              - Undefined Weak Reference
    _call_atexit_fns                          - Undefined Weak Reference
    _clock_init                               - Undefined Weak Reference
    _fp_trap_init                             - Undefined Weak Reference
    _fp_trap_shutdown                         - Undefined Weak Reference
    _get_lc_collate                           - Undefined Weak Reference
    _get_lc_ctype                             - Undefined Weak Reference
    _get_lc_monetary                          - Undefined Weak Reference
    _get_lc_numeric                           - Undefined Weak Reference
    _get_lc_time                              - Undefined Weak Reference
    _getenv_init                              - Undefined Weak Reference
    _handle_redirection                       - Undefined Weak Reference
    _mutex_acquire                            - Undefined Weak Reference
    _mutex_free                               - Undefined Weak Reference
    _mutex_release                            - Undefined Weak Reference
    _printf_truncate_signed                   - Undefined Weak Reference
    _printf_truncate_unsigned                 - Undefined Weak Reference
    _rand_init                                - Undefined Weak Reference
    _signal_finish                            - Undefined Weak Reference
    _signal_init                              - Undefined Weak Reference
    __Vectors_Size                           0x000000ec   Number         0  startup_stm32f10x_md.o ABSOLUTE
    __Vectors                                0x08000000   Data           4  startup_stm32f10x_md.o(RESET)
    __Vectors_End                            0x080000ec   Data           0  startup_stm32f10x_md.o(RESET)
    __main                                   0x080000ed   Thumb Code     8  __main.o(!!!main)
    __scatterload                            0x080000f5   Thumb Code     0  __scatter.o(!!!scatter)
    __scatterload_rt2                        0x080000f5   Thumb Code    44  __scatter.o(!!!scatter)
    __scatterload_rt2_thumb_only             0x080000f5   Thumb Code     0  __scatter.o(!!!scatter)
    __scatterload_null                       0x08000103   Thumb Code     0  __scatter.o(!!!scatter)
    __scatterload_copy                       0x08000129   Thumb Code    26  __scatter_copy.o(!!handler_copy)
    __scatterload_zeroinit                   0x08000145   Thumb Code    28  __scatter_zi.o(!!handler_zi)
    __rt_lib_init                            0x08000161   Thumb Code     0  libinit.o(.ARM.Collect$$libinit$$00000000)
    __rt_lib_init_alloca_1                   0x08000163   Thumb Code     0  libinit2.o(.ARM.Collect$$libinit$$0000002C)
    __rt_lib_init_argv_1                     0x08000163   Thumb Code     0  libinit2.o(.ARM.Collect$$libinit$$0000002A)
    __rt_lib_init_atexit_1                   0x08000163   Thumb Code     0  libinit2.o(.ARM.Collect$$libinit$$00000019)
    __rt_lib_init_clock_1                    0x08000163   Thumb Code     0  libinit2.o(.ARM.Collect$$libinit$$0000001F)
    __rt_lib_init_cpp_1                      0x08000163   Thumb Code     0  libinit2.o(.ARM.Collect$$libinit$$00000030)
    __rt_lib_init_exceptions_1               0x08000163   Thumb Code     0  libinit2.o(.ARM.Collect$$libinit$$0000002E)
    __rt_lib_init_fp_1                       0x08000163   Thumb Code     0  libinit2.o(.ARM.Collect$$libinit$$00000002)
    __rt_lib_init_fp_trap_1                  0x08000163   Thumb Code     0  libinit2.o(.ARM.Collect$$libinit$$0000001D)
    __rt_lib_init_getenv_1                   0x08000163   Thumb Code     0  libinit2.o(.ARM.Collect$$libinit$$00000021)
    __rt_lib_init_heap_1                     0x08000163   Thumb Code     0  libinit2.o(.ARM.Collect$$libinit$$00000008)
    __rt_lib_init_lc_collate_1               0x08000163   Thumb Code     0  libinit2.o(.ARM.Collect$$libinit$$0000000F)
    __rt_lib_init_lc_ctype_1                 0x08000163   Thumb Code     0  libinit2.o(.ARM.Collect$$libinit$$00000011)
    __rt_lib_init_lc_monetary_1              0x08000163   Thumb Code     0  libinit2.o(.ARM.Collect$$libinit$$00000013)
    __rt_lib_init_lc_numeric_1               0x08000163   Thumb Code     0  libinit2.o(.ARM.Collect$$libinit$$00000015)
    __rt_lib_init_lc_time_1                  0x08000163   Thumb Code     0  libinit2.o(.ARM.Collect$$libinit$$00000017)
    __rt_lib_init_rand_1                     0x08000163   Thumb Code     0  libinit2.o(.ARM.Collect$$libinit$$0000000C)
    __rt_lib_init_return                     0x08000163   Thumb Code     0  libinit2.o(.ARM.Collect$$libinit$$00000031)
    __rt_lib_init_signal_1                   0x08000163   Thumb Code     0  libinit2.o(.ARM.Collect$$libinit$$0000001B)
    __rt_lib_init_stdio_1                    0x08000163   Thumb Code     0  libinit2.o(.ARM.Collect$$libinit$$00000023)
    __rt_lib_init_user_alloc_1               0x08000163   Thumb Code     0  libinit2.o(.ARM.Collect$$libinit$$0000000A)
    __rt_lib_shutdown                        0x08000165   Thumb Code     0  libshutdown.o(.ARM.Collect$$libshutdown$$00000000)
    __rt_lib_shutdown_fp_trap_1              0x08000167   Thumb Code     0  libshutdown2.o(.ARM.Collect$$libshutdown$$00000006)
    __rt_lib_shutdown_heap_1                 0x08000167   Thumb Code     0  libshutdown2.o(.ARM.Collect$$libshutdown$$0000000E)
    __rt_lib_shutdown_return                 0x08000167   Thumb Code     0  libshutdown2.o(.ARM.Collect$$libshutdown$$0000000F)
    __rt_lib_shutdown_signal_1               0x08000167   Thumb Code     0  libshutdown2.o(.ARM.Collect$$libshutdown$$00000009)
    __rt_lib_shutdown_stdio_1                0x08000167   Thumb Code     0  libshutdown2.o(.ARM.Collect$$libshutdown$$00000003)
    __rt_lib_shutdown_user_alloc_1           0x08000167   Thumb Code     0  libshutdown2.o(.ARM.Collect$$libshutdown$$0000000B)
    __rt_entry                               0x08000169   Thumb Code     0  rtentry.o(.ARM.Collect$$rtentry$$00000000)
    __rt_entry_presh_1                       0x08000169   Thumb Code     0  rtentry2.o(.ARM.Collect$$rtentry$$00000002)
    __rt_entry_sh                            0x08000169   Thumb Code     0  rtentry4.o(.ARM.Collect$$rtentry$$00000004)
    __rt_entry_li                            0x0800016f   Thumb Code     0  rtentry2.o(.ARM.Collect$$rtentry$$0000000A)
    __rt_entry_postsh_1                      0x0800016f   Thumb Code     0  rtentry2.o(.ARM.Collect$$rtentry$$00000009)
    __rt_entry_main                          0x08000173   Thumb Code     0  rtentry2.o(.ARM.Collect$$rtentry$$0000000D)
    __rt_entry_postli_1                      0x08000173   Thumb Code     0  rtentry2.o(.ARM.Collect$$rtentry$$0000000C)
    __rt_exit                                0x0800017b   Thumb Code     0  rtexit.o(.ARM.Collect$$rtexit$$00000000)
    __rt_exit_ls                             0x0800017d   Thumb Code     0  rtexit2.o(.ARM.Collect$$rtexit$$00000003)
    __rt_exit_prels_1                        0x0800017d   Thumb Code     0  rtexit2.o(.ARM.Collect$$rtexit$$00000002)
    __rt_exit_exit                           0x08000181   Thumb Code     0  rtexit2.o(.ARM.Collect$$rtexit$$00000004)
    Reset_Handler                            0x08000189   Thumb Code     4  startup_stm32f10x_md.o(.text)
    NMI_Handler                              0x0800018d   Thumb Code     2  startup_stm32f10x_md.o(.text)
    HardFault_Handler                        0x0800018f   Thumb Code     2  startup_stm32f10x_md.o(.text)
    MemManage_Handler                        0x08000191   Thumb Code     2  startup_stm32f10x_md.o(.text)
    BusFault_Handler                         0x08000193   Thumb Code     2  startup_stm32f10x_md.o(.text)
    UsageFault_Handler                       0x08000195   Thumb Code     2  startup_stm32f10x_md.o(.text)
    SVC_Handler                              0x08000197   Thumb Code     2  startup_stm32f10x_md.o(.text)
    DebugMon_Handler                         0x08000199   Thumb Code     2  startup_stm32f10x_md.o(.text)
    PendSV_Handler                           0x0800019b   Thumb Code     2  startup_stm32f10x_md.o(.text)
    SysTick_Handler                          0x0800019d   Thumb Code     2  startup_stm32f10x_md.o(.text)
    ADC1_2_IRQHandler                        0x0800019f   Thumb Code     0  startup_stm32f10x_md.o(.text)
    CAN1_RX1_IRQHandler                      0x0800019f   Thumb Code     0  startup_stm32f10x_md.o(.text)
    CAN1_SCE_IRQHandler                      0x0800019f   Thumb Code     0  startup_stm32f10x_md.o(.text)
    DMA1_Channel1_IRQHandler                 0x0800019f   Thumb Code     0  startup_stm32f10x_md.o(.text)
    DMA1_Channel2_IRQHandler                 0x0800019f   Thumb Code     0  startup_stm32f10x_md.o(.text)
    DMA1_Channel3_IRQHandler                 0x0800019f   Thumb Code     0  startup_stm32f10x_md.o(.text)
    DMA1_Channel4_IRQHandler                 0x0800019f   Thumb Code     0  startup_stm32f10x_md.o(.text)
    DMA1_Channel5_IRQHandler                 0x0800019f   Thumb Code     0  startup_stm32f10x_md.o(.text)
    DMA1_Channel6_IRQHandler                 0x0800019f   Thumb Code     0  startup_stm32f10x_md.o(.text)
    DMA1_Channel7_IRQHandler                 0x0800019f   Thumb Code     0  startup_stm32f10x_md.o(.text)
    EXTI0_IRQHandler                         0x0800019f   Thumb Code     0  startup_stm32f10x_md.o(.text)
    EXTI15_10_IRQHandler                     0x0800019f   Thumb Code     0  startup_stm32f10x_md.o(.text)
    EXTI1_IRQHandler                         0x0800019f   Thumb Code     0  startup_stm32f10x_md.o(.text)
    EXTI2_IRQHandler                         0x0800019f   Thumb Code     0  startup_stm32f10x_md.o(.text)
    EXTI3_IRQHandler                         0x0800019f   Thumb Code     0  startup_stm32f10x_md.o(.text)
    EXTI4_IRQHandler                         0x0800019f   Thumb Code     0  startup_stm32f10x_md.o(.text)
    EXTI9_5_IRQHandler                       0x0800019f   Thumb Code     0  startup_stm32f10x_md.o(.text)
    FLASH_IRQHandler                         0x0800019f   Thumb Code     0  startup_stm32f10x_md.o(.text)
    I2C1_ER_IRQHandler                       0x0800019f   Thumb Code     0  startup_stm32f10x_md.o(.text)
    I2C1_EV_IRQHandler                       0x0800019f   Thumb Code     0  startup_stm32f10x_md.o(.text)
    I2C2_ER_IRQHandler                       0x0800019f   Thumb Code     0  startup_stm32f10x_md.o(.text)
    I2C2_EV_IRQHandler                       0x0800019f   Thumb Code     0  startup_stm32f10x_md.o(.text)
    PVD_IRQHandler                           0x0800019f   Thumb Code     0  startup_stm32f10x_md.o(.text)
    RCC_IRQHandler                           0x0800019f   Thumb Code     0  startup_stm32f10x_md.o(.text)
    RTCAlarm_IRQHandler                      0x0800019f   Thumb Code     0  startup_stm32f10x_md.o(.text)
    RTC_IRQHandler                           0x0800019f   Thumb Code     0  startup_stm32f10x_md.o(.text)
    SPI1_IRQHandler                          0x0800019f   Thumb Code     0  startup_stm32f10x_md.o(.text)
    SPI2_IRQHandler                          0x0800019f   Thumb Code     0  startup_stm32f10x_md.o(.text)
    TAMPER_IRQHandler                        0x0800019f   Thumb Code     0  startup_stm32f10x_md.o(.text)
    TIM1_BRK_IRQHandler                      0x0800019f   Thumb Code     0  startup_stm32f10x_md.o(.text)
    TIM1_CC_IRQHandler                       0x0800019f   Thumb Code     0  startup_stm32f10x_md.o(.text)
    TIM1_TRG_COM_IRQHandler                  0x0800019f   Thumb Code     0  startup_stm32f10x_md.o(.text)
    TIM1_UP_IRQHandler                       0x0800019f   Thumb Code     0  startup_stm32f10x_md.o(.text)
    TIM2_IRQHandler                          0x0800019f   Thumb Code     0  startup_stm32f10x_md.o(.text)
    TIM4_IRQHandler                          0x0800019f   Thumb Code     0  startup_stm32f10x_md.o(.text)
    USART2_IRQHandler                        0x0800019f   Thumb Code     0  startup_stm32f10x_md.o(.text)
    USART3_IRQHandler                        0x0800019f   Thumb Code     0  startup_stm32f10x_md.o(.text)
    USBWakeUp_IRQHandler                     0x0800019f   Thumb Code     0  startup_stm32f10x_md.o(.text)
    USB_HP_CAN1_TX_IRQHandler                0x0800019f   Thumb Code     0  startup_stm32f10x_md.o(.text)
    USB_LP_CAN1_RX0_IRQHandler               0x0800019f   Thumb Code     0  startup_stm32f10x_md.o(.text)
    WWDG_IRQHandler                          0x0800019f   Thumb Code     0  startup_stm32f10x_md.o(.text)
    __user_initial_stackheap                 0x080001a1   Thumb Code     0  startup_stm32f10x_md.o(.text)
    __use_two_region_memory                  0x080001c1   Thumb Code     2  heapauxi.o(.text)
    __rt_heap_escrow                         0x080001c3   Thumb Code     2  heapauxi.o(.text)
    __rt_heap_expand                         0x080001c5   Thumb Code     2  heapauxi.o(.text)
    __user_libspace                          0x080001c9   Thumb Code     8  libspace.o(.text)
    __user_perproc_libspace                  0x080001c9   Thumb Code     0  libspace.o(.text)
    __user_perthread_libspace                0x080001c9   Thumb Code     0  libspace.o(.text)
    __user_setup_stackheap                   0x080001d1   Thumb Code    74  sys_stackheap_outer.o(.text)
    exit                                     0x0800021b   Thumb Code    12  exit.o(.text)
    __I$use$semihosting                      0x08000227   Thumb Code     0  use_no_semi.o(.text)
    __use_no_semihosting_swi                 0x08000227   Thumb Code     2  use_no_semi.o(.text)
    __semihosting_library_function           0x08000229   Thumb Code     0  indicate_semi.o(.text)
    _sys_exit                                0x08000229   Thumb Code     8  sys_exit.o(.text)
    AliveEvent                               0x08000235   Thumb Code    16  main.o(i.AliveEvent)
    GetDataEvent                             0x0800024d   Thumb Code    64  main.o(i.GetDataEvent)
    GetWaveTime                              0x08000291   Thumb Code   144  wave.o(i.GetWaveTime)
    LCD_Clear                                0x0800037d   Thumb Code   100  ili93xx.o(i.LCD_Clear)
    LCD_Display_Dir                          0x080003e9   Thumb Code   364  ili93xx.o(i.LCD_Display_Dir)
    LCD_DrawPoint                            0x08000559   Thumb Code    28  ili93xx.o(i.LCD_DrawPoint)
    LCD_Init                                 0x0800057d   Thumb Code 14150  ili93xx.o(i.LCD_Init)
    LCD_Pow                                  0x08003ccd   Thumb Code    22  ili93xx.o(i.LCD_Pow)
    LCD_RD_DATA                              0x08003ce5   Thumb Code    14  ili93xx.o(i.LCD_RD_DATA)
    LCD_ReadReg                              0x08003cf9   Thumb Code    22  ili93xx.o(i.LCD_ReadReg)
    LCD_Scan_Dir                             0x08003d11   Thumb Code   678  ili93xx.o(i.LCD_Scan_Dir)
    LCD_SetCursor                            0x08003fbd   Thumb Code   262  ili93xx.o(i.LCD_SetCursor)
    LCD_ShowChar                             0x080040c9   Thumb Code   340  ili93xx.o(i.LCD_ShowChar)
    LCD_ShowNum                              0x08004231   Thumb Code   148  ili93xx.o(i.LCD_ShowNum)
    LCD_ShowString                           0x080042c5   Thumb Code   102  ili93xx.o(i.LCD_ShowString)
    LCD_WR_DATA                              0x0800432d   Thumb Code    18  ili93xx.o(i.LCD_WR_DATA)
    LCD_WR_REG                               0x08004345   Thumb Code    18  ili93xx.o(i.LCD_WR_REG)
    LCD_WriteRAM_Prepare                     0x0800435d   Thumb Code    10  ili93xx.o(i.LCD_WriteRAM_Prepare)
    LCD_WriteReg                             0x08004371   Thumb Code    20  ili93xx.o(i.LCD_WriteReg)
    MYRCC_DeInit                             0x08004389   Thumb Code    90  sys.o(i.MYRCC_DeInit)
    MY_NVIC_Init                             0x080043f1   Thumb Code   116  sys.o(i.MY_NVIC_Init)
    MY_NVIC_PriorityGroupConfig              0x08004471   Thumb Code    32  sys.o(i.MY_NVIC_PriorityGroupConfig)
    MY_NVIC_SetVectorTable                   0x08004499   Thumb Code    12  sys.o(i.MY_NVIC_SetVectorTable)
    OnRecvData                               0x080044ad   Thumb Code   242  uartprotocol.o(i.OnRecvData)
    RegisterCmdEvent                         0x0800470d   Thumb Code     8  uartprotocol.o(i.RegisterCmdEvent)
    SendCmdPack                              0x08004719   Thumb Code    62  uartprotocol.o(i.SendCmdPack)
    SendPack                                 0x0800475d   Thumb Code    94  uartprotocol.o(i.SendPack)
    SetDataEvent                             0x080047c1   Thumb Code   100  main.o(i.SetDataEvent)
    Stm32_Clock_Init                         0x08004845   Thumb Code   130  sys.o(i.Stm32_Clock_Init)
    TIM3CapInit                              0x080048d1   Thumb Code   260  wave.o(i.TIM3CapInit)
    TIM3_IRQHandler                          0x080049e1   Thumb Code   348  wave.o(i.TIM3_IRQHandler)
    Time2Length                              0x08004b51   Thumb Code    54  wave.o(i.Time2Length)
    UART_Init                                0x08004b91   Thumb Code   166  uart.o(i.UART_Init)
    UART_OnRecv                              0x08004c59   Thumb Code     6  uart.o(i.UART_OnRecv)
    UART_ReSetBps                            0x08004c65   Thumb Code    86  uart.o(i.UART_ReSetBps)
    UART_SendByte                            0x08004cc5   Thumb Code    20  uart.o(i.UART_SendByte)
    UART_SendString                          0x08004cdd   Thumb Code    22  uart.o(i.UART_SendString)
    USART1_IRQHandler                        0x08004cf5   Thumb Code    24  uart.o(i.USART1_IRQHandler)
    UartCmd                                  0x08004d15   Thumb Code    98  uartprotocol.o(i.UartCmd)
    UnRegisterCmdEvent                       0x08004d9d   Thumb Code    38  uartprotocol.o(i.UnRegisterCmdEvent)
    WaveInit                                 0x08004dc9   Thumb Code    78  wave.o(i.WaveInit)
    aack                                     0x08004f99   Thumb Code     6  uartprotocol.o(i.aack)
    ackpack                                  0x08004fa5   Thumb Code    30  uartprotocol.o(i.ackpack)
    delay_init                               0x08004fcd   Thumb Code    56  delay.o(i.delay_init)
    delay_ms                                 0x0800500d   Thumb Code    54  delay.o(i.delay_ms)
    delay_us                                 0x08005049   Thumb Code    54  delay.o(i.delay_us)
    isLink                                   0x080050c5   Thumb Code    14  uartprotocol.o(i.isLink)
    main                                     0x080050d9   Thumb Code   382  main.o(i.main)
    sendackpacket                            0x08005299   Thumb Code    28  uartprotocol.o(i.sendackpacket)
    __aeabi_ddiv                             0x080052bd   Thumb Code     0  ddiv.o(x$fpl$ddiv)
    _ddiv                                    0x080052bd   Thumb Code   552  ddiv.o(x$fpl$ddiv)
    __aeabi_d2uiz                            0x0800556d   Thumb Code     0  dfixu.o(x$fpl$dfixu)
    _dfixu                                   0x0800556d   Thumb Code    90  dfixu.o(x$fpl$dfixu)
    __aeabi_dmul                             0x080055c9   Thumb Code     0  dmul.o(x$fpl$dmul)
    _dmul                                    0x080055c9   Thumb Code   332  dmul.o(x$fpl$dmul)
    __fpl_dnaninf                            0x0800571d   Thumb Code   156  dnaninf.o(x$fpl$dnaninf)
    __fpl_dretinf                            0x080057b9   Thumb Code    12  dretinf.o(x$fpl$dretinf)
    __aeabi_f2d                              0x080057c5   Thumb Code     0  f2d.o(x$fpl$f2d)
    _f2d                                     0x080057c5   Thumb Code    86  f2d.o(x$fpl$f2d)
    __aeabi_ui2f                             0x0800581d   Thumb Code     0  fflt_clz.o(x$fpl$ffltu)
    _ffltu                                   0x0800581d   Thumb Code    38  fflt_clz.o(x$fpl$ffltu)
    __fpl_fnaninf                            0x08005843   Thumb Code   140  fnaninf.o(x$fpl$fnaninf)
    __I$use$fp                               0x080058ce   Number         0  usenofp.o(x$fpl$usenofp)
    asc2_1206                                0x080058ce   Data        1140  ili93xx.o(.constdata)
    asc2_1608                                0x08005d42   Data        1520  ili93xx.o(.constdata)
    UartProtocol                             0x08006370   Data          36  uartprotocol.o(.constdata)
    UART                                     0x08006394   Data          20  uart.o(.constdata)
    Region$$Table$$Base                      0x080063a8   Number         0  anon$$obj.o(Region$$Table)
    Region$$Table$$Limit                     0x080063c8   Number         0  anon$$obj.o(Region$$Table)
    time1                                    0x20000000   Data           4  main.o(.data)
    cm1                                      0x20000004   Data           4  main.o(.data)
    time2                                    0x20000008   Data           4  main.o(.data)
    cm2                                      0x2000000c   Data           4  main.o(.data)
    pid                                      0x20000010   Data           6  main.o(.data)
    lastSetId                                0x20000016   Data           2  main.o(.data)
    TIM3CH3_CAPTURE_STA                      0x20000018   Data           1  wave.o(.data)
    TIM3CH4_CAPTURE_STA                      0x20000019   Data           1  wave.o(.data)
    TIM3CH3_CAPTURE_VAL                      0x2000001a   Data           2  wave.o(.data)
    TIM3CH4_CAPTURE_VAL                      0x2000001c   Data           2  wave.o(.data)
    POINT_COLOR                              0x20000022   Data           2  ili93xx.o(.data)
    BACK_COLOR                               0x20000024   Data           2  ili93xx.o(.data)
    packlen                                  0x20000028   Data           2  uartprotocol.o(.data)
    recvmode                                 0x2000002a   Data           1  uartprotocol.o(.data)
    RecvFlag                                 0x2000002b   Data           1  uartprotocol.o(.data)
    RecvCheck                                0x2000002c   Data           1  uartprotocol.o(.data)
    TimeOut                                  0x2000002d   Data           1  uartprotocol.o(.data)
    LinkTimeOut                              0x2000002e   Data           2  uartprotocol.o(.data)
    recvcmd                                  0x20000030   Data           1  uartprotocol.o(.data)
    packbuff                                 0x20000034   Data           4  uartprotocol.o(.data)
    sendbuff                                 0x20000038   Data           4  uartprotocol.o(.data)
    savecmd                                  0x2000003c   Data           1  uartprotocol.o(.data)
    AutoACK                                  0x2000003d   Data           1  uartprotocol.o(.data)
    recvdatapos                              0x2000003e   Data           2  uartprotocol.o(.data)
    senddatapos                              0x20000040   Data           2  uartprotocol.o(.data)
    OnRecv                                   0x20000044   Data           4  uart.o(.data)
    buffdata                                 0x2000004c   Data         128  main.o(.bss)
    lcddev                                   0x200000cc   Data          14  ili93xx.o(.bss)
    UartCmdEvent                             0x200000dc   Data          64  uartprotocol.o(.bss)
    __libspace_start                         0x2000011c   Data          96  libspace.o(.bss)
    __temporary_stack_top$libspace           0x2000017c   Data           0  libspace.o(.bss)



==============================================================================

Memory Map of the image

  Image Entry point : 0x080000ed

  Load Region LR_IROM1 (Base: 0x08000000, Size: 0x00006414, Max: 0x00010000, ABSOLUTE)

    Execution Region ER_IROM1 (Base: 0x08000000, Size: 0x000063c8, Max: 0x00010000, ABSOLUTE)

    Base Addr    Size         Type   Attr      Idx    E Section Name        Object

    0x08000000   0x000000ec   Data   RO          128    RESET               startup_stm32f10x_md.o
    0x080000ec   0x00000008   Code   RO         1444  * !!!main             c_w.l(__main.o)
    0x080000f4   0x00000034   Code   RO         1934    !!!scatter          c_w.l(__scatter.o)
    0x08000128   0x0000001a   Code   RO         1936    !!handler_copy      c_w.l(__scatter_copy.o)
    0x08000142   0x00000002   PAD
    0x08000144   0x0000001c   Code   RO         1938    !!handler_zi        c_w.l(__scatter_zi.o)
    0x08000160   0x00000002   Code   RO         1722    .ARM.Collect$$libinit$$00000000  c_w.l(libinit.o)
    0x08000162   0x00000000   Code   RO         1724    .ARM.Collect$$libinit$$00000002  c_w.l(libinit2.o)
    0x08000162   0x00000000   Code   RO         1727    .ARM.Collect$$libinit$$00000008  c_w.l(libinit2.o)
    0x08000162   0x00000000   Code   RO         1729    .ARM.Collect$$libinit$$0000000A  c_w.l(libinit2.o)
    0x08000162   0x00000000   Code   RO         1731    .ARM.Collect$$libinit$$0000000C  c_w.l(libinit2.o)
    0x08000162   0x00000000   Code   RO         1734    .ARM.Collect$$libinit$$0000000F  c_w.l(libinit2.o)
    0x08000162   0x00000000   Code   RO         1736    .ARM.Collect$$libinit$$00000011  c_w.l(libinit2.o)
    0x08000162   0x00000000   Code   RO         1738    .ARM.Collect$$libinit$$00000013  c_w.l(libinit2.o)
    0x08000162   0x00000000   Code   RO         1740    .ARM.Collect$$libinit$$00000015  c_w.l(libinit2.o)
    0x08000162   0x00000000   Code   RO         1742    .ARM.Collect$$libinit$$00000017  c_w.l(libinit2.o)
    0x08000162   0x00000000   Code   RO         1744    .ARM.Collect$$libinit$$00000019  c_w.l(libinit2.o)
    0x08000162   0x00000000   Code   RO         1746    .ARM.Collect$$libinit$$0000001B  c_w.l(libinit2.o)
    0x08000162   0x00000000   Code   RO         1748    .ARM.Collect$$libinit$$0000001D  c_w.l(libinit2.o)
    0x08000162   0x00000000   Code   RO         1750    .ARM.Collect$$libinit$$0000001F  c_w.l(libinit2.o)
    0x08000162   0x00000000   Code   RO         1752    .ARM.Collect$$libinit$$00000021  c_w.l(libinit2.o)
    0x08000162   0x00000000   Code   RO         1754    .ARM.Collect$$libinit$$00000023  c_w.l(libinit2.o)
    0x08000162   0x00000000   Code   RO         1758    .ARM.Collect$$libinit$$0000002A  c_w.l(libinit2.o)
    0x08000162   0x00000000   Code   RO         1760    .ARM.Collect$$libinit$$0000002C  c_w.l(libinit2.o)
    0x08000162   0x00000000   Code   RO         1762    .ARM.Collect$$libinit$$0000002E  c_w.l(libinit2.o)
    0x08000162   0x00000000   Code   RO         1764    .ARM.Collect$$libinit$$00000030  c_w.l(libinit2.o)
    0x08000162   0x00000002   Code   RO         1765    .ARM.Collect$$libinit$$00000031  c_w.l(libinit2.o)
    0x08000164   0x00000002   Code   RO         1915    .ARM.Collect$$libshutdown$$00000000  c_w.l(libshutdown.o)
    0x08000166   0x00000000   Code   RO         1768    .ARM.Collect$$libshutdown$$00000003  c_w.l(libshutdown2.o)
    0x08000166   0x00000000   Code   RO         1771    .ARM.Collect$$libshutdown$$00000006  c_w.l(libshutdown2.o)
    0x08000166   0x00000000   Code   RO         1774    .ARM.Collect$$libshutdown$$00000009  c_w.l(libshutdown2.o)
    0x08000166   0x00000000   Code   RO         1776    .ARM.Collect$$libshutdown$$0000000B  c_w.l(libshutdown2.o)
    0x08000166   0x00000000   Code   RO         1779    .ARM.Collect$$libshutdown$$0000000E  c_w.l(libshutdown2.o)
    0x08000166   0x00000002   Code   RO         1780    .ARM.Collect$$libshutdown$$0000000F  c_w.l(libshutdown2.o)
    0x08000168   0x00000000   Code   RO         1522    .ARM.Collect$$rtentry$$00000000  c_w.l(rtentry.o)
    0x08000168   0x00000000   Code   RO         1579    .ARM.Collect$$rtentry$$00000002  c_w.l(rtentry2.o)
    0x08000168   0x00000006   Code   RO         1591    .ARM.Collect$$rtentry$$00000004  c_w.l(rtentry4.o)
    0x0800016e   0x00000000   Code   RO         1581    .ARM.Collect$$rtentry$$00000009  c_w.l(rtentry2.o)
    0x0800016e   0x00000004   Code   RO         1582    .ARM.Collect$$rtentry$$0000000A  c_w.l(rtentry2.o)
    0x08000172   0x00000000   Code   RO         1584    .ARM.Collect$$rtentry$$0000000C  c_w.l(rtentry2.o)
    0x08000172   0x00000008   Code   RO         1585    .ARM.Collect$$rtentry$$0000000D  c_w.l(rtentry2.o)
    0x0800017a   0x00000002   Code   RO         1790    .ARM.Collect$$rtexit$$00000000  c_w.l(rtexit.o)
    0x0800017c   0x00000000   Code   RO         1854    .ARM.Collect$$rtexit$$00000002  c_w.l(rtexit2.o)
    0x0800017c   0x00000004   Code   RO         1855    .ARM.Collect$$rtexit$$00000003  c_w.l(rtexit2.o)
    0x08000180   0x00000006   Code   RO         1856    .ARM.Collect$$rtexit$$00000004  c_w.l(rtexit2.o)
    0x08000186   0x00000002   PAD
    0x08000188   0x00000038   Code   RO          129    .text               startup_stm32f10x_md.o
    0x080001c0   0x00000006   Code   RO         1442    .text               c_w.l(heapauxi.o)
    0x080001c6   0x00000002   PAD
    0x080001c8   0x00000008   Code   RO         1631    .text               c_w.l(libspace.o)
    0x080001d0   0x0000004a   Code   RO         1636    .text               c_w.l(sys_stackheap_outer.o)
    0x0800021a   0x0000000c   Code   RO         1711    .text               c_w.l(exit.o)
    0x08000226   0x00000002   Code   RO         1787    .text               c_w.l(use_no_semi.o)
    0x08000228   0x00000000   Code   RO         1789    .text               c_w.l(indicate_semi.o)
    0x08000228   0x0000000c   Code   RO         1851    .text               c_w.l(sys_exit.o)
    0x08000234   0x00000018   Code   RO            1    i.AliveEvent        main.o
    0x0800024c   0x00000044   Code   RO            2    i.GetDataEvent      main.o
    0x08000290   0x000000ac   Code   RO          163    i.GetWaveTime       wave.o
    0x0800033c   0x00000040   Code   RO         1163    i.Init              uartprotocol.o
    0x0800037c   0x0000006c   Code   RO          299    i.LCD_Clear         ili93xx.o
    0x080003e8   0x00000170   Code   RO          303    i.LCD_Display_Dir   ili93xx.o
    0x08000558   0x00000024   Code   RO          305    i.LCD_DrawPoint     ili93xx.o
    0x0800057c   0x00003750   Code   RO          310    i.LCD_Init          ili93xx.o
    0x08003ccc   0x00000016   Code   RO          311    i.LCD_Pow           ili93xx.o
    0x08003ce2   0x00000002   PAD
    0x08003ce4   0x00000014   Code   RO          312    i.LCD_RD_DATA       ili93xx.o
    0x08003cf8   0x00000016   Code   RO          314    i.LCD_ReadReg       ili93xx.o
    0x08003d0e   0x00000002   PAD
    0x08003d10   0x000002ac   Code   RO          315    i.LCD_Scan_Dir      ili93xx.o
    0x08003fbc   0x0000010c   Code   RO          316    i.LCD_SetCursor     ili93xx.o
    0x080040c8   0x00000168   Code   RO          318    i.LCD_ShowChar      ili93xx.o
    0x08004230   0x00000094   Code   RO          319    i.LCD_ShowNum       ili93xx.o
    0x080042c4   0x00000066   Code   RO          320    i.LCD_ShowString    ili93xx.o
    0x0800432a   0x00000002   PAD
    0x0800432c   0x00000018   Code   RO          322    i.LCD_WR_DATA       ili93xx.o
    0x08004344   0x00000018   Code   RO          323    i.LCD_WR_REG        ili93xx.o
    0x0800435c   0x00000014   Code   RO          325    i.LCD_WriteRAM_Prepare  ili93xx.o
    0x08004370   0x00000018   Code   RO          326    i.LCD_WriteReg      ili93xx.o
    0x08004388   0x00000068   Code   RO          237    i.MYRCC_DeInit      sys.o
    0x080043f0   0x00000080   Code   RO          238    i.MY_NVIC_Init      sys.o
    0x08004470   0x00000028   Code   RO          239    i.MY_NVIC_PriorityGroupConfig  sys.o
    0x08004498   0x00000014   Code   RO          240    i.MY_NVIC_SetVectorTable  sys.o
    0x080044ac   0x00000114   Code   RO         1164    i.OnRecvData        uartprotocol.o
    0x080045c0   0x00000050   Code   RO         1165    i.ReadBuff          uartprotocol.o
    0x08004610   0x00000034   Code   RO         1166    i.ReadByte          uartprotocol.o
    0x08004644   0x00000078   Code   RO         1167    i.ReadDWord         uartprotocol.o
    0x080046bc   0x00000050   Code   RO         1168    i.ReadWord          uartprotocol.o
    0x0800470c   0x0000000c   Code   RO         1169    i.RegisterCmdEvent  uartprotocol.o
    0x08004718   0x00000044   Code   RO         1170    i.SendCmdPack       uartprotocol.o
    0x0800475c   0x00000064   Code   RO         1171    i.SendPack          uartprotocol.o
    0x080047c0   0x0000006c   Code   RO            3    i.SetDataEvent      main.o
    0x0800482c   0x00000018   Code   RO         1172    i.Setoffset         uartprotocol.o
    0x08004844   0x0000008c   Code   RO          241    i.Stm32_Clock_Init  sys.o
    0x080048d0   0x00000110   Code   RO          164    i.TIM3CapInit       wave.o
    0x080049e0   0x00000170   Code   RO          165    i.TIM3_IRQHandler   wave.o
    0x08004b50   0x00000040   Code   RO          166    i.Time2Length       wave.o
    0x08004b90   0x000000c8   Code   RO         1318    i.UART_Init         uart.o
    0x08004c58   0x0000000c   Code   RO         1319    i.UART_OnRecv       uart.o
    0x08004c64   0x00000060   Code   RO         1320    i.UART_ReSetBps     uart.o
    0x08004cc4   0x00000018   Code   RO         1321    i.UART_SendByte     uart.o
    0x08004cdc   0x00000016   Code   RO         1322    i.UART_SendString   uart.o
    0x08004cf2   0x00000002   PAD
    0x08004cf4   0x00000020   Code   RO         1324    i.USART1_IRQHandler  uart.o
    0x08004d14   0x00000088   Code   RO         1174    i.UartCmd           uartprotocol.o
    0x08004d9c   0x0000002c   Code   RO         1175    i.UnRegisterCmdEvent  uartprotocol.o
    0x08004dc8   0x00000060   Code   RO          167    i.WaveInit          wave.o
    0x08004e28   0x0000004c   Code   RO         1176    i.WriteBuff         uartprotocol.o
    0x08004e74   0x00000030   Code   RO         1177    i.WriteByte         uartprotocol.o
    0x08004ea4   0x00000070   Code   RO         1178    i.WriteDWord        uartprotocol.o
    0x08004f14   0x00000048   Code   RO         1179    i.WriteWord         uartprotocol.o
    0x08004f5c   0x0000003c   Code   RO         1180    i.Writestr          uartprotocol.o
    0x08004f98   0x0000000c   Code   RO         1181    i.aack              uartprotocol.o
    0x08004fa4   0x00000028   Code   RO         1182    i.ackpack           uartprotocol.o
    0x08004fcc   0x00000040   Code   RO          208    i.delay_init        delay.o
    0x0800500c   0x0000003c   Code   RO          209    i.delay_ms          delay.o
    0x08005048   0x0000003c   Code   RO          210    i.delay_us          delay.o
    0x08005084   0x00000014   Code   RO         1183    i.getbuff           uartprotocol.o
    0x08005098   0x0000000c   Code   RO         1184    i.getcmd            uartprotocol.o
    0x080050a4   0x0000000c   Code   RO         1185    i.getlen            uartprotocol.o
    0x080050b0   0x00000014   Code   RO         1186    i.getsendbuff       uartprotocol.o
    0x080050c4   0x00000014   Code   RO         1187    i.isLink            uartprotocol.o
    0x080050d8   0x000001c0   Code   RO            4    i.main              main.o
    0x08005298   0x00000024   Code   RO         1188    i.sendackpacket     uartprotocol.o
    0x080052bc   0x000002b0   Code   RO         1455    x$fpl$ddiv          fz_ws.l(ddiv.o)
    0x0800556c   0x0000005a   Code   RO         1458    x$fpl$dfixu         fz_ws.l(dfixu.o)
    0x080055c6   0x00000002   PAD
    0x080055c8   0x00000154   Code   RO         1468    x$fpl$dmul          fz_ws.l(dmul.o)
    0x0800571c   0x0000009c   Code   RO         1540    x$fpl$dnaninf       fz_ws.l(dnaninf.o)
    0x080057b8   0x0000000c   Code   RO         1542    x$fpl$dretinf       fz_ws.l(dretinf.o)
    0x080057c4   0x00000056   Code   RO         1470    x$fpl$f2d           fz_ws.l(f2d.o)
    0x0800581a   0x00000002   PAD
    0x0800581c   0x00000026   Code   RO         1492    x$fpl$ffltu         fz_ws.l(fflt_clz.o)
    0x08005842   0x0000008c   Code   RO         1546    x$fpl$fnaninf       fz_ws.l(fnaninf.o)
    0x080058ce   0x00000000   Code   RO         1552    x$fpl$usenofp       fz_ws.l(usenofp.o)
    0x080058ce   0x00000a64   Data   RO          329    .constdata          ili93xx.o
    0x08006332   0x00000002   PAD
    0x08006334   0x00000060   Data   RO         1190    .constdata          uartprotocol.o
    0x08006394   0x00000014   Data   RO         1325    .constdata          uart.o
    0x080063a8   0x00000020   Data   RO         1932    Region$$Table       anon$$obj.o


    Execution Region RW_IRAM1 (Base: 0x20000000, Size: 0x00000a80, Max: 0x00005000, ABSOLUTE)

    Base Addr    Size         Type   Attr      Idx    E Section Name        Object

    0x20000000   0x00000018   Data   RW           10    .data               main.o
    0x20000018   0x00000006   Data   RW          168    .data               wave.o
    0x2000001e   0x00000004   Data   RW          211    .data               delay.o
    0x20000022   0x00000004   Data   RW          330    .data               ili93xx.o
    0x20000026   0x00000002   PAD
    0x20000028   0x0000001a   Data   RW         1191    .data               uartprotocol.o
    0x20000042   0x00000002   PAD
    0x20000044   0x00000008   Data   RW         1326    .data               uart.o
    0x2000004c   0x00000080   Zero   RW            9    .bss                main.o
    0x200000cc   0x0000000e   Zero   RW          328    .bss                ili93xx.o
    0x200000da   0x00000002   PAD
    0x200000dc   0x00000040   Zero   RW         1189    .bss                uartprotocol.o
    0x2000011c   0x00000060   Zero   RW         1632    .bss                c_w.l(libspace.o)
    0x2000017c   0x00000004   PAD
    0x20000180   0x00000100   Zero   RW          127    HEAP                startup_stm32f10x_md.o
    0x20000280   0x00000800   Zero   RW          126    STACK               startup_stm32f10x_md.o


==============================================================================

Image component sizes


      Code (inc. data)   RO Data    RW Data    ZI Data      Debug   Object Name

       184         20          0          4          0       1495   delay.o
     16390        174       2660          4         14      20041   ili93xx.o
         0          0          0          0          0     201628   led.o
       648         86          0         24        128       8674   main.o
        56         22        236          0       2304        780   startup_stm32f10x_md.o
       432         52          0          0          0       2584   sys.o
       386         62         20          8          0      19141   uart.o
      1596        284         96         26         64      14132   uartprotocol.o
       972         88          0          6          0       2997   wave.o

    ----------------------------------------------------------------------
     20672        788       3046         76       2512     271472   Object Totals
         0          0         32          0          0          0   (incl. Generated)
         8          0          2          4          2          0   (incl. Padding)

    ----------------------------------------------------------------------

      Code (inc. data)   RO Data    RW Data    ZI Data      Debug   Library Member Name

         8          0          0          0          0         68   __main.o
        52          8          0          0          0          0   __scatter.o
        26          0          0          0          0          0   __scatter_copy.o
        28          0          0          0          0          0   __scatter_zi.o
        12          0          0          0          0         72   exit.o
         6          0          0          0          0        152   heapauxi.o
         0          0          0          0          0          0   indicate_semi.o
         2          0          0          0          0          0   libinit.o
         2          0          0          0          0          0   libinit2.o
         2          0          0          0          0          0   libshutdown.o
         2          0          0          0          0          0   libshutdown2.o
         8          4          0          0         96         68   libspace.o
         0          0          0          0          0          0   rtentry.o
        12          0          0          0          0          0   rtentry2.o
         6          0          0          0          0          0   rtentry4.o
         2          0          0          0          0          0   rtexit.o
        10          0          0          0          0          0   rtexit2.o
        12          4          0          0          0         68   sys_exit.o
        74          0          0          0          0         80   sys_stackheap_outer.o
         2          0          0          0          0         68   use_no_semi.o
       688        140          0          0          0        208   ddiv.o
        90          4          0          0          0         92   dfixu.o
       340         12          0          0          0        104   dmul.o
       156          4          0          0          0         92   dnaninf.o
        12          0          0          0          0         68   dretinf.o
        86          4          0          0          0         84   f2d.o
        38          0          0          0          0         68   fflt_clz.o
       140          4          0          0          0         84   fnaninf.o
         0          0          0          0          0          0   usenofp.o

    ----------------------------------------------------------------------
      1826        184          0          0        100       1376   Library Totals
        10          0          0          0          4          0   (incl. Padding)

    ----------------------------------------------------------------------

      Code (inc. data)   RO Data    RW Data    ZI Data      Debug   Library Name

       266         16          0          0         96        576   c_w.l
      1550        168          0          0          0        800   fz_ws.l

    ----------------------------------------------------------------------
      1826        184          0          0        100       1376   Library Totals

    ----------------------------------------------------------------------

==============================================================================


      Code (inc. data)   RO Data    RW Data    ZI Data      Debug   

     22498        972       3046         76       2612     269052   Grand Totals
     22498        972       3046         76       2612     269052   ELF Image Totals
     22498        972       3046         76          0          0   ROM Totals

==============================================================================

    Total RO  Size (Code + RO Data)                25544 (  24.95kB)
    Total RW  Size (RW Data + ZI Data)              2688 (   2.63kB)
    Total ROM Size (Code + RO Data + RW Data)      25620 (  25.02kB)

==============================================================================

