ARM Linker, 5.03 [Build 76] [MDK-ARM Standard]

==============================================================================

Section Cross References

    main.o(i.GetDataEvent) refers to wifi.o(.data) for recvarrayid
    main.o(i.GetDataEvent) refers to main.o(.data) for adCH1
    main.o(i.SetDataEvent) refers to wifi.o(.data) for sendarrayid
    main.o(i.adcTask) refers to adc.o(i.Get_Adc) for Get_Adc
    main.o(i.adcTask) refers to ili93xx.o(i.LCD_ShowNum) for LCD_ShowNum
    main.o(i.adcTask) refers to main.o(.data) for DirVal
    main.o(i.adcTask) refers to wifi.o(.constdata) for wifi
    main.o(i.getDataTask) refers to wifi.o(.constdata) for wifi
    main.o(i.keyTask) refers to key.o(i.KEY_Scan) for KEY_Scan
    main.o(i.keyTask) refers to ili93xx.o(i.LCD_Fill) for LCD_Fill
    main.o(i.keyTask) refers to wifi.o(.constdata) for wifi
    main.o(i.main) refers to sys.o(i.Stm32_Clock_Init) for Stm32_Clock_Init
    main.o(i.main) refers to delay.o(i.delay_init) for delay_init
    main.o(i.main) refers to key.o(i.KEY_Init) for KEY_Init
    main.o(i.main) refers to led.o(i.LED_Init) for LED_Init
    main.o(i.main) refers to wave.o(i.WaveInit) for WaveInit
    main.o(i.main) refers to ili93xx.o(i.LCD_Init) for LCD_Init
    main.o(i.main) refers to adc.o(i.Adc_Init) for Adc_Init
    main.o(i.main) refers to delay.o(i.delay_ms) for delay_ms
    main.o(i.main) refers to ili93xx.o(i.LCD_ShowString) for LCD_ShowString
    main.o(i.main) refers to timer.o(.constdata) for Timer
    main.o(i.main) refers to uart.o(.constdata) for UART
    main.o(i.main) refers to uartprotocol.o(i.OnRecvData) for OnRecvData
    main.o(i.main) refers to uartprotocol.o(.constdata) for UartProtocol
    main.o(i.main) refers to uartprotocol.o(.bss) for buffdata
    main.o(i.main) refers to wifi.o(.constdata) for wifi
    main.o(i.main) refers to main.o(i.GetDataEvent) for GetDataEvent
    main.o(i.main) refers to main.o(i.SetDataEvent) for SetDataEvent
    main.o(i.main) refers to wifi.o(.data) for getIPIDid
    main.o(i.main) refers to main.o(i.keyTask) for keyTask
    main.o(i.main) refers to main.o(i.showRefresh) for showRefresh
    main.o(i.main) refers to main.o(i.getDataTask) for getDataTask
    main.o(i.main) refers to main.o(i.adcTask) for adcTask
    main.o(i.showRefresh) refers to ili93xx.o(i.LCD_ShowNum) for LCD_ShowNum
    main.o(i.showRefresh) refers to main.o(.data) for DirVal
    startup_stm32f10x_md.o(RESET) refers to startup_stm32f10x_md.o(STACK) for __initial_sp
    startup_stm32f10x_md.o(RESET) refers to startup_stm32f10x_md.o(.text) for Reset_Handler
    startup_stm32f10x_md.o(RESET) refers to timer.o(i.SysTick_Handler) for SysTick_Handler
    startup_stm32f10x_md.o(RESET) refers to wave.o(i.TIM3_IRQHandler) for TIM3_IRQHandler
    startup_stm32f10x_md.o(RESET) refers to uart.o(i.USART1_IRQHandler) for USART1_IRQHandler
    startup_stm32f10x_md.o(.text) refers to entry.o(.ARM.Collect$$$$00000000) for __main
    wave.o(i.GetWaveTime) refers to delay.o(i.delay_us) for delay_us
    wave.o(i.GetWaveTime) refers to delay.o(i.delay_ms) for delay_ms
    wave.o(i.GetWaveTime) refers to wave.o(.data) for TIM3CH3_CAPTURE_STA
    wave.o(i.TIM3CapInit) refers to sys.o(i.MY_NVIC_Init) for MY_NVIC_Init
    wave.o(i.TIM3_IRQHandler) refers to wave.o(.data) for TIM3CH3_CAPTURE_STA
    wave.o(i.Time2Length) refers to ffltui.o(.text) for __aeabi_ui2f
    wave.o(i.Time2Length) refers to f2d.o(.text) for __aeabi_f2d
    wave.o(i.Time2Length) refers to dmul.o(.text) for __aeabi_dmul
    wave.o(i.Time2Length) refers to ddiv.o(.text) for __aeabi_ddiv
    wave.o(i.Time2Length) refers to dfixui.o(.text) for __aeabi_d2uiz
    wave.o(i.WaveInit) refers to wave.o(i.TIM3CapInit) for TIM3CapInit
    delay.o(i.delay_init) refers to delay.o(.data) for fac_us
    delay.o(i.delay_ms) refers to delay.o(i.delay_us) for delay_us
    delay.o(i.delay_us) refers to delay.o(.data) for fac_us
    sys.o(i.MYRCC_DeInit) refers to sys.o(i.MY_NVIC_SetVectorTable) for MY_NVIC_SetVectorTable
    sys.o(i.MY_NVIC_Init) refers to sys.o(i.MY_NVIC_PriorityGroupConfig) for MY_NVIC_PriorityGroupConfig
    sys.o(i.Stm32_Clock_Init) refers to sys.o(i.MYRCC_DeInit) for MYRCC_DeInit
    sys.o(i.Sys_Standby) refers to sys.o(.emb_text) for WFI_SET
    ili93xx.o(i.LCD_Clear) refers to ili93xx.o(i.LCD_SetCursor) for LCD_SetCursor
    ili93xx.o(i.LCD_Clear) refers to ili93xx.o(i.LCD_WriteRAM_Prepare) for LCD_WriteRAM_Prepare
    ili93xx.o(i.LCD_Clear) refers to ili93xx.o(.bss) for lcddev
    ili93xx.o(i.LCD_Color_Fill) refers to ili93xx.o(i.LCD_SetCursor) for LCD_SetCursor
    ili93xx.o(i.LCD_Color_Fill) refers to ili93xx.o(i.LCD_WriteRAM_Prepare) for LCD_WriteRAM_Prepare
    ili93xx.o(i.LCD_DisplayOff) refers to ili93xx.o(i.LCD_WR_REG) for LCD_WR_REG
    ili93xx.o(i.LCD_DisplayOff) refers to ili93xx.o(i.LCD_WriteReg) for LCD_WriteReg
    ili93xx.o(i.LCD_DisplayOff) refers to ili93xx.o(.bss) for lcddev
[...]
    dfixui.o(.text) refers to llushr.o(.text) for __aeabi_llsr
    f2d.o(.text) refers (Special) to iusefp.o(.text) for __I$use$fp
    d2f.o(.text) refers (Special) to iusefp.o(.text) for __I$use$fp
    d2f.o(.text) refers to fepilogue.o(.text) for _float_round
    cfcmple.o(.text) refers (Special) to iusefp.o(.text) for __I$use$fp
    cfrcmple.o(.text) refers (Special) to iusefp.o(.text) for __I$use$fp
    atan.o(i.__softfp_atan) refers (Special) to iusefp.o(.text) for __I$use$fp
    atan.o(i.__softfp_atan) refers to atan.o(i.atan) for atan
    atan.o(i.atan) refers (Special) to iusefp.o(.text) for __I$use$fp
    atan.o(i.atan) refers to dscalb.o(.text) for __ARM_scalbn
    atan.o(i.atan) refers to fpclassify.o(i.__ARM_fpclassify) for __ARM_fpclassify
    atan.o(i.atan) refers to dunder.o(i.__mathlib_dbl_underflow) for __mathlib_dbl_underflow
    atan.o(i.atan) refers to dadd.o(.text) for __aeabi_dadd
    atan.o(i.atan) refers to ddiv.o(.text) for __aeabi_ddiv
    atan.o(i.atan) refers to dmul.o(.text) for __aeabi_dmul
    atan.o(i.atan) refers to poly.o(i.__kernel_poly) for __kernel_poly
    atan.o(i.atan) refers to atan.o(.constdata) for .constdata
    atan.o(.constdata) refers (Special) to iusefp.o(.text) for __I$use$fp
    atan_x.o(i.____softfp_atan$lsc) refers (Special) to iusefp.o(.text) for __I$use$fp
    atan_x.o(i.____softfp_atan$lsc) refers to atan_x.o(i.__atan$lsc) for __atan$lsc
    atan_x.o(i.__atan$lsc) refers (Special) to iusefp.o(.text) for __I$use$fp
    atan_x.o(i.__atan$lsc) refers to dscalb.o(.text) for __ARM_scalbn
    atan_x.o(i.__atan$lsc) refers to dadd.o(.text) for __aeabi_dadd
    atan_x.o(i.__atan$lsc) refers to ddiv.o(.text) for __aeabi_ddiv
    atan_x.o(i.__atan$lsc) refers to dmul.o(.text) for __aeabi_dmul
    atan_x.o(i.__atan$lsc) refers to poly.o(i.__kernel_poly) for __kernel_poly
    atan_x.o(i.__atan$lsc) refers to atan_x.o(.constdata) for .constdata
    atan_x.o(.constdata) refers (Special) to iusefp.o(.text) for __I$use$fp
    dunder.o(i.__mathlib_dbl_underflow) refers to dscalb.o(.text) for __ARM_scalbn
    fpclassify.o(i.__ARM_fpclassify) refers (Special) to iusefp.o(.text) for __I$use$fp
    poly.o(i.__kernel_poly) refers (Special) to iusefp.o(.text) for __I$use$fp
    poly.o(i.__kernel_poly) refers to dmul.o(.text) for __aeabi_dmul
    poly.o(i.__kernel_poly) refers to dadd.o(.text) for __aeabi_dadd
    qnan.o(.constdata) refers (Special) to iusefp.o(.text) for __I$use$fp
    sqrt.o(i.__softfp_sqrt) refers (Special) to iusefp.o(.text) for __I$use$fp
    sqrt.o(i.__softfp_sqrt) refers to dsqrt.o(.text) for _dsqrt
    sqrt.o(i.__softfp_sqrt) refers to errno.o(i.__set_errno) for __set_errno
    sqrt.o(i.sqrt) refers (Special) to iusefp.o(.text) for __I$use$fp
    sqrt.o(i.sqrt) refers to dsqrt.o(.text) for _dsqrt
    sqrt.o(i.sqrt) refers to errno.o(i.__set_errno) for __set_errno
    sqrt_x.o(i.____softfp_sqrt$lsc) refers (Special) to iusefp.o(.text) for __I$use$fp
    sqrt_x.o(i.____softfp_sqrt$lsc) refers to cdcmple.o(.text) for __aeabi_cdcmple
    sqrt_x.o(i.____softfp_sqrt$lsc) refers to errno.o(i.__set_errno) for __set_errno
    sqrt_x.o(i.____softfp_sqrt$lsc) refers to dsqrt.o(.text) for _dsqrt
    sqrt_x.o(i.__sqrt$lsc) refers (Special) to iusefp.o(.text) for __I$use$fp
    sqrt_x.o(i.__sqrt$lsc) refers to cdcmple.o(.text) for __aeabi_cdcmple
    sqrt_x.o(i.__sqrt$lsc) refers to errno.o(i.__set_errno) for __set_errno
    sqrt_x.o(i.__sqrt$lsc) refers to dsqrt.o(.text) for _dsqrt
    entry2.o(.ARM.Collect$$$$00000001) refers to entry2.o(.ARM.Collect$$$$00002712) for __lit__00000000
    entry2.o(.ARM.Collect$$$$00002712) refers to startup_stm32f10x_md.o(STACK) for __initial_sp
    entry2.o(__vectab_stack_and_reset_area) refers to startup_stm32f10x_md.o(STACK) for __initial_sp
    entry2.o(__vectab_stack_and_reset_area) refers to entry.o(.ARM.Collect$$$$00000000) for __main
    entry5.o(.ARM.Collect$$$$00000004) refers to init.o(.text) for __scatterload
    entry9a.o(.ARM.Collect$$$$0000000B) refers to main.o(i.main) for main
    entry9b.o(.ARM.Collect$$$$0000000C) refers to main.o(i.main) for main
    fputc.o(i.fputc) refers (Special) to iusesemip.o(.text) for __I$use$semihosting$fputc
    fputc.o(i.fputc) refers (Special) to semi.o(.text) for __semihosting_library_function
    uldiv.o(.text) refers to llushr.o(.text) for __aeabi_llsr
    uldiv.o(.text) refers to llshl.o(.text) for __aeabi_llsl
    errno.o(i.__aeabi_errno_addr) refers to errno.o(.data) for .data
    errno.o(i.__read_errno) refers to errno.o(.data) for .data
    errno.o(i.__set_errno) refers to errno.o(.data) for .data
    strtol.o(.text) refers to ctype_o.o(.text) for __rt_ctype_table
    strtol.o(.text) refers to _strtoul.o(.text) for _strtoul
    strtol.o(.text) refers to errno.o(i.__aeabi_errno_addr) for __aeabi_errno_addr
    depilogue.o(.text) refers to llshl.o(.text) for __aeabi_llsl
    depilogue.o(.text) refers to llushr.o(.text) for __aeabi_llsr
    dfixul.o(.text) refers to llushr.o(.text) for __aeabi_llsr
    dfixul.o(.text) refers to llshl.o(.text) for __aeabi_llsl
    init.o(.text) refers to entry5.o(.ARM.Collect$$$$00000004) for __main_after_scatterload
    ctype_o.o(.text) refers to ctype_o.o(.constdata) for .constdata
    ctype_o.o(.constdata) refers to ctype_o.o(.constdata) for __ctype_table
    isalnum_o.o(.text) refers to ctype_o.o(.text) for __rt_ctype_table
    isalpha_o.o(.text) refers to ctype_o.o(.text) for __rt_ctype_table
    isblank_o.o(.text) refers to ctype_o.o(.constdata) for __ctype_table
    iscntrl_o.o(.text) refers to ctype_o.o(.text) for __rt_ctype_table
    isdigit_o.o(.text) refers to ctype_o.o(.text) for __rt_ctype_table
    isgraph_o.o(.text) refers to ctype_o.o(.text) for __rt_ctype_table
    islower_o.o(.text) refers to ctype_o.o(.text) for __rt_ctype_table
    isprint_o.o(.text) refers to ctype_o.o(.text) for __rt_ctype_table
    ispunct_o.o(.text) refers to ctype_o.o(.text) for __rt_ctype_table
    isspace_o.o(.text) refers to ctype_o.o(.text) for __rt_ctype_table
    isupper_o.o(.text) refers to ctype_o.o(.text) for __rt_ctype_table
    isxdigit_o.o(.text) refers to ctype_o.o(.text) for __rt_ctype_table
    _strtoul.o(.text) refers to _chval.o(.text) for _chval
    _strtoul.o(.text) refers to errno.o(i.__aeabi_errno_addr) for __aeabi_errno_addr
    dsqrt.o(.text) refers to llushr.o(.text) for __aeabi_llsr
    dsqrt.o(.text) refers to depilogue.o(.text) for _double_round


==============================================================================

Removing Unused input sections from the image.

    Removing wave.o(i.GetWaveTime), (172 bytes).
    Removing wave.o(i.Time2Length), (64 bytes).
    Removing delay.o(i.delay_sms), (30 bytes).
    Removing sys.o(.emb_text), (12 bytes).
    Removing sys.o(i.Ex_NVIC_Config), (160 bytes).
    Removing sys.o(i.JTAG_Set), (48 bytes).
    Removing sys.o(i.Sys_Soft_Reset), (16 bytes).
    Removing sys.o(i.Sys_Standby), (76 bytes).
    Removing ili93xx.o(i.LCD_BGR2RGB), (26 bytes).
    Removing ili93xx.o(i.LCD_Color_Fill), (96 bytes).
    Removing ili93xx.o(i.LCD_DisplayOff), (84 bytes).
    Removing ili93xx.o(i.LCD_DisplayOn), (84 bytes).
    Removing ili93xx.o(i.LCD_DrawLine), (176 bytes).
    Removing ili93xx.o(i.LCD_DrawRectangle), (60 bytes).
    Removing ili93xx.o(i.LCD_Draw_Circle), (152 bytes).
    Removing ili93xx.o(i.LCD_Fast_DrawPoint), (284 bytes).
    Removing ili93xx.o(i.LCD_ReadPoint), (364 bytes).
    Removing ili93xx.o(i.LCD_Set_Window), (388 bytes).
    Removing ili93xx.o(i.LCD_ShowxNum), (190 bytes).
    Removing ili93xx.o(i.LCD_WriteRAM), (12 bytes).
    Removing ili93xx.o(i.opt_delay), (14 bytes).
    Removing mpu6050.o(i.MPU_Get_Accelerometer), (80 bytes).
    Removing mpu6050.o(i.MPU_Get_Gyroscope), (80 bytes).
    Removing mpu6050.o(i.MPU_Get_Temperature), (104 bytes).
    Removing mpu6050.o(i.MPU_Init), (122 bytes).
    Removing mpu6050.o(i.MPU_Read_Byte), (58 bytes).
    Removing mpu6050.o(i.MPU_Read_Len), (116 bytes).
    Removing mpu6050.o(i.MPU_Set_Accel_Fsr), (16 bytes).
    Removing mpu6050.o(i.MPU_Set_Gyro_Fsr), (16 bytes).
    Removing mpu6050.o(i.MPU_Set_LPF), (58 bytes).
    Removing mpu6050.o(i.MPU_Set_Rate), (58 bytes).
    Removing mpu6050.o(i.MPU_Write_Byte), (68 bytes).
    Removing mpu6050.o(i.MPU_Write_Len), (96 bytes).
    Removing iic.o(i.IIC_Ack), (84 bytes).
    Removing iic.o(i.IIC_Init), (60 bytes).
    Removing iic.o(i.IIC_NAck), (84 bytes).
    Removing iic.o(i.IIC_Read_Byte), (116 bytes).
    Removing iic.o(i.IIC_Send_Byte), (112 bytes).
    Removing iic.o(i.IIC_Start), (80 bytes).
    Removing iic.o(i.IIC_Stop), (80 bytes).
    Removing iic.o(i.IIC_Wait_Ack), (104 bytes).
    Removing inv_mpu.o(i.accel_self_test), (164 bytes).
    Removing inv_mpu.o(i.get_accel_prod_shift), (180 bytes).
    Removing inv_mpu.o(i.get_st_biases), (1136 bytes).
    Removing inv_mpu.o(i.gyro_self_test), (268 bytes).
    Removing inv_mpu.o(i.inv_orientation_matrix_to_scalar), (40 bytes).
    Removing inv_mpu.o(i.inv_row_2_scale), (78 bytes).
    Removing inv_mpu.o(i.mget_ms), (2 bytes).
    Removing inv_mpu.o(i.mpu_configure_fifo), (112 bytes).
    Removing inv_mpu.o(i.mpu_dmp_get_data), (548 bytes).
    Removing inv_mpu.o(i.mpu_dmp_init), (156 bytes).
    Removing inv_mpu.o(i.mpu_get_accel_fsr), (76 bytes).
    Removing inv_mpu.o(i.mpu_get_accel_reg), (116 bytes).
    Removing inv_mpu.o(i.mpu_get_accel_sens), (84 bytes).
    Removing inv_mpu.o(i.mpu_get_compass_fsr), (8 bytes).
    Removing inv_mpu.o(i.mpu_get_compass_reg), (8 bytes).
    Removing inv_mpu.o(i.mpu_get_compass_sample_rate), (10 bytes).
    Removing inv_mpu.o(i.mpu_get_dmp_state), (20 bytes).
    Removing inv_mpu.o(i.mpu_get_fifo_config), (16 bytes).
    Removing inv_mpu.o(i.mpu_get_gyro_fsr), (68 bytes).
    Removing inv_mpu.o(i.mpu_get_gyro_reg), (116 bytes).
    Removing inv_mpu.o(i.mpu_get_gyro_sens), (80 bytes).
    Removing inv_mpu.o(i.mpu_get_int_status), (68 bytes).
    Removing inv_mpu.o(i.mpu_get_lpf), (80 bytes).
    Removing inv_mpu.o(i.mpu_get_power_state), (28 bytes).
    Removing inv_mpu.o(i.mpu_get_sample_rate), (32 bytes).
    Removing inv_mpu.o(i.mpu_get_temperature), (160 bytes).
    Removing inv_mpu.o(i.mpu_init), (496 bytes).
    Removing inv_mpu.o(i.mpu_load_firmware), (184 bytes).
    Removing inv_mpu.o(i.mpu_lp_accel_mode), (224 bytes).
    Removing inv_mpu.o(i.mpu_lp_motion_interrupt), (516 bytes).
    Removing inv_mpu.o(i.mpu_read_fifo), (504 bytes).
    Removing inv_mpu.o(i.mpu_read_fifo_stream), (192 bytes).
    Removing inv_mpu.o(i.mpu_read_mem), (128 bytes).
    Removing inv_mpu.o(i.mpu_read_reg), (72 bytes).
    Removing inv_mpu.o(i.mpu_reg_dump), (104 bytes).
    Removing inv_mpu.o(i.mpu_reset_fifo), (456 bytes).
    Removing inv_mpu.o(i.mpu_run_self_test), (284 bytes).
    Removing inv_mpu.o(i.mpu_set_accel_bias), (384 bytes).
    Removing inv_mpu.o(i.mpu_set_accel_fsr), (132 bytes).
    Removing inv_mpu.o(i.mpu_set_bypass), (332 bytes).
    Removing inv_mpu.o(i.mpu_set_compass_sample_rate), (8 bytes).
    Removing inv_mpu.o(i.mpu_set_dmp_state), (144 bytes).
    Removing inv_mpu.o(i.mpu_set_gyro_fsr), (136 bytes).
    Removing inv_mpu.o(i.mpu_set_int_latched), (108 bytes).
    Removing inv_mpu.o(i.mpu_set_int_level), (16 bytes).
    Removing inv_mpu.o(i.mpu_set_lpf), (132 bytes).
    Removing inv_mpu.o(i.mpu_set_sample_rate), (156 bytes).
    Removing inv_mpu.o(i.mpu_set_sensors), (208 bytes).
    Removing inv_mpu.o(i.mpu_write_mem), (128 bytes).
    Removing inv_mpu.o(i.run_self_test), (148 bytes).
    Removing inv_mpu.o(i.set_int_enable), (144 bytes).
    Removing inv_mpu.o(i.setup_compass), (6 bytes).
    Removing inv_mpu.o(.constdata), (157 bytes).
    Removing inv_mpu.o(.data), (53 bytes).
    Removing inv_mpu_dmp_motion_driver.o(i.decode_gesture), (100 bytes).
    Removing inv_mpu_dmp_motion_driver.o(i.dmp_enable_6x_lp_quat), (60 bytes).
    Removing inv_mpu_dmp_motion_driver.o(i.dmp_enable_feature), (540 bytes).
    Removing inv_mpu_dmp_motion_driver.o(i.dmp_enable_gyro_cal), (88 bytes).
    Removing inv_mpu_dmp_motion_driver.o(i.dmp_enable_lp_quat), (60 bytes).
    Removing inv_mpu_dmp_motion_driver.o(i.dmp_get_enabled_features), (16 bytes).
    Removing inv_mpu_dmp_motion_driver.o(i.dmp_get_fifo_rate), (16 bytes).
    Removing inv_mpu_dmp_motion_driver.o(i.dmp_get_pedometer_step_count), (66 bytes).
    Removing inv_mpu_dmp_motion_driver.o(i.dmp_get_pedometer_walk_time), (72 bytes).
    Removing inv_mpu_dmp_motion_driver.o(i.dmp_load_motion_driver_firmware), (24 bytes).
    Removing inv_mpu_dmp_motion_driver.o(i.dmp_read_fifo), (460 bytes).
    Removing inv_mpu_dmp_motion_driver.o(i.dmp_register_android_orient_cb), (16 bytes).
    Removing inv_mpu_dmp_motion_driver.o(i.dmp_register_tap_cb), (16 bytes).
    Removing inv_mpu_dmp_motion_driver.o(i.dmp_set_accel_bias), (304 bytes).
    Removing inv_mpu_dmp_motion_driver.o(i.dmp_set_fifo_rate), (112 bytes).
    Removing inv_mpu_dmp_motion_driver.o(i.dmp_set_gyro_bias), (304 bytes).
    Removing inv_mpu_dmp_motion_driver.o(i.dmp_set_interrupt_mode), (92 bytes).
    Removing inv_mpu_dmp_motion_driver.o(i.dmp_set_orientation), (312 bytes).
    Removing inv_mpu_dmp_motion_driver.o(i.dmp_set_pedometer_step_count), (42 bytes).
    Removing inv_mpu_dmp_motion_driver.o(i.dmp_set_pedometer_walk_time), (48 bytes).
    Removing inv_mpu_dmp_motion_driver.o(i.dmp_set_shake_reject_thresh), (56 bytes).
    Removing inv_mpu_dmp_motion_driver.o(i.dmp_set_shake_reject_time), (38 bytes).
    Removing inv_mpu_dmp_motion_driver.o(i.dmp_set_shake_reject_timeout), (38 bytes).
    Removing inv_mpu_dmp_motion_driver.o(i.dmp_set_tap_axes), (70 bytes).
    Removing inv_mpu_dmp_motion_driver.o(i.dmp_set_tap_count), (38 bytes).
    Removing inv_mpu_dmp_motion_driver.o(i.dmp_set_tap_thresh), (416 bytes).
    Removing inv_mpu_dmp_motion_driver.o(i.dmp_set_tap_time), (38 bytes).
    Removing inv_mpu_dmp_motion_driver.o(i.dmp_set_tap_time_multi), (38 bytes).
    Removing inv_mpu_dmp_motion_driver.o(.bss), (16 bytes).
    Removing inv_mpu_dmp_motion_driver.o(.constdata), (3062 bytes).
    Removing mpupc.o(i.mpu6050_send_data), (110 bytes).
    Removing mpupc.o(i.usart1_niming_report), (120 bytes).
    Removing mpupc.o(i.usart1_report_imu), (192 bytes).
    Removing mpupc.o(i.usart1_send_char), (24 bytes).
    Removing adc.o(i.Get_Adc_Average), (46 bytes).
    Removing uartprotocol.o(i.TimeOutTick), (56 bytes).
    Removing uart.o(i.UART_SetEnable), (2 bytes).
    Removing fadd.o(.text), (176 bytes).
    Removing fmul.o(.text), (108 bytes).
    Removing fdiv.o(.text), (128 bytes).
    Removing dadd.o(.text), (334 bytes).
    Removing dmul.o(.text), (228 bytes).
    Removing ddiv.o(.text), (222 bytes).
    Removing fflti.o(.text), (18 bytes).
    Removing ffltui.o(.text), (10 bytes).
    Removing dflti.o(.text), (34 bytes).
    Removing ffixi.o(.text), (50 bytes).
    Removing ffixui.o(.text), (40 bytes).
    Removing dfixui.o(.text), (50 bytes).
    Removing f2d.o(.text), (38 bytes).
    Removing d2f.o(.text), (56 bytes).
    Removing cfcmple.o(.text), (20 bytes).
    Removing cfrcmple.o(.text), (20 bytes).
    Removing fepilogue.o(.text), (108 bytes).
    Removing depilogue.o(.text), (190 bytes).
    Removing dscalb.o(.text), (46 bytes).
    Removing dfixul.o(.text), (48 bytes).
    Removing cdrcmple.o(.text), (40 bytes).
    Removing dsqrt.o(.text), (162 bytes).
    Removing cdcmple.o(.text), (40 bytes).

155 unused section(s) (total 22580 bytes) removed from the image.

==============================================================================

Image Symbol Table

    Local Symbols

    Symbol Name                              Value     Ov Type        Size  Object(Section)

    ../clib/microlib/ctype/ctype.c           0x00000000   Number         0  isalpha_o.o ABSOLUTE
    ../clib/microlib/ctype/ctype.c           0x00000000   Number         0  isprint_o.o ABSOLUTE
    ../clib/microlib/ctype/ctype.c           0x00000000   Number         0  islower_o.o ABSOLUTE
    ../clib/microlib/ctype/ctype.c           0x00000000   Number         0  ispunct_o.o ABSOLUTE
    ../clib/microlib/ctype/ctype.c           0x00000000   Number         0  isgraph_o.o ABSOLUTE
    ../clib/microlib/ctype/ctype.c           0x00000000   Number         0  isdigit_o.o ABSOLUTE
    ../clib/microlib/ctype/ctype.c           0x00000000   Number         0  iscntrl_o.o ABSOLUTE
    ../clib/microlib/ctype/ctype.c           0x00000000   Number         0  ctype_o.o ABSOLUTE
    ../clib/microlib/ctype/ctype.c           0x00000000   Number         0  isxdigit_o.o ABSOLUTE
    ../clib/microlib/ctype/ctype.c           0x00000000   Number         0  isupper_o.o ABSOLUTE
    ../clib/microlib/ctype/ctype.c           0x00000000   Number         0  isblank_o.o ABSOLUTE
    ../clib/microlib/ctype/ctype.c           0x00000000   Number         0  isspace_o.o ABSOLUTE
    ../clib/microlib/ctype/ctype.c           0x00000000   Number         0  isalnum_o.o ABSOLUTE
    ../clib/microlib/division.c              0x00000000   Number         0  uldiv.o ABSOLUTE
    ../clib/microlib/division.c              0x00000000   Number         0  ldiv.o ABSOLUTE
    ../clib/microlib/division.c              0x00000000   Number         0  uidiv.o ABSOLUTE
    ../clib/microlib/errno.c                 0x00000000   Number         0  errno.o ABSOLUTE
    ../clib/microlib/init/entry.s            0x00000000   Number         0  entry5.o ABSOLUTE
    ../clib/microlib/init/entry.s            0x00000000   Number         0  entry.o ABSOLUTE
    ../clib/microlib/init/entry.s            0x00000000   Number         0  entry7b.o ABSOLUTE
    ../clib/microlib/init/entry.s            0x00000000   Number         0  entry8a.o ABSOLUTE
    ../clib/microlib/init/entry.s            0x00000000   Number         0  entry9a.o ABSOLUTE
    ../clib/microlib/init/entry.s            0x00000000   Number         0  entry2.o ABSOLUTE
    ../clib/microlib/init/entry.s            0x00000000   Number         0  entry8b.o ABSOLUTE
    ../clib/microlib/init/entry.s            0x00000000   Number         0  entry9b.o ABSOLUTE
    ../clib/microlib/init/entry.s            0x00000000   Number         0  entry10a.o ABSOLUTE
    ../clib/microlib/init/entry.s            0x00000000   Number         0  entry10b.o ABSOLUTE
    ../clib/microlib/init/entry.s            0x00000000   Number         0  entry11a.o ABSOLUTE
    ../clib/microlib/init/entry.s            0x00000000   Number         0  entry11b.o ABSOLUTE
    ../clib/microlib/init/entry.s            0x00000000   Number         0  entry7a.o ABSOLUTE
    ../clib/microlib/longlong.c              0x00000000   Number         0  llshl.o ABSOLUTE
    ../clib/microlib/longlong.c              0x00000000   Number         0  llushr.o ABSOLUTE
    ../clib/microlib/longlong.c              0x00000000   Number         0  llsshr.o ABSOLUTE
    ../clib/microlib/malloc/malloc.c         0x00000000   Number         0  mallocra.o ABSOLUTE
    ../clib/microlib/malloc/malloc.c         0x00000000   Number         0  malloca.o ABSOLUTE
    ../clib/microlib/malloc/malloc.c         0x00000000   Number         0  mallocr.o ABSOLUTE
    ../clib/microlib/malloc/malloc.c         0x00000000   Number         0  malloc.o ABSOLUTE
    ../clib/microlib/malloc/mvars.c          0x00000000   Number         0  mvars.o ABSOLUTE
    ../clib/microlib/printf/printf.c         0x00000000   Number         0  printf6.o ABSOLUTE
    ../clib/microlib/printf/printf.c         0x00000000   Number         0  printf3.o ABSOLUTE
    ../clib/microlib/printf/printf.c         0x00000000   Number         0  printfa.o ABSOLUTE
    ../clib/microlib/printf/printf.c         0x00000000   Number         0  printf8.o ABSOLUTE
    ../clib/microlib/printf/printf.c         0x00000000   Number         0  printf7.o ABSOLUTE
    ../clib/microlib/printf/printf.c         0x00000000   Number         0  printf5.o ABSOLUTE
    ../clib/microlib/printf/printf.c         0x00000000   Number         0  printf4.o ABSOLUTE
    ../clib/microlib/printf/printf.c         0x00000000   Number         0  printf2.o ABSOLUTE
    ../clib/microlib/printf/printf.c         0x00000000   Number         0  printf1.o ABSOLUTE
    ../clib/microlib/printf/printf.c         0x00000000   Number         0  printf0.o ABSOLUTE
    ../clib/microlib/printf/printf.c         0x00000000   Number         0  printfb.o ABSOLUTE
    ../clib/microlib/printf/stubs.s          0x00000000   Number         0  stubs.o ABSOLUTE
    ../clib/microlib/stdio/fputc.c           0x00000000   Number         0  fputc.o ABSOLUTE
    ../clib/microlib/stdio/semi.s            0x00000000   Number         0  semi.o ABSOLUTE
    ../clib/microlib/stdio/streams.c         0x00000000   Number         0  stdout.o ABSOLUTE
    ../clib/microlib/string/memcmp.c         0x00000000   Number         0  memcmp.o ABSOLUTE
    ../clib/microlib/string/memcpy.c         0x00000000   Number         0  memcpyb.o ABSOLUTE
    ../clib/microlib/string/memcpy.c         0x00000000   Number         0  memcpya.o ABSOLUTE
    ../clib/microlib/string/memset.c         0x00000000   Number         0  memseta.o ABSOLUTE
    ../clib/microlib/string/strcat.c         0x00000000   Number         0  strcat.o ABSOLUTE
    ../clib/microlib/string/strstr.c         0x00000000   Number         0  strstr.o ABSOLUTE
    ../clib/microlib/stubs.s                 0x00000000   Number         0  iusefp.o ABSOLUTE
    ../clib/microlib/stubs.s                 0x00000000   Number         0  iusesemip.o ABSOLUTE
    ../clib/scanf.c                          0x00000000   Number         0  strtol.o ABSOLUTE
    ../clib/scanf.c                          0x00000000   Number         0  atoi.o ABSOLUTE
    ../clib/scanf.c                          0x00000000   Number         0  _strtoul.o ABSOLUTE
    ../clib/scanf.c                          0x00000000   Number         0  _chval.o ABSOLUTE
    ../fplib/microlib/d2f.c                  0x00000000   Number         0  d2f.o ABSOLUTE
    ../fplib/microlib/f2d.c                  0x00000000   Number         0  f2d.o ABSOLUTE
    ../fplib/microlib/fpadd.c                0x00000000   Number         0  dadd.o ABSOLUTE
    ../fplib/microlib/fpadd.c                0x00000000   Number         0  fadd.o ABSOLUTE
    ../fplib/microlib/fpdiv.c                0x00000000   Number         0  fdiv.o ABSOLUTE
    ../fplib/microlib/fpdiv.c                0x00000000   Number         0  ddiv.o ABSOLUTE
    ../fplib/microlib/fpepilogue.c           0x00000000   Number         0  fepilogue.o ABSOLUTE
    ../fplib/microlib/fpepilogue.c           0x00000000   Number         0  depilogue.o ABSOLUTE
    ../fplib/microlib/fpfix.c                0x00000000   Number         0  dfixul.o ABSOLUTE
    ../fplib/microlib/fpfix.c                0x00000000   Number         0  dfixui.o ABSOLUTE
    ../fplib/microlib/fpfix.c                0x00000000   Number         0  ffixui.o ABSOLUTE
    ../fplib/microlib/fpfix.c                0x00000000   Number         0  ffixi.o ABSOLUTE
    ../fplib/microlib/fpflt.c                0x00000000   Number         0  ffltui.o ABSOLUTE
    ../fplib/microlib/fpflt.c                0x00000000   Number         0  dflti.o ABSOLUTE
    ../fplib/microlib/fpflt.c                0x00000000   Number         0  fflti.o ABSOLUTE
    ../fplib/microlib/fpmul.c                0x00000000   Number         0  fmul.o ABSOLUTE
    ../fplib/microlib/fpmul.c                0x00000000   Number         0  dmul.o ABSOLUTE
    ../fplib/microlib/fpscalb.c              0x00000000   Number         0  dscalb.o ABSOLUTE
    ../fplib/microlib/fpsqrt.c               0x00000000   Number         0  dsqrt.o ABSOLUTE
    ../mathlib/asin.c                        0x00000000   Number         0  asin.o ABSOLUTE
    ../mathlib/asin.c                        0x00000000   Number         0  asin_x.o ABSOLUTE
    ../mathlib/atan.c                        0x00000000   Number         0  atan.o ABSOLUTE
    ../mathlib/atan.c                        0x00000000   Number         0  atan_x.o ABSOLUTE
    ../mathlib/atan2.c                       0x00000000   Number         0  atan2.o ABSOLUTE
    ../mathlib/atan2.c                       0x00000000   Number         0  atan2_x.o ABSOLUTE
    ../mathlib/dunder.c                      0x00000000   Number         0  dunder.o ABSOLUTE
    ../mathlib/fpclassify.c                  0x00000000   Number         0  fpclassify.o ABSOLUTE
    ../mathlib/poly.c                        0x00000000   Number         0  poly.o ABSOLUTE
    ../mathlib/qnan.c                        0x00000000   Number         0  qnan.o ABSOLUTE
    ../mathlib/sqrt.c                        0x00000000   Number         0  sqrt.o ABSOLUTE
    ../mathlib/sqrt.c                        0x00000000   Number         0  sqrt_x.o ABSOLUTE
    ..\Boot\startup_stm32f10x_md.s           0x00000000   Number         0  startup_stm32f10x_md.o ABSOLUTE
    ..\Refer\eMPL\inv_mpu.c                  0x00000000   Number         0  inv_mpu.o ABSOLUTE
    ..\Refer\eMPL\inv_mpu_dmp_motion_driver.c 0x00000000   Number         0  inv_mpu_dmp_motion_driver.o ABSOLUTE
    ..\Refer\src\ILI93xx.c                   0x00000000   Number         0  ili93xx.o ABSOLUTE
    ..\Refer\src\Timer.c                     0x00000000   Number         0  timer.o ABSOLUTE
    ..\Refer\src\adc.c                       0x00000000   Number         0  adc.o ABSOLUTE
    ..\Refer\src\delay.c                     0x00000000   Number         0  delay.o ABSOLUTE
    ..\Refer\src\iic.c                       0x00000000   Number         0  iic.o ABSOLUTE
    ..\Refer\src\key.c                       0x00000000   Number         0  key.o ABSOLUTE
    ..\Refer\src\led.c                       0x00000000   Number         0  led.o ABSOLUTE
    ..\Refer\src\mpu6050.c                   0x00000000   Number         0  mpu6050.o ABSOLUTE
    ..\Refer\src\mpupc.c                     0x00000000   Number         0  mpupc.o ABSOLUTE
    ..\Refer\src\sys.c                       0x00000000   Number         0  sys.o ABSOLUTE
    ..\Refer\src\uart.c                      0x00000000   Number         0  uart.o ABSOLUTE
    ..\Refer\src\uartprotocol.c              0x00000000   Number         0  uartprotocol.o ABSOLUTE
    ..\Refer\src\wave.c                      0x00000000   Number         0  wave.o ABSOLUTE
    ..\Refer\src\wifi.c                      0x00000000   Number         0  wifi.o ABSOLUTE
    ..\\Refer\\src\\Timer.c                  0x00000000   Number         0  timer.o ABSOLUTE
    ..\\Refer\\src\\sys.c                    0x00000000   Number         0  sys.o ABSOLUTE
    cdcmple.s                                0x00000000   Number         0  cdcmple.o ABSOLUTE
    cdrcmple.s                               0x00000000   Number         0  cdrcmple.o ABSOLUTE
    cfcmple.s                                0x00000000   Number         0  cfcmple.o ABSOLUTE
    cfrcmple.s                               0x00000000   Number         0  cfrcmple.o ABSOLUTE
    dc.s                                     0x00000000   Number         0  dc.o ABSOLUTE
    handlers.s                               0x00000000   Number         0  handlers.o ABSOLUTE
    init.s                                   0x00000000   Number         0  init.o ABSOLUTE
    main.c                                   0x00000000   Number         0  main.o ABSOLUTE
    RESET                                    0x08000000   Section      236  startup_stm32f10x_md.o(RESET)
    .ARM.Collect$$$$00000000                 0x080000ec   Section        0  entry.o(.ARM.Collect$$$$00000000)
    .ARM.Collect$$$$00000001                 0x080000ec   Section        4  entry2.o(.ARM.Collect$$$$00000001)
    .ARM.Collect$$$$00000004                 0x080000f0   Section        4  entry5.o(.ARM.Collect$$$$00000004)
    .ARM.Collect$$$$00000008                 0x080000f4   Section        0  entry7b.o(.ARM.Collect$$$$00000008)
    .ARM.Collect$$$$0000000A                 0x080000f4   Section        0  entry8b.o(.ARM.Collect$$$$0000000A)
    .ARM.Collect$$$$0000000B                 0x080000f4   Section        8  entry9a.o(.ARM.Collect$$$$0000000B)
    .ARM.Collect$$$$0000000D                 0x080000fc   Section        0  entry10a.o(.ARM.Collect$$$$0000000D)
    .ARM.Collect$$$$0000000F                 0x080000fc   Section        0  entry11a.o(.ARM.Collect$$$$0000000F)
    .ARM.Collect$$$$00002712                 0x080000fc   Section        4  entry2.o(.ARM.Collect$$$$00002712)
    __lit__00000000                          0x080000fc   Data           4  entry2.o(.ARM.Collect$$$$00002712)
    .emb_text                                0x08000100   Section       36  timer.o(.emb_text)
    .text                                    0x08000124   Section       28  startup_stm32f10x_md.o(.text)
    .text                                    0x08000140   Section        0  memseta.o(.text)
    .text                                    0x08000164   Section        0  strcat.o(.text)
    .text                                    0x0800017c   Section        0  strstr.o(.text)
    .text                                    0x080001a0   Section        0  atoi.o(.text)
    .text                                    0x080001ba   Section        0  uldiv.o(.text)
    .text                                    0x0800021c   Section        0  llshl.o(.text)
    .text                                    0x0800023a   Section        0  llushr.o(.text)
    .text                                    0x0800025a   Section        0  strtol.o(.text)
    .text                                    0x080002cc   Section       36  init.o(.text)
    .text                                    0x080002f0   Section        0  ctype_o.o(.text)
    .text                                    0x080002f8   Section        0  _strtoul.o(.text)
    .text                                    0x08000396   Section        0  _chval.o(.text)
    i.Adc_Init                               0x080003b4   Section        0  adc.o(i.Adc_Init)
    i.AddDelay                               0x080004d8   Section        0  timer.o(i.AddDelay)
    i.AliveEvent                             0x08000504   Section        0  wifi.o(i.AliveEvent)
    i.CallFun                                0x08000684   Section        0  timer.o(i.CallFun)
    i.ConnectSend                            0x0800068c   Section        0  wifi.o(i.ConnectSend)
    ConnectSend                              0x0800068d   Thumb Code    34  wifi.o(i.ConnectSend)
    i.ConnectSendCode                        0x080006d0   Section        0  wifi.o(i.ConnectSendCode)
    ConnectSendCode                          0x080006d1   Thumb Code   128  wifi.o(i.ConnectSendCode)
    i.DeErrEvent                             0x08000780   Section        0  wifi.o(i.DeErrEvent)
    i.Delay                                  0x0800091c   Section        0  timer.o(i.Delay)
    i.GetDataEvent                           0x08000960   Section        0  main.o(i.GetDataEvent)
    i.GetIPIDCmd                             0x080009ec   Section        0  wifi.o(i.GetIPIDCmd)
    GetIPIDCmd                               0x080009ed   Thumb Code    18  wifi.o(i.GetIPIDCmd)
    i.Get_Adc                                0x08000a48   Section        0  adc.o(i.Get_Adc)
    i.Init                                   0x08000a8c   Section        0  uartprotocol.o(i.Init)
    Init                                     0x08000a8d   Thumb Code    52  uartprotocol.o(i.Init)
    i.Init                                   0x08000acc   Section        0  wifi.o(i.Init)
    Init                                     0x08000acd   Thumb Code    16  wifi.o(i.Init)
    i.InitTimer                              0x08000adc   Section        0  timer.o(i.InitTimer)
    i.KEY_Init                               0x08000b08   Section        0  key.o(i.KEY_Init)
    i.KEY_Scan                               0x08000b74   Section        0  key.o(i.KEY_Scan)
    i.KillThisTimer                          0x08000c14   Section        0  timer.o(i.KillThisTimer)
    i.KillTimer                              0x08000c40   Section        0  timer.o(i.KillTimer)
    i.LCD_Clear                              0x08000c64   Section        0  ili93xx.o(i.LCD_Clear)
    i.LCD_Display_Dir                        0x08000cd0   Section        0  ili93xx.o(i.LCD_Display_Dir)
    i.LCD_DrawPoint                          0x08000e40   Section        0  ili93xx.o(i.LCD_DrawPoint)
    i.LCD_Fill                               0x08000e64   Section        0  ili93xx.o(i.LCD_Fill)
    i.LCD_Init                               0x08000f1c   Section        0  ili93xx.o(i.LCD_Init)
    i.LCD_Pow                                0x0800466c   Section        0  ili93xx.o(i.LCD_Pow)
    i.LCD_RD_DATA                            0x08004684   Section        0  ili93xx.o(i.LCD_RD_DATA)
    i.LCD_ReadReg                            0x08004698   Section        0  ili93xx.o(i.LCD_ReadReg)
    i.LCD_Scan_Dir                           0x080046b0   Section        0  ili93xx.o(i.LCD_Scan_Dir)
    i.LCD_SetCursor                          0x0800495c   Section        0  ili93xx.o(i.LCD_SetCursor)
    i.LCD_ShowChar                           0x08004a68   Section        0  ili93xx.o(i.LCD_ShowChar)
    i.LCD_ShowNum                            0x08004bd0   Section        0  ili93xx.o(i.LCD_ShowNum)
    i.LCD_ShowString                         0x08004c64   Section        0  ili93xx.o(i.LCD_ShowString)
    i.LCD_WR_DATA                            0x08004ccc   Section        0  ili93xx.o(i.LCD_WR_DATA)
    i.LCD_WR_REG                             0x08004ce4   Section        0  ili93xx.o(i.LCD_WR_REG)
    i.LCD_WriteRAM_Prepare                   0x08004cfc   Section        0  ili93xx.o(i.LCD_WriteRAM_Prepare)
    i.LCD_WriteReg                           0x08004d10   Section        0  ili93xx.o(i.LCD_WriteReg)
    i.LED_Init                               0x08004d28   Section        0  led.o(i.LED_Init)
    i.MYRCC_DeInit                           0x08004d98   Section        0  sys.o(i.MYRCC_DeInit)
    i.MY_NVIC_Init                           0x08004e00   Section        0  sys.o(i.MY_NVIC_Init)
    i.MY_NVIC_PriorityGroupConfig            0x08004e80   Section        0  sys.o(i.MY_NVIC_PriorityGroupConfig)
    i.MY_NVIC_SetVectorTable                 0x08004ea8   Section        0  sys.o(i.MY_NVIC_SetVectorTable)
    i.OnRecvData                             0x08004ebc   Section        0  uartprotocol.o(i.OnRecvData)
    i.ReadBuff                               0x0800501c   Section        0  uartprotocol.o(i.ReadBuff)
    ReadBuff                                 0x0800501d   Thumb Code    68  uartprotocol.o(i.ReadBuff)
    i.ReadByte                               0x0800506c   Section        0  uartprotocol.o(i.ReadByte)
    ReadByte                                 0x0800506d   Thumb Code    38  uartprotocol.o(i.ReadByte)
    i.ReadDWord                              0x080050a0   Section        0  uartprotocol.o(i.ReadDWord)
    ReadDWord                                0x080050a1   Thumb Code   106  uartprotocol.o(i.ReadDWord)
    i.ReadWord                               0x08005118   Section        0  uartprotocol.o(i.ReadWord)
    ReadWord                                 0x08005119   Thumb Code    68  uartprotocol.o(i.ReadWord)
    i.RegisterCmdEvent                       0x08005168   Section        0  uartprotocol.o(i.RegisterCmdEvent)
    i.ScannCmd                               0x08005174   Section        0  wifi.o(i.ScannCmd)
    ScannCmd                                 0x08005175   Thumb Code    22  wifi.o(i.ScannCmd)
    i.ScannStart                             0x080051a0   Section        0  wifi.o(i.ScannStart)
    ScannStart                               0x080051a1   Thumb Code    20  wifi.o(i.ScannStart)
    i.SendCmdPack                            0x080051c0   Section        0  uartprotocol.o(i.SendCmdPack)
    i.SendMeIPEvent                          0x08005204   Section        0  wifi.o(i.SendMeIPEvent)
    i.SendPack                               0x0800526c   Section        0  uartprotocol.o(i.SendPack)
    i.SetDataEvent                           0x080052d0   Section        0  main.o(i.SetDataEvent)
    i.SetDelay                               0x08005300   Section        0  timer.o(i.SetDelay)
    i.SetTimer                               0x08005318   Section        0  timer.o(i.SetTimer)
    i.Setoffset                              0x08005378   Section        0  uartprotocol.o(i.Setoffset)
    Setoffset                                0x08005379   Thumb Code    20  uartprotocol.o(i.Setoffset)
    i.Stm32_Clock_Init                       0x08005390   Section        0  sys.o(i.Stm32_Clock_Init)
    i.SysTick_Handler                        0x0800541c   Section        0  timer.o(i.SysTick_Handler)
    i.TIM3CapInit                            0x08005464   Section        0  wave.o(i.TIM3CapInit)
    i.TIM3_IRQHandler                        0x08005574   Section        0  wave.o(i.TIM3_IRQHandler)
    i.TimerRun                               0x080056e4   Section        0  timer.o(i.TimerRun)
    i.UART_Init                              0x080057b8   Section        0  uart.o(i.UART_Init)
    i.UART_OnRecv                            0x08005880   Section        0  uart.o(i.UART_OnRecv)
    i.UART_ReSetBps                          0x0800588c   Section        0  uart.o(i.UART_ReSetBps)
    i.UART_SendByte                          0x080058ec   Section        0  uart.o(i.UART_SendByte)
    i.UART_SendString                        0x08005904   Section        0  uart.o(i.UART_SendString)
    i.USART1_IRQHandler                      0x0800591c   Section        0  uart.o(i.USART1_IRQHandler)
    i.UartCmd                                0x0800593c   Section        0  uartprotocol.o(i.UartCmd)
    i.UnRegisterCmdEvent                     0x080059e8   Section        0  uartprotocol.o(i.UnRegisterCmdEvent)
    i.WaveInit                               0x08005a14   Section        0  wave.o(i.WaveInit)
    i.WriteBuff                              0x08005a74   Section        0  uartprotocol.o(i.WriteBuff)
    WriteBuff                                0x08005a75   Thumb Code    62  uartprotocol.o(i.WriteBuff)
    i.WriteByte                              0x08005ac0   Section        0  uartprotocol.o(i.WriteByte)
    WriteByte                                0x08005ac1   Thumb Code    38  uartprotocol.o(i.WriteByte)
    i.WriteDWord                             0x08005af0   Section        0  uartprotocol.o(i.WriteDWord)
    WriteDWord                               0x08005af1   Thumb Code   102  uartprotocol.o(i.WriteDWord)
    i.WriteWord                              0x08005b60   Section        0  uartprotocol.o(i.WriteWord)
    WriteWord                                0x08005b61   Thumb Code    62  uartprotocol.o(i.WriteWord)
    i.Writestr                               0x08005ba8   Section        0  uartprotocol.o(i.Writestr)
    Writestr                                 0x08005ba9   Thumb Code    48  uartprotocol.o(i.Writestr)
    i.ZeroDelay                              0x08005be4   Section        0  timer.o(i.ZeroDelay)
    i.__0sprintf$8                           0x08005c00   Section        0  printf8.o(i.__0sprintf$8)
    i.__aeabi_errno_addr                     0x08005c28   Section        0  errno.o(i.__aeabi_errno_addr)
    i.__scatterload_copy                     0x08005c30   Section       14  handlers.o(i.__scatterload_copy)
    i.__scatterload_null                     0x08005c3e   Section        2  handlers.o(i.__scatterload_null)
    i.__scatterload_zeroinit                 0x08005c40   Section       14  handlers.o(i.__scatterload_zeroinit)
    i._printf_core                           0x08005c50   Section        0  printf8.o(i._printf_core)
    _printf_core                             0x08005c51   Thumb Code   988  printf8.o(i._printf_core)
    i._printf_post_padding                   0x08006058   Section        0  printf8.o(i._printf_post_padding)
    _printf_post_padding                     0x08006059   Thumb Code    38  printf8.o(i._printf_post_padding)
    i._printf_pre_padding                    0x0800607e   Section        0  printf8.o(i._printf_pre_padding)
    _printf_pre_padding                      0x0800607f   Thumb Code    48  printf8.o(i._printf_pre_padding)
    i._sputc                                 0x080060ae   Section        0  printf8.o(i._sputc)
    _sputc                                   0x080060af   Thumb Code    10  printf8.o(i._sputc)
    i.aack                                   0x080060b8   Section        0  uartprotocol.o(i.aack)
    i.ackpack                                0x080060c4   Section        0  uartprotocol.o(i.ackpack)
    i.adcTask                                0x080060ec   Section        0  main.o(i.adcTask)
    i.delay_init                             0x08006208   Section        0  delay.o(i.delay_init)
    i.delay_ms                               0x08006228   Section        0  delay.o(i.delay_ms)
    i.delay_us                               0x08006240   Section        0  delay.o(i.delay_us)
    i.free                                   0x08006288   Section        0  malloc.o(i.free)
    i.getData                                0x080062d8   Section        0  wifi.o(i.getData)
    getData                                  0x080062d9   Thumb Code   148  wifi.o(i.getData)
    i.getDataTask                            0x08006388   Section        0  main.o(i.getDataTask)
    i.getIPIDServing                         0x08006398   Section        0  wifi.o(i.getIPIDServing)
    i.getbuff                                0x080063a0   Section        0  uartprotocol.o(i.getbuff)
    getbuff                                  0x080063a1   Thumb Code    12  uartprotocol.o(i.getbuff)
    i.getcmd                                 0x080063b4   Section        0  uartprotocol.o(i.getcmd)
    getcmd                                   0x080063b5   Thumb Code     6  uartprotocol.o(i.getcmd)
    i.getlen                                 0x080063c0   Section        0  uartprotocol.o(i.getlen)
    getlen                                   0x080063c1   Thumb Code     6  uartprotocol.o(i.getlen)
    i.getsendbuff                            0x080063cc   Section        0  uartprotocol.o(i.getsendbuff)
    getsendbuff                              0x080063cd   Thumb Code    12  uartprotocol.o(i.getsendbuff)
    i.isLink                                 0x080063e0   Section        0  uartprotocol.o(i.isLink)
    i.isUse                                  0x080063f4   Section        0  timer.o(i.isUse)
    i.keyTask                                0x08006410   Section        0  main.o(i.keyTask)
    i.main                                   0x080064a4   Section        0  main.o(i.main)
    i.malloc                                 0x08006658   Section        0  malloc.o(i.malloc)
    i.noack                                  0x080066c4   Section        0  uartprotocol.o(i.noack)
    i.sendServing                            0x080066d4   Section        0  wifi.o(i.sendServing)
    i.sendackpacket                          0x08006874   Section        0  uartprotocol.o(i.sendackpacket)
    i.setData                                0x08006898   Section        0  wifi.o(i.setData)
    setData                                  0x08006899   Thumb Code   212  wifi.o(i.setData)
    i.showRefresh                            0x08006988   Section        0  main.o(i.showRefresh)
    .constdata                               0x080069d0   Section     2660  ili93xx.o(.constdata)
    .constdata                               0x08007434   Section      100  uartprotocol.o(.constdata)
    UD                                       0x08007434   Data          64  uartprotocol.o(.constdata)
    .constdata                               0x08007498   Section       20  uart.o(.constdata)
    .constdata                               0x080074ac   Section       40  timer.o(.constdata)
    .constdata                               0x080074d4   Section       52  wifi.o(.constdata)
    .constdata                               0x08007508   Section      129  ctype_o.o(.constdata)
    .constdata                               0x0800758c   Section        4  ctype_o.o(.constdata)
    table                                    0x0800758c   Data           4  ctype_o.o(.constdata)
    .data                                    0x20000000   Section        6  main.o(.data)
    lastDIR                                  0x20000005   Data           1  main.o(.data)
    .data                                    0x20000006   Section        6  wave.o(.data)
    .data                                    0x2000000c   Section        4  delay.o(.data)
    fac_us                                   0x2000000c   Data           1  delay.o(.data)
    fac_ms                                   0x2000000e   Data           2  delay.o(.data)
    .data                                    0x20000010   Section        4  ili93xx.o(.data)
    .data                                    0x20000014   Section        1  key.o(.data)
    key_up                                   0x20000014   Data           1  key.o(.data)
    .data                                    0x20000018   Section       30  uartprotocol.o(.data)
    count                                    0x20000024   Data           2  uartprotocol.o(.data)
    .data                                    0x20000038   Section        8  uart.o(.data)
    f                                        0x2000003c   Data           4  uart.o(.data)
    .data                                    0x20000040   Section       12  timer.o(.data)
    BIT                                      0x20000044   Data           1  timer.o(.data)
    .data                                    0x2000004c   Section       40  wifi.o(.data)
    .data                                    0x20000074   Section        4  mvars.o(.data)
    .data                                    0x20000078   Section        4  mvars.o(.data)
    .data                                    0x2000007c   Section        4  errno.o(.data)
    _errno                                   0x2000007c   Data           4  errno.o(.data)
    .bss                                     0x20000080   Section       14  ili93xx.o(.bss)
    .bss                                     0x20000090   Section      192  uartprotocol.o(.bss)
    .bss                                     0x20000150   Section       96  timer.o(.bss)
    .bss                                     0x200001b0   Section      584  wifi.o(.bss)
    HEAP                                     0x200003f8   Section      256  startup_stm32f10x_md.o(HEAP)
    STACK                                    0x200004f8   Section     2048  startup_stm32f10x_md.o(STACK)

    Global Symbols

    Symbol Name                              Value     Ov Type        Size  Object(Section)

    BuildAttributes$$THM_ISAv4$P$D$K$B$S$PE$A:L22UL41UL21$X:L11$S22US41US21$IEEE1$IW$USESV6$~STKCKD$USESV7$~SHL$OTIME$ROPI$IEEEX$EBA8$MICROLIB$REQ8$EABIv2 0x00000000   Number         0  anon$$obj.o ABSOLUTE
    __ARM_use_no_argv                        0x00000000   Number         0  main.o ABSOLUTE
    _printf_a                                0x00000000   Number         0  stubs.o ABSOLUTE
    _printf_c                                0x00000000   Number         0  stubs.o ABSOLUTE
    _printf_charcount                        0x00000000   Number         0  stubs.o ABSOLUTE
    _printf_d                                0x00000000   Number         0  stubs.o ABSOLUTE
    _printf_e                                0x00000000   Number         0  stubs.o ABSOLUTE
    _printf_f                                0x00000000   Number         0  stubs.o ABSOLUTE
    _printf_flags                            0x00000000   Number         0  stubs.o ABSOLUTE
    _printf_fp_dec                           0x00000000   Number         0  stubs.o ABSOLUTE
    _printf_fp_hex                           0x00000000   Number         0  stubs.o ABSOLUTE
    _printf_g                                0x00000000   Number         0  stubs.o ABSOLUTE
    _printf_i                                0x00000000   Number         0  stubs.o ABSOLUTE
    _printf_int_dec                          0x00000000   Number         0  stubs.o ABSOLUTE
    _printf_l                                0x00000000   Number         0  stubs.o ABSOLUTE
    _printf_lc                               0x00000000   Number         0  stubs.o ABSOLUTE
    _printf_ll                               0x00000000   Number         0  stubs.o ABSOLUTE
    _printf_lld                              0x00000000   Number         0  stubs.o ABSOLUTE
    _printf_lli                              0x00000000   Number         0  stubs.o ABSOLUTE
    _printf_llo                              0x00000000   Number         0  stubs.o ABSOLUTE
    _printf_llu                              0x00000000   Number         0  stubs.o ABSOLUTE
    _printf_llx                              0x00000000   Number         0  stubs.o ABSOLUTE
    _printf_longlong_dec                     0x00000000   Number         0  stubs.o ABSOLUTE
    _printf_longlong_hex                     0x00000000   Number         0  stubs.o ABSOLUTE
    _printf_longlong_oct                     0x00000000   Number         0  stubs.o ABSOLUTE
    _printf_ls                               0x00000000   Number         0  stubs.o ABSOLUTE
    _printf_mbtowc                           0x00000000   Number         0  stubs.o ABSOLUTE
    _printf_n                                0x00000000   Number         0  stubs.o ABSOLUTE
    _printf_o                                0x00000000   Number         0  stubs.o ABSOLUTE
    _printf_p                                0x00000000   Number         0  stubs.o ABSOLUTE
    _printf_percent                          0x00000000   Number         0  stubs.o ABSOLUTE
    _printf_pre_padding                      0x00000000   Number         0  stubs.o ABSOLUTE
    _printf_return_value                     0x00000000   Number         0  stubs.o ABSOLUTE
    _printf_s                                0x00000000   Number         0  stubs.o ABSOLUTE
    _printf_sizespec                         0x00000000   Number         0  stubs.o ABSOLUTE
    _printf_str                              0x00000000   Number         0  stubs.o ABSOLUTE
    _printf_truncate_signed                  0x00000000   Number         0  stubs.o ABSOLUTE
    _printf_truncate_unsigned                0x00000000   Number         0  stubs.o ABSOLUTE
    _printf_u                                0x00000000   Number         0  stubs.o ABSOLUTE
    _printf_wc                               0x00000000   Number         0  stubs.o ABSOLUTE
    _printf_wctomb                           0x00000000   Number         0  stubs.o ABSOLUTE
    _printf_widthprec                        0x00000000   Number         0  stubs.o ABSOLUTE
    _printf_x                                0x00000000   Number         0  stubs.o ABSOLUTE
    __cpp_initialize__aeabi_                  - Undefined Weak Reference
    __cxa_finalize                            - Undefined Weak Reference
    __decompress                              - Undefined Weak Reference
    _clock_init                               - Undefined Weak Reference
    _microlib_exit                            - Undefined Weak Reference
    __Vectors_Size                           0x000000ec   Number         0  startup_stm32f10x_md.o ABSOLUTE
    __Vectors                                0x08000000   Data           4  startup_stm32f10x_md.o(RESET)
    __Vectors_End                            0x080000ec   Data           0  startup_stm32f10x_md.o(RESET)
    __main                                   0x080000ed   Thumb Code     0  entry.o(.ARM.Collect$$$$00000000)
    _main_stk                                0x080000ed   Thumb Code     0  entry2.o(.ARM.Collect$$$$00000001)
    _main_scatterload                        0x080000f1   Thumb Code     0  entry5.o(.ARM.Collect$$$$00000004)
    __main_after_scatterload                 0x080000f5   Thumb Code     0  entry5.o(.ARM.Collect$$$$00000004)
    _main_clock                              0x080000f5   Thumb Code     0  entry7b.o(.ARM.Collect$$$$00000008)
    _main_cpp_init                           0x080000f5   Thumb Code     0  entry8b.o(.ARM.Collect$$$$0000000A)
    _main_init                               0x080000f5   Thumb Code     0  entry9a.o(.ARM.Collect$$$$0000000B)
    __rt_final_cpp                           0x080000fd   Thumb Code     0  entry10a.o(.ARM.Collect$$$$0000000D)
    __rt_final_exit                          0x080000fd   Thumb Code     0  entry11a.o(.ARM.Collect$$$$0000000F)
    GetSP                                    0x08000101   Thumb Code     4  timer.o(.emb_text)
    GetBreakAddr                             0x08000105   Thumb Code    28  timer.o(.emb_text)
    Reset_Handler                            0x08000125   Thumb Code     4  startup_stm32f10x_md.o(.text)
    NMI_Handler                              0x08000129   Thumb Code     2  startup_stm32f10x_md.o(.text)
    HardFault_Handler                        0x0800012b   Thumb Code     2  startup_stm32f10x_md.o(.text)
    MemManage_Handler                        0x0800012d   Thumb Code     2  startup_stm32f10x_md.o(.text)
    BusFault_Handler                         0x0800012f   Thumb Code     2  startup_stm32f10x_md.o(.text)
    UsageFault_Handler                       0x08000131   Thumb Code     2  startup_stm32f10x_md.o(.text)
    SVC_Handler                              0x08000133   Thumb Code     2  startup_stm32f10x_md.o(.text)
    DebugMon_Handler                         0x08000135   Thumb Code     2  startup_stm32f10x_md.o(.text)
    PendSV_Handler                           0x08000137   Thumb Code     2  startup_stm32f10x_md.o(.text)
    ADC1_2_IRQHandler                        0x0800013b   Thumb Code     0  startup_stm32f10x_md.o(.text)
    CAN1_RX1_IRQHandler                      0x0800013b   Thumb Code     0  startup_stm32f10x_md.o(.text)
    CAN1_SCE_IRQHandler                      0x0800013b   Thumb Code     0  startup_stm32f10x_md.o(.text)
    DMA1_Channel1_IRQHandler                 0x0800013b   Thumb Code     0  startup_stm32f10x_md.o(.text)
    DMA1_Channel2_IRQHandler                 0x0800013b   Thumb Code     0  startup_stm32f10x_md.o(.text)
    DMA1_Channel3_IRQHandler                 0x0800013b   Thumb Code     0  startup_stm32f10x_md.o(.text)
    DMA1_Channel4_IRQHandler                 0x0800013b   Thumb Code     0  startup_stm32f10x_md.o(.text)
    DMA1_Channel5_IRQHandler                 0x0800013b   Thumb Code     0  startup_stm32f10x_md.o(.text)
    DMA1_Channel6_IRQHandler                 0x0800013b   Thumb Code     0  startup_stm32f10x_md.o(.text)
    DMA1_Channel7_IRQHandler                 0x0800013b   Thumb Code     0  startup_stm32f10x_md.o(.text)
    EXTI0_IRQHandler                         0x0800013b   Thumb Code     0  startup_stm32f10x_md.o(.text)
    EXTI15_10_IRQHandler                     0x0800013b   Thumb Code     0  startup_stm32f10x_md.o(.text)
    EXTI1_IRQHandler                         0x0800013b   Thumb Code     0  startup_stm32f10x_md.o(.text)
    EXTI2_IRQHandler                         0x0800013b   Thumb Code     0  startup_stm32f10x_md.o(.text)
    EXTI3_IRQHandler                         0x0800013b   Thumb Code     0  startup_stm32f10x_md.o(.text)
    EXTI4_IRQHandler                         0x0800013b   Thumb Code     0  startup_stm32f10x_md.o(.text)
    EXTI9_5_IRQHandler                       0x0800013b   Thumb Code     0  startup_stm32f10x_md.o(.text)
    FLASH_IRQHandler                         0x0800013b   Thumb Code     0  startup_stm32f10x_md.o(.text)
    I2C1_ER_IRQHandler                       0x0800013b   Thumb Code     0  startup_stm32f10x_md.o(.text)
    I2C1_EV_IRQHandler                       0x0800013b   Thumb Code     0  startup_stm32f10x_md.o(.text)
    I2C2_ER_IRQHandler                       0x0800013b   Thumb Code     0  startup_stm32f10x_md.o(.text)
    I2C2_EV_IRQHandler                       0x0800013b   Thumb Code     0  startup_stm32f10x_md.o(.text)
    PVD_IRQHandler                           0x0800013b   Thumb Code     0  startup_stm32f10x_md.o(.text)
    RCC_IRQHandler                           0x0800013b   Thumb Code     0  startup_stm32f10x_md.o(.text)
    RTCAlarm_IRQHandler                      0x0800013b   Thumb Code     0  startup_stm32f10x_md.o(.text)
    RTC_IRQHandler                           0x0800013b   Thumb Code     0  startup_stm32f10x_md.o(.text)
    SPI1_IRQHandler                          0x0800013b   Thumb Code     0  startup_stm32f10x_md.o(.text)
    SPI2_IRQHandler                          0x0800013b   Thumb Code     0  startup_stm32f10x_md.o(.text)
    TAMPER_IRQHandler                        0x0800013b   Thumb Code     0  startup_stm32f10x_md.o(.text)
    TIM1_BRK_IRQHandler                      0x0800013b   Thumb Code     0  startup_stm32f10x_md.o(.text)
    TIM1_CC_IRQHandler                       0x0800013b   Thumb Code     0  startup_stm32f10x_md.o(.text)
    TIM1_TRG_COM_IRQHandler                  0x0800013b   Thumb Code     0  startup_stm32f10x_md.o(.text)
    TIM1_UP_IRQHandler                       0x0800013b   Thumb Code     0  startup_stm32f10x_md.o(.text)
    TIM2_IRQHandler                          0x0800013b   Thumb Code     0  startup_stm32f10x_md.o(.text)
    TIM4_IRQHandler                          0x0800013b   Thumb Code     0  startup_stm32f10x_md.o(.text)
    USART2_IRQHandler                        0x0800013b   Thumb Code     0  startup_stm32f10x_md.o(.text)
    USART3_IRQHandler                        0x0800013b   Thumb Code     0  startup_stm32f10x_md.o(.text)
    USBWakeUp_IRQHandler                     0x0800013b   Thumb Code     0  startup_stm32f10x_md.o(.text)
    USB_HP_CAN1_TX_IRQHandler                0x0800013b   Thumb Code     0  startup_stm32f10x_md.o(.text)
    USB_LP_CAN1_RX0_IRQHandler               0x0800013b   Thumb Code     0  startup_stm32f10x_md.o(.text)
    WWDG_IRQHandler                          0x0800013b   Thumb Code     0  startup_stm32f10x_md.o(.text)
    __aeabi_memset                           0x08000141   Thumb Code    14  memseta.o(.text)
    __aeabi_memset4                          0x08000141   Thumb Code     0  memseta.o(.text)
    __aeabi_memset8                          0x08000141   Thumb Code     0  memseta.o(.text)
    __aeabi_memclr                           0x0800014f   Thumb Code     4  memseta.o(.text)
    __aeabi_memclr4                          0x0800014f   Thumb Code     0  memseta.o(.text)
    __aeabi_memclr8                          0x0800014f   Thumb Code     0  memseta.o(.text)
    _memset$wrapper                          0x08000153   Thumb Code    18  memseta.o(.text)
    strcat                                   0x08000165   Thumb Code    24  strcat.o(.text)
    strstr                                   0x0800017d   Thumb Code    36  strstr.o(.text)
    atoi                                     0x080001a1   Thumb Code    26  atoi.o(.text)
    __aeabi_uldivmod                         0x080001bb   Thumb Code    98  uldiv.o(.text)
    __aeabi_llsl                             0x0800021d   Thumb Code    30  llshl.o(.text)
    _ll_shift_l                              0x0800021d   Thumb Code     0  llshl.o(.text)
    __aeabi_llsr                             0x0800023b   Thumb Code    32  llushr.o(.text)
    _ll_ushift_r                             0x0800023b   Thumb Code     0  llushr.o(.text)
    strtol                                   0x0800025b   Thumb Code   112  strtol.o(.text)
    __scatterload                            0x080002cd   Thumb Code    28  init.o(.text)
    __scatterload_rt2                        0x080002cd   Thumb Code     0  init.o(.text)
    __rt_ctype_table                         0x080002f1   Thumb Code     4  ctype_o.o(.text)
    _strtoul                                 0x080002f9   Thumb Code   158  _strtoul.o(.text)
    _chval                                   0x08000397   Thumb Code    28  _chval.o(.text)
    Adc_Init                                 0x080003b5   Thumb Code   276  adc.o(i.Adc_Init)
    AddDelay                                 0x080004d9   Thumb Code    36  timer.o(i.AddDelay)
    AliveEvent                               0x08000505   Thumb Code   358  wifi.o(i.AliveEvent)
    CallFun                                  0x08000685   Thumb Code     8  timer.o(i.CallFun)
    DeErrEvent                               0x08000781   Thumb Code   382  wifi.o(i.DeErrEvent)
    Delay                                    0x0800091d   Thumb Code    58  timer.o(i.Delay)
    GetDataEvent                             0x08000961   Thumb Code   118  main.o(i.GetDataEvent)
    Get_Adc                                  0x08000a49   Thumb Code    62  adc.o(i.Get_Adc)
    InitTimer                                0x08000add   Thumb Code    44  timer.o(i.InitTimer)
    KEY_Init                                 0x08000b09   Thumb Code    86  key.o(i.KEY_Init)
    KEY_Scan                                 0x08000b75   Thumb Code   138  key.o(i.KEY_Scan)
    KillThisTimer                            0x08000c15   Thumb Code    34  timer.o(i.KillThisTimer)
    KillTimer                                0x08000c41   Thumb Code    32  timer.o(i.KillTimer)
    LCD_Clear                                0x08000c65   Thumb Code   100  ili93xx.o(i.LCD_Clear)
    LCD_Display_Dir                          0x08000cd1   Thumb Code   364  ili93xx.o(i.LCD_Display_Dir)
    LCD_DrawPoint                            0x08000e41   Thumb Code    28  ili93xx.o(i.LCD_DrawPoint)
    LCD_Fill                                 0x08000e65   Thumb Code   178  ili93xx.o(i.LCD_Fill)
    LCD_Init                                 0x08000f1d   Thumb Code 14150  ili93xx.o(i.LCD_Init)
    LCD_Pow                                  0x0800466d   Thumb Code    22  ili93xx.o(i.LCD_Pow)
    LCD_RD_DATA                              0x08004685   Thumb Code    14  ili93xx.o(i.LCD_RD_DATA)
    LCD_ReadReg                              0x08004699   Thumb Code    22  ili93xx.o(i.LCD_ReadReg)
    LCD_Scan_Dir                             0x080046b1   Thumb Code   678  ili93xx.o(i.LCD_Scan_Dir)
    LCD_SetCursor                            0x0800495d   Thumb Code   262  ili93xx.o(i.LCD_SetCursor)
    LCD_ShowChar                             0x08004a69   Thumb Code   340  ili93xx.o(i.LCD_ShowChar)
    LCD_ShowNum                              0x08004bd1   Thumb Code   148  ili93xx.o(i.LCD_ShowNum)
    LCD_ShowString                           0x08004c65   Thumb Code   102  ili93xx.o(i.LCD_ShowString)
    LCD_WR_DATA                              0x08004ccd   Thumb Code    18  ili93xx.o(i.LCD_WR_DATA)
    LCD_WR_REG                               0x08004ce5   Thumb Code    18  ili93xx.o(i.LCD_WR_REG)
    LCD_WriteRAM_Prepare                     0x08004cfd   Thumb Code    10  ili93xx.o(i.LCD_WriteRAM_Prepare)
    LCD_WriteReg                             0x08004d11   Thumb Code    20  ili93xx.o(i.LCD_WriteReg)
    LED_Init                                 0x08004d29   Thumb Code   100  led.o(i.LED_Init)
    MYRCC_DeInit                             0x08004d99   Thumb Code    90  sys.o(i.MYRCC_DeInit)
    MY_NVIC_Init                             0x08004e01   Thumb Code   116  sys.o(i.MY_NVIC_Init)
    MY_NVIC_PriorityGroupConfig              0x08004e81   Thumb Code    32  sys.o(i.MY_NVIC_PriorityGroupConfig)
    MY_NVIC_SetVectorTable                   0x08004ea9   Thumb Code    12  sys.o(i.MY_NVIC_SetVectorTable)
    OnRecvData                               0x08004ebd   Thumb Code   320  uartprotocol.o(i.OnRecvData)
    RegisterCmdEvent                         0x08005169   Thumb Code     8  uartprotocol.o(i.RegisterCmdEvent)
    SendCmdPack                              0x080051c1   Thumb Code    62  uartprotocol.o(i.SendCmdPack)
    SendMeIPEvent                            0x08005205   Thumb Code    74  wifi.o(i.SendMeIPEvent)
    SendPack                                 0x0800526d   Thumb Code    94  uartprotocol.o(i.SendPack)
    SetDataEvent                             0x080052d1   Thumb Code    36  main.o(i.SetDataEvent)
    SetDelay                                 0x08005301   Thumb Code    16  timer.o(i.SetDelay)
    SetTimer                                 0x08005319   Thumb Code    86  timer.o(i.SetTimer)
    Stm32_Clock_Init                         0x08005391   Thumb Code   130  sys.o(i.Stm32_Clock_Init)
    SysTick_Handler                          0x0800541d   Thumb Code    62  timer.o(i.SysTick_Handler)
    TIM3CapInit                              0x08005465   Thumb Code   260  wave.o(i.TIM3CapInit)
    TIM3_IRQHandler                          0x08005575   Thumb Code   348  wave.o(i.TIM3_IRQHandler)
    TimerRun                                 0x080056e5   Thumb Code   190  timer.o(i.TimerRun)
    UART_Init                                0x080057b9   Thumb Code   166  uart.o(i.UART_Init)
    UART_OnRecv                              0x08005881   Thumb Code     6  uart.o(i.UART_OnRecv)
    UART_ReSetBps                            0x0800588d   Thumb Code    86  uart.o(i.UART_ReSetBps)
    UART_SendByte                            0x080058ed   Thumb Code    20  uart.o(i.UART_SendByte)
    UART_SendString                          0x08005905   Thumb Code    22  uart.o(i.UART_SendString)
    USART1_IRQHandler                        0x0800591d   Thumb Code    24  uart.o(i.USART1_IRQHandler)
    UartCmd                                  0x0800593d   Thumb Code   136  uartprotocol.o(i.UartCmd)
    UnRegisterCmdEvent                       0x080059e9   Thumb Code    38  uartprotocol.o(i.UnRegisterCmdEvent)
    WaveInit                                 0x08005a15   Thumb Code    78  wave.o(i.WaveInit)
    ZeroDelay                                0x08005be5   Thumb Code    20  timer.o(i.ZeroDelay)
    __0sprintf$8                             0x08005c01   Thumb Code    34  printf8.o(i.__0sprintf$8)
    __1sprintf$8                             0x08005c01   Thumb Code     0  printf8.o(i.__0sprintf$8)
    __2sprintf                               0x08005c01   Thumb Code     0  printf8.o(i.__0sprintf$8)
    __aeabi_errno_addr                       0x08005c29   Thumb Code     4  errno.o(i.__aeabi_errno_addr)
    __rt_errno_addr                          0x08005c29   Thumb Code     0  errno.o(i.__aeabi_errno_addr)
    __scatterload_copy                       0x08005c31   Thumb Code    14  handlers.o(i.__scatterload_copy)
    __scatterload_null                       0x08005c3f   Thumb Code     2  handlers.o(i.__scatterload_null)
    __scatterload_zeroinit                   0x08005c41   Thumb Code    14  handlers.o(i.__scatterload_zeroinit)
    aack                                     0x080060b9   Thumb Code     6  uartprotocol.o(i.aack)
    ackpack                                  0x080060c5   Thumb Code    30  uartprotocol.o(i.ackpack)
    adcTask                                  0x080060ed   Thumb Code   270  main.o(i.adcTask)
    delay_init                               0x08006209   Thumb Code    24  delay.o(i.delay_init)
    delay_ms                                 0x08006229   Thumb Code    24  delay.o(i.delay_ms)
    delay_us                                 0x08006241   Thumb Code    68  delay.o(i.delay_us)
    free                                     0x08006289   Thumb Code    76  malloc.o(i.free)
    getDataTask                              0x08006389   Thumb Code    12  main.o(i.getDataTask)
    getIPIDServing                           0x08006399   Thumb Code     8  wifi.o(i.getIPIDServing)
    isLink                                   0x080063e1   Thumb Code    14  uartprotocol.o(i.isLink)
    isUse                                    0x080063f5   Thumb Code    22  timer.o(i.isUse)
    keyTask                                  0x08006411   Thumb Code   108  main.o(i.keyTask)
    main                                     0x080064a5   Thumb Code   374  main.o(i.main)
    malloc                                   0x08006659   Thumb Code    92  malloc.o(i.malloc)
    noack                                    0x080066c5   Thumb Code    12  uartprotocol.o(i.noack)
    sendServing                              0x080066d5   Thumb Code   366  wifi.o(i.sendServing)
    sendackpacket                            0x08006875   Thumb Code    28  uartprotocol.o(i.sendackpacket)
    showRefresh                              0x08006989   Thumb Code    58  main.o(i.showRefresh)
    asc2_1206                                0x080069d0   Data        1140  ili93xx.o(.constdata)
    asc2_1608                                0x08006e44   Data        1520  ili93xx.o(.constdata)
    UartProtocol                             0x08007474   Data          36  uartprotocol.o(.constdata)
    UART                                     0x08007498   Data          20  uart.o(.constdata)
    Timer                                    0x080074ac   Data          40  timer.o(.constdata)
    wifi                                     0x080074d4   Data          52  wifi.o(.constdata)
    __ctype_table                            0x08007508   Data         129  ctype_o.o(.constdata)
    Region$$Table$$Base                      0x08007590   Number         0  anon$$obj.o(Region$$Table)
    Region$$Table$$Limit                     0x080075b0   Number         0  anon$$obj.o(Region$$Table)
    adCH1                                    0x20000000   Data           2  main.o(.data)
    adCH2                                    0x20000002   Data           2  main.o(.data)
    DirVal                                   0x20000004   Data           1  main.o(.data)
    TIM3CH3_CAPTURE_STA                      0x20000006   Data           1  wave.o(.data)
    TIM3CH4_CAPTURE_STA                      0x20000007   Data           1  wave.o(.data)
    TIM3CH3_CAPTURE_VAL                      0x20000008   Data           2  wave.o(.data)
    TIM3CH4_CAPTURE_VAL                      0x2000000a   Data           2  wave.o(.data)
    POINT_COLOR                              0x20000010   Data           2  ili93xx.o(.data)
    BACK_COLOR                               0x20000012   Data           2  ili93xx.o(.data)
    packlen                                  0x20000018   Data           2  uartprotocol.o(.data)
    recvmode                                 0x2000001a   Data           1  uartprotocol.o(.data)
    RecvFlag                                 0x2000001b   Data           1  uartprotocol.o(.data)
    RecvCheck                                0x2000001c   Data           1  uartprotocol.o(.data)
    TimeOut                                  0x2000001d   Data           1  uartprotocol.o(.data)
    LinkTimeOut                              0x2000001e   Data           2  uartprotocol.o(.data)
    recvcmd                                  0x20000020   Data           1  uartprotocol.o(.data)
    decodeErrlen                             0x20000022   Data           2  uartprotocol.o(.data)
    packbuff                                 0x20000028   Data           4  uartprotocol.o(.data)
    sendbuff                                 0x2000002c   Data           4  uartprotocol.o(.data)
    savecmd                                  0x20000030   Data           1  uartprotocol.o(.data)
    AutoACK                                  0x20000031   Data           1  uartprotocol.o(.data)
    recvdatapos                              0x20000032   Data           2  uartprotocol.o(.data)
    senddatapos                              0x20000034   Data           2  uartprotocol.o(.data)
    OnRecv                                   0x20000038   Data           4  uart.o(.data)
    TimerTick                                0x20000040   Data           4  timer.o(.data)
    this                                     0x20000045   Data           1  timer.o(.data)
    TimerUse                                 0x20000046   Data           1  timer.o(.data)
    InputSP                                  0x20000048   Data           4  timer.o(.data)
    recvID                                   0x2000004c   Data           1  wifi.o(.data)
    retRecvID                                0x2000004d   Data           1  wifi.o(.data)
    recvdatalen                              0x2000004e   Data           6  wifi.o(.data)
    sendID                                   0x20000054   Data           1  wifi.o(.data)
    retSendID                                0x20000055   Data           1  wifi.o(.data)
    senddatalen                              0x20000056   Data           6  wifi.o(.data)
    remoteDevCount                           0x2000005c   Data           1  wifi.o(.data)
    SeleRemoteDev                            0x2000005d   Data           1  wifi.o(.data)
    scannCount                               0x2000005e   Data           1  wifi.o(.data)
    scannBut                                 0x2000005f   Data           1  wifi.o(.data)
    getid                                    0x20000060   Data           1  wifi.o(.data)
    countScann                               0x20000061   Data           1  wifi.o(.data)
    recvarrayid                              0x20000062   Data           3  wifi.o(.data)
    recvdatabit                              0x20000065   Data           3  wifi.o(.data)
    sendarrayid                              0x20000068   Data           4  wifi.o(.data)
    senddatabit                              0x2000006c   Data           3  wifi.o(.data)
    sendIP                                   0x2000006f   Data           4  wifi.o(.data)
    getIPIDid                                0x20000073   Data           1  wifi.o(.data)
    __microlib_freelist                      0x20000074   Data           4  mvars.o(.data)
    __microlib_freelist_initialised          0x20000078   Data           4  mvars.o(.data)
    lcddev                                   0x20000080   Data          14  ili93xx.o(.bss)
    UartCmdEvent                             0x20000090   Data          64  uartprotocol.o(.bss)
    buffdata                                 0x200000d0   Data         128  uartprotocol.o(.bss)
    TimerList                                0x20000150   Data          96  timer.o(.bss)
    recvarraydata                            0x200001b0   Data          12  wifi.o(.bss)
    sendarraydata                            0x200001bc   Data          12  wifi.o(.bss)
    remoteDev                                0x200001c8   Data         512  wifi.o(.bss)
    meDev                                    0x200003c8   Data          32  wifi.o(.bss)
    sendIPstr                                0x200003e8   Data          16  wifi.o(.bss)
    __heap_base                              0x200003f8   Data           0  startup_stm32f10x_md.o(HEAP)
    __heap_limit                             0x200004f8   Data           0  startup_stm32f10x_md.o(HEAP)
    __initial_sp                             0x20000cf8   Data           0  startup_stm32f10x_md.o(STACK)



==============================================================================

Memory Map of the image

  Image Entry point : 0x080000ed

  Load Region LR_IROM1 (Base: 0x08000000, Size: 0x00007630, Max: 0x00010000, ABSOLUTE)

    Execution Region ER_IROM1 (Base: 0x08000000, Size: 0x000075b0, Max: 0x00010000, ABSOLUTE)

    Base Addr    Size         Type   Attr      Idx    E Section Name        Object

    0x08000000   0x000000ec   Data   RO          138    RESET               startup_stm32f10x_md.o
    0x080000ec   0x00000000   Code   RO         1678  * .ARM.Collect$$$$00000000  mc_w.l(entry.o)
    0x080000ec   0x00000004   Code   RO         2039    .ARM.Collect$$$$00000001  mc_w.l(entry2.o)
    0x080000f0   0x00000004   Code   RO         2042    .ARM.Collect$$$$00000004  mc_w.l(entry5.o)
    0x080000f4   0x00000000   Code   RO         2044    .ARM.Collect$$$$00000008  mc_w.l(entry7b.o)
    0x080000f4   0x00000000   Code   RO         2046    .ARM.Collect$$$$0000000A  mc_w.l(entry8b.o)
    0x080000f4   0x00000008   Code   RO         2047    .ARM.Collect$$$$0000000B  mc_w.l(entry9a.o)
    0x080000fc   0x00000000   Code   RO         2049    .ARM.Collect$$$$0000000D  mc_w.l(entry10a.o)
    0x080000fc   0x00000000   Code   RO         2051    .ARM.Collect$$$$0000000F  mc_w.l(entry11a.o)
    0x080000fc   0x00000004   Code   RO         2040    .ARM.Collect$$$$00002712  mc_w.l(entry2.o)
    0x08000100   0x00000024   Code   RO         1472    .emb_text           timer.o
    0x08000124   0x0000001c   Code   RO          139    .text               startup_stm32f10x_md.o
    0x08000140   0x00000024   Code   RO         1683    .text               mc_w.l(memseta.o)
    0x08000164   0x00000018   Code   RO         1685    .text               mc_w.l(strcat.o)
    0x0800017c   0x00000024   Code   RO         1687    .text               mc_w.l(strstr.o)
    0x080001a0   0x0000001a   Code   RO         1980    .text               mc_w.l(atoi.o)
    0x080001ba   0x00000062   Code   RO         2058    .text               mc_w.l(uldiv.o)
    0x0800021c   0x0000001e   Code   RO         2060    .text               mc_w.l(llshl.o)
    0x0800023a   0x00000020   Code   RO         2062    .text               mc_w.l(llushr.o)
    0x0800025a   0x00000070   Code   RO         2079    .text               mc_w.l(strtol.o)
    0x080002ca   0x00000002   PAD
    0x080002cc   0x00000024   Code   RO         2092    .text               mc_w.l(init.o)
    0x080002f0   0x00000008   Code   RO         2095    .text               mc_w.l(ctype_o.o)
    0x080002f8   0x0000009e   Code   RO         2123    .text               mc_w.l(_strtoul.o)
    0x08000396   0x0000001c   Code   RO         2130    .text               mc_w.l(_chval.o)
    0x080003b2   0x00000002   PAD
    0x080003b4   0x00000124   Code   RO         1228    i.Adc_Init          adc.o
    0x080004d8   0x0000002c   Code   RO         1473    i.AddDelay          timer.o
    0x08000504   0x00000180   Code   RO         1562    i.AliveEvent        wifi.o
    0x08000684   0x00000008   Code   RO         1474    i.CallFun           timer.o
    0x0800068c   0x00000044   Code   RO         1563    i.ConnectSend       wifi.o
    0x080006d0   0x000000b0   Code   RO         1564    i.ConnectSendCode   wifi.o
    0x08000780   0x0000019c   Code   RO         1565    i.DeErrEvent        wifi.o
    0x0800091c   0x00000044   Code   RO         1475    i.Delay             timer.o
    0x08000960   0x0000008c   Code   RO            1    i.GetDataEvent      main.o
    0x080009ec   0x0000005c   Code   RO         1566    i.GetIPIDCmd        wifi.o
    0x08000a48   0x00000044   Code   RO         1229    i.Get_Adc           adc.o
    0x08000a8c   0x00000040   Code   RO         1252    i.Init              uartprotocol.o
    0x08000acc   0x00000010   Code   RO         1567    i.Init              wifi.o
    0x08000adc   0x0000002c   Code   RO         1476    i.InitTimer         timer.o
    0x08000b08   0x0000006c   Code   RO         1206    i.KEY_Init          key.o
    0x08000b74   0x000000a0   Code   RO         1207    i.KEY_Scan          key.o
    0x08000c14   0x0000002c   Code   RO         1477    i.KillThisTimer     timer.o
    0x08000c40   0x00000024   Code   RO         1478    i.KillTimer         timer.o
    0x08000c64   0x0000006c   Code   RO          315    i.LCD_Clear         ili93xx.o
    0x08000cd0   0x00000170   Code   RO          319    i.LCD_Display_Dir   ili93xx.o
    0x08000e40   0x00000024   Code   RO          321    i.LCD_DrawPoint     ili93xx.o
    0x08000e64   0x000000b8   Code   RO          325    i.LCD_Fill          ili93xx.o
    0x08000f1c   0x00003750   Code   RO          326    i.LCD_Init          ili93xx.o
    0x0800466c   0x00000016   Code   RO          327    i.LCD_Pow           ili93xx.o
    0x08004682   0x00000002   PAD
    0x08004684   0x00000014   Code   RO          328    i.LCD_RD_DATA       ili93xx.o
    0x08004698   0x00000016   Code   RO          330    i.LCD_ReadReg       ili93xx.o
    0x080046ae   0x00000002   PAD
    0x080046b0   0x000002ac   Code   RO          331    i.LCD_Scan_Dir      ili93xx.o
    0x0800495c   0x0000010c   Code   RO          332    i.LCD_SetCursor     ili93xx.o
    0x08004a68   0x00000168   Code   RO          334    i.LCD_ShowChar      ili93xx.o
    0x08004bd0   0x00000094   Code   RO          335    i.LCD_ShowNum       ili93xx.o
    0x08004c64   0x00000066   Code   RO          336    i.LCD_ShowString    ili93xx.o
    0x08004cca   0x00000002   PAD
    0x08004ccc   0x00000018   Code   RO          338    i.LCD_WR_DATA       ili93xx.o
    0x08004ce4   0x00000018   Code   RO          339    i.LCD_WR_REG        ili93xx.o
    0x08004cfc   0x00000014   Code   RO          341    i.LCD_WriteRAM_Prepare  ili93xx.o
    0x08004d10   0x00000018   Code   RO          342    i.LCD_WriteReg      ili93xx.o
    0x08004d28   0x00000070   Code   RO          144    i.LED_Init          led.o
    0x08004d98   0x00000068   Code   RO          253    i.MYRCC_DeInit      sys.o
    0x08004e00   0x00000080   Code   RO          254    i.MY_NVIC_Init      sys.o
    0x08004e80   0x00000028   Code   RO          255    i.MY_NVIC_PriorityGroupConfig  sys.o
    0x08004ea8   0x00000014   Code   RO          256    i.MY_NVIC_SetVectorTable  sys.o
    0x08004ebc   0x00000160   Code   RO         1253    i.OnRecvData        uartprotocol.o
    0x0800501c   0x00000050   Code   RO         1254    i.ReadBuff          uartprotocol.o
    0x0800506c   0x00000034   Code   RO         1255    i.ReadByte          uartprotocol.o
    0x080050a0   0x00000078   Code   RO         1256    i.ReadDWord         uartprotocol.o
    0x08005118   0x00000050   Code   RO         1257    i.ReadWord          uartprotocol.o
    0x08005168   0x0000000c   Code   RO         1258    i.RegisterCmdEvent  uartprotocol.o
    0x08005174   0x0000002c   Code   RO         1568    i.ScannCmd          wifi.o
    0x080051a0   0x00000020   Code   RO         1569    i.ScannStart        wifi.o
    0x080051c0   0x00000044   Code   RO         1259    i.SendCmdPack       uartprotocol.o
    0x08005204   0x00000068   Code   RO         1570    i.SendMeIPEvent     wifi.o
    0x0800526c   0x00000064   Code   RO         1260    i.SendPack          uartprotocol.o
    0x080052d0   0x00000030   Code   RO            2    i.SetDataEvent      main.o
    0x08005300   0x00000018   Code   RO         1479    i.SetDelay          timer.o
    0x08005318   0x00000060   Code   RO         1480    i.SetTimer          timer.o
    0x08005378   0x00000018   Code   RO         1261    i.Setoffset         uartprotocol.o
    0x08005390   0x0000008c   Code   RO          257    i.Stm32_Clock_Init  sys.o
    0x0800541c   0x00000048   Code   RO         1481    i.SysTick_Handler   timer.o
    0x08005464   0x00000110   Code   RO          174    i.TIM3CapInit       wave.o
    0x08005574   0x00000170   Code   RO          175    i.TIM3_IRQHandler   wave.o
    0x080056e4   0x000000d4   Code   RO         1482    i.TimerRun          timer.o
    0x080057b8   0x000000c8   Code   RO         1413    i.UART_Init         uart.o
    0x08005880   0x0000000c   Code   RO         1414    i.UART_OnRecv       uart.o
    0x0800588c   0x00000060   Code   RO         1415    i.UART_ReSetBps     uart.o
    0x080058ec   0x00000018   Code   RO         1416    i.UART_SendByte     uart.o
    0x08005904   0x00000016   Code   RO         1417    i.UART_SendString   uart.o
    0x0800591a   0x00000002   PAD
    0x0800591c   0x00000020   Code   RO         1419    i.USART1_IRQHandler  uart.o
    0x0800593c   0x000000ac   Code   RO         1263    i.UartCmd           uartprotocol.o
    0x080059e8   0x0000002c   Code   RO         1264    i.UnRegisterCmdEvent  uartprotocol.o
    0x08005a14   0x00000060   Code   RO          177    i.WaveInit          wave.o
    0x08005a74   0x0000004c   Code   RO         1265    i.WriteBuff         uartprotocol.o
    0x08005ac0   0x00000030   Code   RO         1266    i.WriteByte         uartprotocol.o
    0x08005af0   0x00000070   Code   RO         1267    i.WriteDWord        uartprotocol.o
    0x08005b60   0x00000048   Code   RO         1268    i.WriteWord         uartprotocol.o
    0x08005ba8   0x0000003c   Code   RO         1269    i.Writestr          uartprotocol.o
    0x08005be4   0x0000001c   Code   RO         1483    i.ZeroDelay         timer.o
    0x08005c00   0x00000028   Code   RO         1900    i.__0sprintf$8      mc_w.l(printf8.o)
    0x08005c28   0x00000008   Code   RO         2072    i.__aeabi_errno_addr  mc_w.l(errno.o)
    0x08005c30   0x0000000e   Code   RO         2134    i.__scatterload_copy  mc_w.l(handlers.o)
    0x08005c3e   0x00000002   Code   RO         2135    i.__scatterload_null  mc_w.l(handlers.o)
    0x08005c40   0x0000000e   Code   RO         2136    i.__scatterload_zeroinit  mc_w.l(handlers.o)
    0x08005c4e   0x00000002   PAD
    0x08005c50   0x00000408   Code   RO         1905    i._printf_core      mc_w.l(printf8.o)
    0x08006058   0x00000026   Code   RO         1906    i._printf_post_padding  mc_w.l(printf8.o)
    0x0800607e   0x00000030   Code   RO         1907    i._printf_pre_padding  mc_w.l(printf8.o)
    0x080060ae   0x0000000a   Code   RO         1909    i._sputc            mc_w.l(printf8.o)
    0x080060b8   0x0000000c   Code   RO         1270    i.aack              uartprotocol.o
    0x080060c4   0x00000028   Code   RO         1271    i.ackpack           uartprotocol.o
    0x080060ec   0x0000011c   Code   RO            3    i.adcTask           main.o
    0x08006208   0x00000020   Code   RO          218    i.delay_init        delay.o
    0x08006228   0x00000018   Code   RO          219    i.delay_ms          delay.o
    0x08006240   0x00000048   Code   RO          221    i.delay_us          delay.o
    0x08006288   0x00000050   Code   RO         1952    i.free              mc_w.l(malloc.o)
    0x080062d8   0x000000b0   Code   RO         1571    i.getData           wifi.o
    0x08006388   0x00000010   Code   RO            4    i.getDataTask       main.o
    0x08006398   0x00000008   Code   RO         1572    i.getIPIDServing    wifi.o
    0x080063a0   0x00000014   Code   RO         1272    i.getbuff           uartprotocol.o
    0x080063b4   0x0000000c   Code   RO         1273    i.getcmd            uartprotocol.o
    0x080063c0   0x0000000c   Code   RO         1274    i.getlen            uartprotocol.o
    0x080063cc   0x00000014   Code   RO         1275    i.getsendbuff       uartprotocol.o
    0x080063e0   0x00000014   Code   RO         1276    i.isLink            uartprotocol.o
    0x080063f4   0x0000001c   Code   RO         1484    i.isUse             timer.o
    0x08006410   0x00000094   Code   RO            5    i.keyTask           main.o
    0x080064a4   0x000001b4   Code   RO            6    i.main              main.o
    0x08006658   0x0000006c   Code   RO         1953    i.malloc            mc_w.l(malloc.o)
    0x080066c4   0x00000010   Code   RO         1277    i.noack             uartprotocol.o
    0x080066d4   0x000001a0   Code   RO         1573    i.sendServing       wifi.o
    0x08006874   0x00000024   Code   RO         1278    i.sendackpacket     uartprotocol.o
    0x08006898   0x000000f0   Code   RO         1574    i.setData           wifi.o
    0x08006988   0x00000048   Code   RO            7    i.showRefresh       main.o
    0x080069d0   0x00000a64   Data   RO          345    .constdata          ili93xx.o
    0x08007434   0x00000064   Data   RO         1280    .constdata          uartprotocol.o
    0x08007498   0x00000014   Data   RO         1420    .constdata          uart.o
    0x080074ac   0x00000028   Data   RO         1486    .constdata          timer.o
    0x080074d4   0x00000034   Data   RO         1576    .constdata          wifi.o
    0x08007508   0x00000081   Data   RO         2096    .constdata          mc_w.l(ctype_o.o)
    0x08007589   0x00000003   PAD
    0x0800758c   0x00000004   Data   RO         2097    .constdata          mc_w.l(ctype_o.o)
    0x08007590   0x00000020   Data   RO         2132    Region$$Table       anon$$obj.o


    Execution Region RW_IRAM1 (Base: 0x20000000, Size: 0x00000cf8, Max: 0x00005000, ABSOLUTE)

    Base Addr    Size         Type   Attr      Idx    E Section Name        Object

    0x20000000   0x00000006   Data   RW            8    .data               main.o
    0x20000006   0x00000006   Data   RW          178    .data               wave.o
    0x2000000c   0x00000004   Data   RW          222    .data               delay.o
    0x20000010   0x00000004   Data   RW          346    .data               ili93xx.o
    0x20000014   0x00000001   Data   RW         1208    .data               key.o
    0x20000015   0x00000003   PAD
    0x20000018   0x0000001e   Data   RW         1281    .data               uartprotocol.o
    0x20000036   0x00000002   PAD
    0x20000038   0x00000008   Data   RW         1421    .data               uart.o
    0x20000040   0x0000000c   Data   RW         1487    .data               timer.o
    0x2000004c   0x00000028   Data   RW         1577    .data               wifi.o
    0x20000074   0x00000004   Data   RW         2070    .data               mc_w.l(mvars.o)
    0x20000078   0x00000004   Data   RW         2071    .data               mc_w.l(mvars.o)
    0x2000007c   0x00000004   Data   RW         2075    .data               mc_w.l(errno.o)
    0x20000080   0x0000000e   Zero   RW          344    .bss                ili93xx.o
    0x2000008e   0x00000002   PAD
    0x20000090   0x000000c0   Zero   RW         1279    .bss                uartprotocol.o
    0x20000150   0x00000060   Zero   RW         1485    .bss                timer.o
    0x200001b0   0x00000248   Zero   RW         1575    .bss                wifi.o
    0x200003f8   0x00000100   Zero   RW          137    HEAP                startup_stm32f10x_md.o
    0x200004f8   0x00000800   Zero   RW          136    STACK               startup_stm32f10x_md.o


==============================================================================

Image component sizes


      Code (inc. data)   RO Data    RW Data    ZI Data      Debug   Object Name

       360         22          0          0          0        913   adc.o
       128         12          0          4          0       1563   delay.o
     16574        180       2660          4         14      20748   ili93xx.o
       268         44          0          1          0        986   key.o
       112         12          0          0          0     202007   led.o
      1144        168          0          6          0     214063   main.o
        28          4        236          0       2304        768   startup_stm32f10x_md.o
       432         52          0          0          0       2552   sys.o
       740        100         40         12         96       7370   timer.o
       386         62         20          8          0      19157   uart.o
      1724        288        100         30        192      14970   uartprotocol.o
       736         50          0          6          0       1925   wave.o
      2168        382         52         40        584       9839   wifi.o

    ----------------------------------------------------------------------
     24808       1376       3140        116       3192     496861   Object Totals
         0          0         32          0          0          0   (incl. Generated)
         8          0          0          5          2          0   (incl. Padding)

    ----------------------------------------------------------------------

      Code (inc. data)   RO Data    RW Data    ZI Data      Debug   Library Member Name

        28          0          0          0          0         68   _chval.o
       158          0          0          0          0         92   _strtoul.o
        26          0          0          0          0         80   atoi.o
         8          4        133          0          0         68   ctype_o.o
         0          0          0          0          0          0   entry.o
         0          0          0          0          0          0   entry10a.o
         0          0          0          0          0          0   entry11a.o
         8          4          0          0          0          0   entry2.o
         4          0          0          0          0          0   entry5.o
         0          0          0          0          0          0   entry7b.o
         0          0          0          0          0          0   entry8b.o
         8          4          0          0          0          0   entry9a.o
         8          4          0          4          0         68   errno.o
        30          0          0          0          0          0   handlers.o
        36          8          0          0          0         68   init.o
        30          0          0          0          0         68   llshl.o
        32          0          0          0          0         68   llushr.o
       188         20          0          0          0        160   malloc.o
        36          0          0          0          0        108   memseta.o
         0          0          0          8          0          0   mvars.o
      1168         50          0          0          0        420   printf8.o
        24          0          0          0          0         68   strcat.o
        36          0          0          0          0         80   strstr.o
       112          0          0          0          0         88   strtol.o
        98          0          0          0          0         92   uldiv.o

    ----------------------------------------------------------------------
      2044         94        136         12          0       1596   Library Totals
         6          0          3          0          0          0   (incl. Padding)

    ----------------------------------------------------------------------

      Code (inc. data)   RO Data    RW Data    ZI Data      Debug   Library Name

      2038         94        133         12          0       1596   mc_w.l

    ----------------------------------------------------------------------
      2044         94        136         12          0       1596   Library Totals

    ----------------------------------------------------------------------

==============================================================================


      Code (inc. data)   RO Data    RW Data    ZI Data      Debug   

     26852       1470       3276        128       3192     492789   Grand Totals
     26852       1470       3276        128       3192     492789   ELF Image Totals
     26852       1470       3276        128          0          0   ROM Totals

==============================================================================

    Total RO  Size (Code + RO Data)                30128 (  29.42kB)
    Total RW  Size (RW Data + ZI Data)              3320 (   3.24kB)
    Total ROM Size (Code + RO Data + RW Data)      30256 (  29.55kB)

==============================================================================

